---
http_interactions:
- request:
    method: get
    uri: http://devstack.openstack.stack:35357/v3/services
    body:
      encoding: US-ASCII
      string: ''
    headers:
      User-Agent:
      - fog/1.31.0 fog-core/1.31.1
      Content-Type:
      - application/json
      Accept:
      - application/json
      X-Auth-Token:
      - 0c4458de5ba5446885c65b1dedfb2404
  response:
    status:
      code: 200
      message: ''
    headers:
      Date:
      - Tue, 23 Jun 2015 15:09:40 GMT
      Server:
      - Apache/2.4.7 (Ubuntu)
      Vary:
      - X-Auth-Token
      X-Openstack-Request-Id:
      - req-03e92c7a-71ee-4975-a1d3-d5b9413e549b
      Content-Length:
      - '1992'
      Content-Type:
      - application/json
    body:
      encoding: US-ASCII
      string: ! '{"services": [{"name": "glance", "links": {"self": "http://devstack.openstack.stack:35357/v3/services/0d56500210a24c38a3702b6825e24164"},
        "enabled": true, "type": "image", "id": "0d56500210a24c38a3702b6825e24164",
        "description": "Glance Image Service"}, {"name": "cinderv2", "links": {"self":
        "http://devstack.openstack.stack:35357/v3/services/2b92e79c45254516932c633229cd0e8b"},
        "enabled": true, "type": "volumev2", "id": "2b92e79c45254516932c633229cd0e8b",
        "description": "Cinder Volume Service V2"}, {"name": "ec2", "links": {"self":
        "http://devstack.openstack.stack:35357/v3/services/3364a7b95c664bf89a7a8db081576364"},
        "enabled": true, "type": "ec2", "id": "3364a7b95c664bf89a7a8db081576364",
        "description": "EC2 Compatibility Layer"}, {"name": "cinder", "links": {"self":
        "http://devstack.openstack.stack:35357/v3/services/511b94ce0482484ea09028091dd5e9a5"},
        "enabled": true, "type": "volume", "id": "511b94ce0482484ea09028091dd5e9a5",
        "description": "Cinder Volume Service"}, {"name": "nova", "links": {"self":
        "http://devstack.openstack.stack:35357/v3/services/5b7028751ed045d79467c7845ecb8c58"},
        "enabled": true, "type": "compute", "id": "5b7028751ed045d79467c7845ecb8c58",
        "description": "Nova Compute Service"}, {"name": "novav21", "links": {"self":
        "http://devstack.openstack.stack:35357/v3/services/97e665cbada043718180c5a6316df76a"},
        "enabled": true, "type": "computev21", "id": "97e665cbada043718180c5a6316df76a",
        "description": "Nova Compute Service V2.1"}, {"name": "keystone_v3x", "links":
        {"self": "http://devstack.openstack.stack:35357/v3/services/b577d8f7c7074d04a1165fcca638b600"},
        "enabled": true, "type": "identity", "id": "b577d8f7c7074d04a1165fcca638b600",
        "description": "OpenStack Identity v3 x"}, {"name": "keystone_v3", "links":
        {"self": "http://devstack.openstack.stack:35357/v3/services/cd9002bbadfe495d81b5ee4c50768009"},
        "enabled": true, "type": "identity_v3", "id": "cd9002bbadfe495d81b5ee4c50768009",
        "description": "OpenStack Identity v3"}], "links": {"self": "http://devstack.openstack.stack:35357/v3/services",
        "previous": null, "next": null}}'
    http_version: 
  recorded_at: Tue, 23 Jun 2015 15:09:41 GMT
- request:
    method: get
    uri: http://devstack.openstack.stack:35357/v3/endpoints
    body:
      encoding: US-ASCII
      string: ''
    headers:
      User-Agent:
      - fog/1.31.0 fog-core/1.31.1
      Content-Type:
      - application/json
      Accept:
      - application/json
      X-Auth-Token:
      - 0c4458de5ba5446885c65b1dedfb2404
  response:
    status:
      code: 200
      message: ''
    headers:
      Date:
      - Tue, 23 Jun 2015 15:09:40 GMT
      Server:
      - Apache/2.4.7 (Ubuntu)
      Vary:
      - X-Auth-Token
      X-Openstack-Request-Id:
      - req-2c6e7a18-cece-47f5-99e7-199eedadfc08
      Content-Length:
      - '8876'
      Content-Type:
      - application/json
    body:
      encoding: US-ASCII
      string: ! '{"endpoints": [{"region_id": "RegionOne", "links": {"self": "http://devstack.openstack.stack:35357/v3/endpoints/185eda94de9340e58245062f75d7f80e"},
        "url": "http://devstack.openstack.stack:35357/v3", "region": "RegionOne", "enabled":
        true, "interface": "admin", "service_id": "b577d8f7c7074d04a1165fcca638b600",
        "id": "185eda94de9340e58245062f75d7f80e"}, {"region_id": "RegionOne", "links":
        {"self": "http://devstack.openstack.stack:35357/v3/endpoints/1ce26a6fffd0424bac135b9c68055b6e"},
        "url": "http://devstack.openstack.stack:8773/", "region": "RegionOne", "enabled": true,
        "interface": "admin", "service_id": "3364a7b95c664bf89a7a8db081576364", "id":
        "1ce26a6fffd0424bac135b9c68055b6e"}, {"region_id": "RegionOne", "links": {"self":
        "http://devstack.openstack.stack:35357/v3/endpoints/261aaf6239bb49a4a1cfa87c19859138"},
        "url": "http://devstack.openstack.stack:8776/v2/$(tenant_id)s", "region": "RegionOne",
        "enabled": true, "interface": "internal", "service_id": "2b92e79c45254516932c633229cd0e8b",
        "id": "261aaf6239bb49a4a1cfa87c19859138"}, {"region_id": "RegionOne", "links":
        {"self": "http://devstack.openstack.stack:35357/v3/endpoints/2f17e155b0aa47838394e6c4f6fe30e0"},
        "url": "http://devstack.openstack.stack:8774/v2.1/$(tenant_id)s", "region": "RegionOne",
        "enabled": true, "interface": "internal", "service_id": "97e665cbada043718180c5a6316df76a",
        "id": "2f17e155b0aa47838394e6c4f6fe30e0"}, {"region_id": "europe", "links":
        {"self": "http://devstack.openstack.stack:35357/v3/endpoints/32bb2c6aea944ea6b4956eb24142d2e2"},
        "url": "http://devstack.openstack.stack:35357/v3", "region": "europe", "enabled": true,
        "interface": "admin", "service_id": "cd9002bbadfe495d81b5ee4c50768009", "id":
        "32bb2c6aea944ea6b4956eb24142d2e2"}, {"region_id": "RegionOne", "links": {"self":
        "http://devstack.openstack.stack:35357/v3/endpoints/437d282e0bb94622aaacc4d194c069a9"},
        "url": "http://devstack.openstack.stack:8776/v2/$(tenant_id)s", "region": "RegionOne",
        "enabled": true, "interface": "admin", "service_id": "2b92e79c45254516932c633229cd0e8b",
        "id": "437d282e0bb94622aaacc4d194c069a9"}, {"region_id": "RegionOne", "links":
        {"self": "http://devstack.openstack.stack:35357/v3/endpoints/4442fbd064844a7bbe6a792507d4b8e3"},
        "url": "http://devstack.openstack.stack:8776/v1/$(tenant_id)s", "region": "RegionOne",
        "enabled": true, "interface": "admin", "service_id": "511b94ce0482484ea09028091dd5e9a5",
        "id": "4442fbd064844a7bbe6a792507d4b8e3"}, {"region_id": "RegionOne", "links":
        {"self": "http://devstack.openstack.stack:35357/v3/endpoints/480ea71dc8cf4c959df1c6304be87056"},
        "url": "http://devstack.openstack.stack:5000/v3", "region": "RegionOne", "enabled":
        true, "interface": "public", "service_id": "cd9002bbadfe495d81b5ee4c50768009",
        "id": "480ea71dc8cf4c959df1c6304be87056"}, {"region_id": "RegionOne", "links":
        {"self": "http://devstack.openstack.stack:35357/v3/endpoints/4b4178fd2e3d4f329600cc4ceaaa7e3a"},
        "url": "http://devstack.openstack.stack:8776/v1/$(tenant_id)s", "region": "RegionOne",
        "enabled": true, "interface": "internal", "service_id": "511b94ce0482484ea09028091dd5e9a5",
        "id": "4b4178fd2e3d4f329600cc4ceaaa7e3a"}, {"region_id": "RegionOne", "links":
        {"self": "http://devstack.openstack.stack:35357/v3/endpoints/5e78bf7bae7c4ff5b9720b2c2e4da743"},
        "url": "http://devstack.openstack.stack:8776/v2/$(tenant_id)s", "region": "RegionOne",
        "enabled": true, "interface": "public", "service_id": "2b92e79c45254516932c633229cd0e8b",
        "id": "5e78bf7bae7c4ff5b9720b2c2e4da743"}, {"region_id": "europe", "links":
        {"self": "http://devstack.openstack.stack:35357/v3/endpoints/600638643d22494fad4f30e3b22ae124"},
        "url": "http://devstack.openstack.stack:5000/v3", "region": "europe", "enabled": true,
        "interface": "public", "service_id": "cd9002bbadfe495d81b5ee4c50768009", "id":
        "600638643d22494fad4f30e3b22ae124"}, {"region_id": "RegionOne", "links": {"self":
        "http://devstack.openstack.stack:35357/v3/endpoints/6e82c8912d3f49a09df51035681d564c"},
        "url": "http://devstack.openstack.stack:9292", "region": "RegionOne", "enabled": true,
        "interface": "public", "service_id": "0d56500210a24c38a3702b6825e24164", "id":
        "6e82c8912d3f49a09df51035681d564c"}, {"region_id": "RegionOne", "links": {"self":
        "http://devstack.openstack.stack:35357/v3/endpoints/7e44d321ae80457abc3728fa1e6feb32"},
        "url": "http://devstack.openstack.stack:9292", "region": "RegionOne", "enabled": true,
        "interface": "admin", "service_id": "0d56500210a24c38a3702b6825e24164", "id":
        "7e44d321ae80457abc3728fa1e6feb32"}, {"region_id": "RegionOne", "links": {"self":
        "http://devstack.openstack.stack:35357/v3/endpoints/81c51855280345e9a6c322ca986d4e4b"},
        "url": "http://devstack.openstack.stack:8774/v2/$(tenant_id)s", "region": "RegionOne",
        "enabled": true, "interface": "internal", "service_id": "5b7028751ed045d79467c7845ecb8c58",
        "id": "81c51855280345e9a6c322ca986d4e4b"}, {"region_id": "RegionOne", "links":
        {"self": "http://devstack.openstack.stack:35357/v3/endpoints/8a254651925e4a3e9505c863a00c017e"},
        "url": "http://devstack.openstack.stack:5000/v3", "region": "RegionOne", "enabled":
        true, "interface": "internal", "service_id": "cd9002bbadfe495d81b5ee4c50768009",
        "id": "8a254651925e4a3e9505c863a00c017e"}, {"region_id": "RegionOne", "links":
        {"self": "http://devstack.openstack.stack:35357/v3/endpoints/90977723dba04ea9a2a184c99565ccff"},
        "url": "http://devstack.openstack.stack:8776/v1/$(tenant_id)s", "region": "RegionOne",
        "enabled": true, "interface": "public", "service_id": "511b94ce0482484ea09028091dd5e9a5",
        "id": "90977723dba04ea9a2a184c99565ccff"}, {"region_id": "RegionOne", "links":
        {"self": "http://devstack.openstack.stack:35357/v3/endpoints/98db699b9ffa4dffb027d78163aad8cc"},
        "url": "http://devstack.openstack.stack:8773/", "region": "RegionOne", "enabled": true,
        "interface": "public", "service_id": "3364a7b95c664bf89a7a8db081576364", "id":
        "98db699b9ffa4dffb027d78163aad8cc"}, {"region_id": "RegionOne", "links": {"self":
        "http://devstack.openstack.stack:35357/v3/endpoints/9abd6797844d455f875af9537325cba4"},
        "url": "http://devstack.openstack.stack:5000/v3", "region": "RegionOne", "enabled":
        true, "interface": "internal", "service_id": "b577d8f7c7074d04a1165fcca638b600",
        "id": "9abd6797844d455f875af9537325cba4"}, {"region_id": "RegionOne", "links":
        {"self": "http://devstack.openstack.stack:35357/v3/endpoints/9d2555fd27dd44e5acfb5e56127d974b"},
        "url": "http://devstack.openstack.stack:8774/v2.1/$(tenant_id)s", "region": "RegionOne",
        "enabled": true, "interface": "public", "service_id": "97e665cbada043718180c5a6316df76a",
        "id": "9d2555fd27dd44e5acfb5e56127d974b"}, {"region_id": "RegionOne", "links":
        {"self": "http://devstack.openstack.stack:35357/v3/endpoints/a0310a37cf6144a6a967cbae9a7959ba"},
        "url": "http://devstack.openstack.stack:8774/v2/$(tenant_id)s", "region": "RegionOne",
        "enabled": true, "interface": "admin", "service_id": "5b7028751ed045d79467c7845ecb8c58",
        "id": "a0310a37cf6144a6a967cbae9a7959ba"}, {"region_id": "europe", "links":
        {"self": "http://devstack.openstack.stack:35357/v3/endpoints/b93da6aaba654d8cb451ff8378d7d2a5"},
        "url": "http://devstack.openstack.stack:5000/v3", "region": "europe", "enabled": true,
        "interface": "internal", "service_id": "cd9002bbadfe495d81b5ee4c50768009",
        "id": "b93da6aaba654d8cb451ff8378d7d2a5"}, {"region_id": "RegionOne", "links":
        {"self": "http://devstack.openstack.stack:35357/v3/endpoints/c9a090a4597040849c03bc13588167f6"},
        "url": "http://devstack.openstack.stack:9292", "region": "RegionOne", "enabled": true,
        "interface": "internal", "service_id": "0d56500210a24c38a3702b6825e24164",
        "id": "c9a090a4597040849c03bc13588167f6"}, {"region_id": "RegionOne", "links":
        {"self": "http://devstack.openstack.stack:35357/v3/endpoints/d3b31f24e4ea40699f731e29e625c187"},
        "url": "http://devstack.openstack.stack:5000/v3", "region": "RegionOne", "enabled":
        true, "interface": "public", "service_id": "b577d8f7c7074d04a1165fcca638b600",
        "id": "d3b31f24e4ea40699f731e29e625c187"}, {"region_id": "RegionOne", "links":
        {"self": "http://devstack.openstack.stack:35357/v3/endpoints/d5f8e0da0f3345529a5fb324d735d4a3"},
        "url": "http://devstack.openstack.stack:35357/v3", "region": "RegionOne", "enabled":
        true, "interface": "admin", "service_id": "cd9002bbadfe495d81b5ee4c50768009",
        "id": "d5f8e0da0f3345529a5fb324d735d4a3"}, {"region_id": "RegionOne", "links":
        {"self": "http://devstack.openstack.stack:35357/v3/endpoints/e8bdd9403fbb4efa8d77bfd4f6a5e34a"},
        "url": "http://devstack.openstack.stack:8774/v2.1/$(tenant_id)s", "region": "RegionOne",
        "enabled": true, "interface": "admin", "service_id": "97e665cbada043718180c5a6316df76a",
        "id": "e8bdd9403fbb4efa8d77bfd4f6a5e34a"}, {"region_id": "RegionOne", "links":
        {"self": "http://devstack.openstack.stack:35357/v3/endpoints/ece52860cf1e4eb6a8fed05c47a30147"},
        "url": "http://devstack.openstack.stack:8773/", "region": "RegionOne", "enabled": true,
        "interface": "internal", "service_id": "3364a7b95c664bf89a7a8db081576364",
        "id": "ece52860cf1e4eb6a8fed05c47a30147"}, {"region_id": "RegionOne", "links":
        {"self": "http://devstack.openstack.stack:35357/v3/endpoints/f6d38c03b9c04a9e924aaa288ce014b8"},
        "url": "http://devstack.openstack.stack:8774/v2/$(tenant_id)s", "region": "RegionOne",
        "enabled": true, "interface": "public", "service_id": "5b7028751ed045d79467c7845ecb8c58",
        "id": "f6d38c03b9c04a9e924aaa288ce014b8"}], "links": {"self": "http://devstack.openstack.stack:35357/v3/endpoints",
        "previous": null, "next": null}}'
    http_version: 
  recorded_at: Tue, 23 Jun 2015 15:09:41 GMT
- request:
    method: post
    uri: http://devstack.openstack.stack:35357/v3/endpoints
    body:
      encoding: UTF-8
      string: ! '{"endpoint":{"service_id":"0d56500210a24c38a3702b6825e24164","interface":"internal","name":"foobar","url":"http://example.com/foobar","enabled":false}}'
    headers:
      User-Agent:
      - fog/1.31.0 fog-core/1.31.1
      Content-Type:
      - application/json
      Accept:
      - application/json
      X-Auth-Token:
      - 0c4458de5ba5446885c65b1dedfb2404
  response:
    status:
      code: 201
      message: ''
    headers:
      Date:
      - Tue, 23 Jun 2015 15:09:41 GMT
      Server:
      - Apache/2.4.7 (Ubuntu)
      Vary:
      - X-Auth-Token
      X-Openstack-Request-Id:
      - req-a4a26c70-9272-498f-8e3b-67c6240528ae
      Content-Length:
      - '334'
      Content-Type:
      - application/json
    body:
      encoding: US-ASCII
      string: ! '{"endpoint": {"region_id": null, "links": {"self": "http://devstack.openstack.stack:35357/v3/endpoints/906a4e56f92c4915b69f174b0f850766"},
        "url": "http://example.com/foobar", "region": null, "enabled": false, "interface":
        "internal", "service_id": "0d56500210a24c38a3702b6825e24164", "id": "906a4e56f92c4915b69f174b0f850766",
        "name": "foobar"}}'
    http_version: 
  recorded_at: Tue, 23 Jun 2015 15:09:41 GMT
- request:
    method: get
    uri: http://devstack.openstack.stack:35357/v3/endpoints?interface=internal
    body:
      encoding: US-ASCII
      string: ''
    headers:
      User-Agent:
      - fog/1.31.0 fog-core/1.31.1
      Content-Type:
      - application/json
      Accept:
      - application/json
      X-Auth-Token:
      - 0c4458de5ba5446885c65b1dedfb2404
  response:
    status:
      code: 200
      message: ''
    headers:
      Date:
      - Tue, 23 Jun 2015 15:09:41 GMT
      Server:
      - Apache/2.4.7 (Ubuntu)
      Vary:
      - X-Auth-Token
      X-Openstack-Request-Id:
      - req-0d49fff4-1384-42af-9caa-dcd922878801
      Content-Length:
      - '3387'
      Content-Type:
      - application/json
    body:
      encoding: US-ASCII
      string: ! '{"endpoints": [{"region_id": "RegionOne", "links": {"self": "http://devstack.openstack.stack:35357/v3/endpoints/261aaf6239bb49a4a1cfa87c19859138"},
        "url": "http://devstack.openstack.stack:8776/v2/$(tenant_id)s", "region": "RegionOne",
        "enabled": true, "interface": "internal", "service_id": "2b92e79c45254516932c633229cd0e8b",
        "id": "261aaf6239bb49a4a1cfa87c19859138"}, {"region_id": "RegionOne", "links":
        {"self": "http://devstack.openstack.stack:35357/v3/endpoints/2f17e155b0aa47838394e6c4f6fe30e0"},
        "url": "http://devstack.openstack.stack:8774/v2.1/$(tenant_id)s", "region": "RegionOne",
        "enabled": true, "interface": "internal", "service_id": "97e665cbada043718180c5a6316df76a",
        "id": "2f17e155b0aa47838394e6c4f6fe30e0"}, {"region_id": "RegionOne", "links":
        {"self": "http://devstack.openstack.stack:35357/v3/endpoints/4b4178fd2e3d4f329600cc4ceaaa7e3a"},
        "url": "http://devstack.openstack.stack:8776/v1/$(tenant_id)s", "region": "RegionOne",
        "enabled": true, "interface": "internal", "service_id": "511b94ce0482484ea09028091dd5e9a5",
        "id": "4b4178fd2e3d4f329600cc4ceaaa7e3a"}, {"region_id": "RegionOne", "links":
        {"self": "http://devstack.openstack.stack:35357/v3/endpoints/81c51855280345e9a6c322ca986d4e4b"},
        "url": "http://devstack.openstack.stack:8774/v2/$(tenant_id)s", "region": "RegionOne",
        "enabled": true, "interface": "internal", "service_id": "5b7028751ed045d79467c7845ecb8c58",
        "id": "81c51855280345e9a6c322ca986d4e4b"}, {"region_id": "RegionOne", "links":
        {"self": "http://devstack.openstack.stack:35357/v3/endpoints/8a254651925e4a3e9505c863a00c017e"},
        "url": "http://devstack.openstack.stack:5000/v3", "region": "RegionOne", "enabled":
        true, "interface": "internal", "service_id": "cd9002bbadfe495d81b5ee4c50768009",
        "id": "8a254651925e4a3e9505c863a00c017e"}, {"region_id": null, "links": {"self":
        "http://devstack.openstack.stack:35357/v3/endpoints/906a4e56f92c4915b69f174b0f850766"},
        "url": "http://example.com/foobar", "region": null, "enabled": false, "interface":
        "internal", "service_id": "0d56500210a24c38a3702b6825e24164", "id": "906a4e56f92c4915b69f174b0f850766",
        "name": "foobar"}, {"region_id": "RegionOne", "links": {"self": "http://devstack.openstack.stack:35357/v3/endpoints/9abd6797844d455f875af9537325cba4"},
        "url": "http://devstack.openstack.stack:5000/v3", "region": "RegionOne", "enabled":
        true, "interface": "internal", "service_id": "b577d8f7c7074d04a1165fcca638b600",
        "id": "9abd6797844d455f875af9537325cba4"}, {"region_id": "europe", "links":
        {"self": "http://devstack.openstack.stack:35357/v3/endpoints/b93da6aaba654d8cb451ff8378d7d2a5"},
        "url": "http://devstack.openstack.stack:5000/v3", "region": "europe", "enabled": true,
        "interface": "internal", "service_id": "cd9002bbadfe495d81b5ee4c50768009",
        "id": "b93da6aaba654d8cb451ff8378d7d2a5"}, {"region_id": "RegionOne", "links":
        {"self": "http://devstack.openstack.stack:35357/v3/endpoints/c9a090a4597040849c03bc13588167f6"},
        "url": "http://devstack.openstack.stack:9292", "region": "RegionOne", "enabled": true,
        "interface": "internal", "service_id": "0d56500210a24c38a3702b6825e24164",
        "id": "c9a090a4597040849c03bc13588167f6"}, {"region_id": "RegionOne", "links":
        {"self": "http://devstack.openstack.stack:35357/v3/endpoints/ece52860cf1e4eb6a8fed05c47a30147"},
        "url": "http://devstack.openstack.stack:8773/", "region": "RegionOne", "enabled": true,
        "interface": "internal", "service_id": "3364a7b95c664bf89a7a8db081576364",
        "id": "ece52860cf1e4eb6a8fed05c47a30147"}], "links": {"self": "http://devstack.openstack.stack:35357/v3/endpoints?interface=internal",
        "previous": null, "next": null}}'
    http_version: 
  recorded_at: Tue, 23 Jun 2015 15:09:41 GMT
- request:
    method: patch
    uri: http://devstack.openstack.stack:35357/v3/endpoints/906a4e56f92c4915b69f174b0f850766
    body:
      encoding: UTF-8
      string: ! '{"endpoint":{"name":"baz","url":"http://example.com/baz"}}'
    headers:
      User-Agent:
      - fog/1.31.0 fog-core/1.31.1
      Content-Type:
      - application/json
      Accept:
      - application/json
      X-Auth-Token:
      - 0c4458de5ba5446885c65b1dedfb2404
  response:
    status:
      code: 200
      message: ''
    headers:
      Date:
      - Tue, 23 Jun 2015 15:09:41 GMT
      Server:
      - Apache/2.4.7 (Ubuntu)
      Vary:
      - X-Auth-Token
      X-Openstack-Request-Id:
      - req-2582ee0f-4664-4f34-9d9f-8477c60bcb83
      Content-Length:
      - '328'
      Content-Type:
      - application/json
    body:
      encoding: US-ASCII
      string: ! '{"endpoint": {"region_id": null, "links": {"self": "http://devstack.openstack.stack:35357/v3/endpoints/906a4e56f92c4915b69f174b0f850766"},
        "url": "http://example.com/baz", "region": null, "enabled": false, "interface":
        "internal", "service_id": "0d56500210a24c38a3702b6825e24164", "id": "906a4e56f92c4915b69f174b0f850766",
        "name": "baz"}}'
    http_version: 
  recorded_at: Tue, 23 Jun 2015 15:09:41 GMT
- request:
    method: get
    uri: http://devstack.openstack.stack:35357/v3/endpoints?interface=internal
    body:
      encoding: US-ASCII
      string: ''
    headers:
      User-Agent:
      - fog/1.31.0 fog-core/1.31.1
      Content-Type:
      - application/json
      Accept:
      - application/json
      X-Auth-Token:
      - 0c4458de5ba5446885c65b1dedfb2404
  response:
    status:
      code: 200
      message: ''
    headers:
      Date:
      - Tue, 23 Jun 2015 15:09:41 GMT
      Server:
      - Apache/2.4.7 (Ubuntu)
      Vary:
      - X-Auth-Token
      X-Openstack-Request-Id:
      - req-a17b33e4-44e5-4aab-8bae-d704db63c16d
      Content-Length:
      - '3381'
      Content-Type:
      - application/json
    body:
      encoding: US-ASCII
      string: ! '{"endpoints": [{"region_id": "RegionOne", "links": {"self": "http://devstack.openstack.stack:35357/v3/endpoints/261aaf6239bb49a4a1cfa87c19859138"},
        "url": "http://devstack.openstack.stack:8776/v2/$(tenant_id)s", "region": "RegionOne",
        "enabled": true, "interface": "internal", "service_id": "2b92e79c45254516932c633229cd0e8b",
        "id": "261aaf6239bb49a4a1cfa87c19859138"}, {"region_id": "RegionOne", "links":
        {"self": "http://devstack.openstack.stack:35357/v3/endpoints/2f17e155b0aa47838394e6c4f6fe30e0"},
        "url": "http://devstack.openstack.stack:8774/v2.1/$(tenant_id)s", "region": "RegionOne",
        "enabled": true, "interface": "internal", "service_id": "97e665cbada043718180c5a6316df76a",
        "id": "2f17e155b0aa47838394e6c4f6fe30e0"}, {"region_id": "RegionOne", "links":
        {"self": "http://devstack.openstack.stack:35357/v3/endpoints/4b4178fd2e3d4f329600cc4ceaaa7e3a"},
        "url": "http://devstack.openstack.stack:8776/v1/$(tenant_id)s", "region": "RegionOne",
        "enabled": true, "interface": "internal", "service_id": "511b94ce0482484ea09028091dd5e9a5",
        "id": "4b4178fd2e3d4f329600cc4ceaaa7e3a"}, {"region_id": "RegionOne", "links":
        {"self": "http://devstack.openstack.stack:35357/v3/endpoints/81c51855280345e9a6c322ca986d4e4b"},
        "url": "http://devstack.openstack.stack:8774/v2/$(tenant_id)s", "region": "RegionOne",
        "enabled": true, "interface": "internal", "service_id": "5b7028751ed045d79467c7845ecb8c58",
        "id": "81c51855280345e9a6c322ca986d4e4b"}, {"region_id": "RegionOne", "links":
        {"self": "http://devstack.openstack.stack:35357/v3/endpoints/8a254651925e4a3e9505c863a00c017e"},
        "url": "http://devstack.openstack.stack:5000/v3", "region": "RegionOne", "enabled":
        true, "interface": "internal", "service_id": "cd9002bbadfe495d81b5ee4c50768009",
        "id": "8a254651925e4a3e9505c863a00c017e"}, {"region_id": null, "links": {"self":
        "http://devstack.openstack.stack:35357/v3/endpoints/906a4e56f92c4915b69f174b0f850766"},
        "url": "http://example.com/baz", "region": null, "enabled": false, "interface":
        "internal", "service_id": "0d56500210a24c38a3702b6825e24164", "id": "906a4e56f92c4915b69f174b0f850766",
        "name": "baz"}, {"region_id": "RegionOne", "links": {"self": "http://devstack.openstack.stack:35357/v3/endpoints/9abd6797844d455f875af9537325cba4"},
        "url": "http://devstack.openstack.stack:5000/v3", "region": "RegionOne", "enabled":
        true, "interface": "internal", "service_id": "b577d8f7c7074d04a1165fcca638b600",
        "id": "9abd6797844d455f875af9537325cba4"}, {"region_id": "europe", "links":
        {"self": "http://devstack.openstack.stack:35357/v3/endpoints/b93da6aaba654d8cb451ff8378d7d2a5"},
        "url": "http://devstack.openstack.stack:5000/v3", "region": "europe", "enabled": true,
        "interface": "internal", "service_id": "cd9002bbadfe495d81b5ee4c50768009",
        "id": "b93da6aaba654d8cb451ff8378d7d2a5"}, {"region_id": "RegionOne", "links":
        {"self": "http://devstack.openstack.stack:35357/v3/endpoints/c9a090a4597040849c03bc13588167f6"},
        "url": "http://devstack.openstack.stack:9292", "region": "RegionOne", "enabled": true,
        "interface": "internal", "service_id": "0d56500210a24c38a3702b6825e24164",
        "id": "c9a090a4597040849c03bc13588167f6"}, {"region_id": "RegionOne", "links":
        {"self": "http://devstack.openstack.stack:35357/v3/endpoints/ece52860cf1e4eb6a8fed05c47a30147"},
        "url": "http://devstack.openstack.stack:8773/", "region": "RegionOne", "enabled": true,
        "interface": "internal", "service_id": "3364a7b95c664bf89a7a8db081576364",
        "id": "ece52860cf1e4eb6a8fed05c47a30147"}], "links": {"self": "http://devstack.openstack.stack:35357/v3/endpoints?interface=internal",
        "previous": null, "next": null}}'
    http_version: 
  recorded_at: Tue, 23 Jun 2015 15:09:41 GMT
- request:
    method: get
    uri: http://devstack.openstack.stack:35357/v3/endpoints
    body:
      encoding: US-ASCII
      string: ''
    headers:
      User-Agent:
      - fog/1.31.0 fog-core/1.31.1
      Content-Type:
      - application/json
      Accept:
      - application/json
      X-Auth-Token:
      - 0c4458de5ba5446885c65b1dedfb2404
  response:
    status:
      code: 200
      message: ''
    headers:
      Date:
      - Tue, 23 Jun 2015 15:09:41 GMT
      Server:
      - Apache/2.4.7 (Ubuntu)
      Vary:
      - X-Auth-Token
      X-Openstack-Request-Id:
      - req-d5a40019-9e6f-47fc-bcda-ec135f7e5e99
      Content-Length:
      - '9192'
      Content-Type:
      - application/json
    body:
      encoding: US-ASCII
      string: ! '{"endpoints": [{"region_id": "RegionOne", "links": {"self": "http://devstack.openstack.stack:35357/v3/endpoints/185eda94de9340e58245062f75d7f80e"},
        "url": "http://devstack.openstack.stack:35357/v3", "region": "RegionOne", "enabled":
        true, "interface": "admin", "service_id": "b577d8f7c7074d04a1165fcca638b600",
        "id": "185eda94de9340e58245062f75d7f80e"}, {"region_id": "RegionOne", "links":
        {"self": "http://devstack.openstack.stack:35357/v3/endpoints/1ce26a6fffd0424bac135b9c68055b6e"},
        "url": "http://devstack.openstack.stack:8773/", "region": "RegionOne", "enabled": true,
        "interface": "admin", "service_id": "3364a7b95c664bf89a7a8db081576364", "id":
        "1ce26a6fffd0424bac135b9c68055b6e"}, {"region_id": "RegionOne", "links": {"self":
        "http://devstack.openstack.stack:35357/v3/endpoints/261aaf6239bb49a4a1cfa87c19859138"},
        "url": "http://devstack.openstack.stack:8776/v2/$(tenant_id)s", "region": "RegionOne",
        "enabled": true, "interface": "internal", "service_id": "2b92e79c45254516932c633229cd0e8b",
        "id": "261aaf6239bb49a4a1cfa87c19859138"}, {"region_id": "RegionOne", "links":
        {"self": "http://devstack.openstack.stack:35357/v3/endpoints/2f17e155b0aa47838394e6c4f6fe30e0"},
        "url": "http://devstack.openstack.stack:8774/v2.1/$(tenant_id)s", "region": "RegionOne",
        "enabled": true, "interface": "internal", "service_id": "97e665cbada043718180c5a6316df76a",
        "id": "2f17e155b0aa47838394e6c4f6fe30e0"}, {"region_id": "europe", "links":
        {"self": "http://devstack.openstack.stack:35357/v3/endpoints/32bb2c6aea944ea6b4956eb24142d2e2"},
        "url": "http://devstack.openstack.stack:35357/v3", "region": "europe", "enabled": true,
        "interface": "admin", "service_id": "cd9002bbadfe495d81b5ee4c50768009", "id":
        "32bb2c6aea944ea6b4956eb24142d2e2"}, {"region_id": "RegionOne", "links": {"self":
        "http://devstack.openstack.stack:35357/v3/endpoints/437d282e0bb94622aaacc4d194c069a9"},
        "url": "http://devstack.openstack.stack:8776/v2/$(tenant_id)s", "region": "RegionOne",
        "enabled": true, "interface": "admin", "service_id": "2b92e79c45254516932c633229cd0e8b",
        "id": "437d282e0bb94622aaacc4d194c069a9"}, {"region_id": "RegionOne", "links":
        {"self": "http://devstack.openstack.stack:35357/v3/endpoints/4442fbd064844a7bbe6a792507d4b8e3"},
        "url": "http://devstack.openstack.stack:8776/v1/$(tenant_id)s", "region": "RegionOne",
        "enabled": true, "interface": "admin", "service_id": "511b94ce0482484ea09028091dd5e9a5",
        "id": "4442fbd064844a7bbe6a792507d4b8e3"}, {"region_id": "RegionOne", "links":
        {"self": "http://devstack.openstack.stack:35357/v3/endpoints/480ea71dc8cf4c959df1c6304be87056"},
        "url": "http://devstack.openstack.stack:5000/v3", "region": "RegionOne", "enabled":
        true, "interface": "public", "service_id": "cd9002bbadfe495d81b5ee4c50768009",
        "id": "480ea71dc8cf4c959df1c6304be87056"}, {"region_id": "RegionOne", "links":
        {"self": "http://devstack.openstack.stack:35357/v3/endpoints/4b4178fd2e3d4f329600cc4ceaaa7e3a"},
        "url": "http://devstack.openstack.stack:8776/v1/$(tenant_id)s", "region": "RegionOne",
        "enabled": true, "interface": "internal", "service_id": "511b94ce0482484ea09028091dd5e9a5",
        "id": "4b4178fd2e3d4f329600cc4ceaaa7e3a"}, {"region_id": "RegionOne", "links":
        {"self": "http://devstack.openstack.stack:35357/v3/endpoints/5e78bf7bae7c4ff5b9720b2c2e4da743"},
        "url": "http://devstack.openstack.stack:8776/v2/$(tenant_id)s", "region": "RegionOne",
        "enabled": true, "interface": "public", "service_id": "2b92e79c45254516932c633229cd0e8b",
        "id": "5e78bf7bae7c4ff5b9720b2c2e4da743"}, {"region_id": "europe", "links":
        {"self": "http://devstack.openstack.stack:35357/v3/endpoints/600638643d22494fad4f30e3b22ae124"},
        "url": "http://devstack.openstack.stack:5000/v3", "region": "europe", "enabled": true,
        "interface": "public", "service_id": "cd9002bbadfe495d81b5ee4c50768009", "id":
        "600638643d22494fad4f30e3b22ae124"}, {"region_id": "RegionOne", "links": {"self":
        "http://devstack.openstack.stack:35357/v3/endpoints/6e82c8912d3f49a09df51035681d564c"},
        "url": "http://devstack.openstack.stack:9292", "region": "RegionOne", "enabled": true,
        "interface": "public", "service_id": "0d56500210a24c38a3702b6825e24164", "id":
        "6e82c8912d3f49a09df51035681d564c"}, {"region_id": "RegionOne", "links": {"self":
        "http://devstack.openstack.stack:35357/v3/endpoints/7e44d321ae80457abc3728fa1e6feb32"},
        "url": "http://devstack.openstack.stack:9292", "region": "RegionOne", "enabled": true,
        "interface": "admin", "service_id": "0d56500210a24c38a3702b6825e24164", "id":
        "7e44d321ae80457abc3728fa1e6feb32"}, {"region_id": "RegionOne", "links": {"self":
        "http://devstack.openstack.stack:35357/v3/endpoints/81c51855280345e9a6c322ca986d4e4b"},
        "url": "http://devstack.openstack.stack:8774/v2/$(tenant_id)s", "region": "RegionOne",
        "enabled": true, "interface": "internal", "service_id": "5b7028751ed045d79467c7845ecb8c58",
        "id": "81c51855280345e9a6c322ca986d4e4b"}, {"region_id": "RegionOne", "links":
        {"self": "http://devstack.openstack.stack:35357/v3/endpoints/8a254651925e4a3e9505c863a00c017e"},
        "url": "http://devstack.openstack.stack:5000/v3", "region": "RegionOne", "enabled":
        true, "interface": "internal", "service_id": "cd9002bbadfe495d81b5ee4c50768009",
        "id": "8a254651925e4a3e9505c863a00c017e"}, {"region_id": null, "links": {"self":
        "http://devstack.openstack.stack:35357/v3/endpoints/906a4e56f92c4915b69f174b0f850766"},
        "url": "http://example.com/baz", "region": null, "enabled": false, "interface":
        "internal", "service_id": "0d56500210a24c38a3702b6825e24164", "id": "906a4e56f92c4915b69f174b0f850766",
        "name": "baz"}, {"region_id": "RegionOne", "links": {"self": "http://devstack.openstack.stack:35357/v3/endpoints/90977723dba04ea9a2a184c99565ccff"},
        "url": "http://devstack.openstack.stack:8776/v1/$(tenant_id)s", "region": "RegionOne",
        "enabled": true, "interface": "public", "service_id": "511b94ce0482484ea09028091dd5e9a5",
        "id": "90977723dba04ea9a2a184c99565ccff"}, {"region_id": "RegionOne", "links":
        {"self": "http://devstack.openstack.stack:35357/v3/endpoints/98db699b9ffa4dffb027d78163aad8cc"},
        "url": "http://devstack.openstack.stack:8773/", "region": "RegionOne", "enabled": true,
        "interface": "public", "service_id": "3364a7b95c664bf89a7a8db081576364", "id":
        "98db699b9ffa4dffb027d78163aad8cc"}, {"region_id": "RegionOne", "links": {"self":
        "http://devstack.openstack.stack:35357/v3/endpoints/9abd6797844d455f875af9537325cba4"},
        "url": "http://devstack.openstack.stack:5000/v3", "region": "RegionOne", "enabled":
        true, "interface": "internal", "service_id": "b577d8f7c7074d04a1165fcca638b600",
        "id": "9abd6797844d455f875af9537325cba4"}, {"region_id": "RegionOne", "links":
        {"self": "http://devstack.openstack.stack:35357/v3/endpoints/9d2555fd27dd44e5acfb5e56127d974b"},
        "url": "http://devstack.openstack.stack:8774/v2.1/$(tenant_id)s", "region": "RegionOne",
        "enabled": true, "interface": "public", "service_id": "97e665cbada043718180c5a6316df76a",
        "id": "9d2555fd27dd44e5acfb5e56127d974b"}, {"region_id": "RegionOne", "links":
        {"self": "http://devstack.openstack.stack:35357/v3/endpoints/a0310a37cf6144a6a967cbae9a7959ba"},
        "url": "http://devstack.openstack.stack:8774/v2/$(tenant_id)s", "region": "RegionOne",
        "enabled": true, "interface": "admin", "service_id": "5b7028751ed045d79467c7845ecb8c58",
        "id": "a0310a37cf6144a6a967cbae9a7959ba"}, {"region_id": "europe", "links":
        {"self": "http://devstack.openstack.stack:35357/v3/endpoints/b93da6aaba654d8cb451ff8378d7d2a5"},
        "url": "http://devstack.openstack.stack:5000/v3", "region": "europe", "enabled": true,
        "interface": "internal", "service_id": "cd9002bbadfe495d81b5ee4c50768009",
        "id": "b93da6aaba654d8cb451ff8378d7d2a5"}, {"region_id": "RegionOne", "links":
        {"self": "http://devstack.openstack.stack:35357/v3/endpoints/c9a090a4597040849c03bc13588167f6"},
        "url": "http://devstack.openstack.stack:9292", "region": "RegionOne", "enabled": true,
        "interface": "internal", "service_id": "0d56500210a24c38a3702b6825e24164",
        "id": "c9a090a4597040849c03bc13588167f6"}, {"region_id": "RegionOne", "links":
        {"self": "http://devstack.openstack.stack:35357/v3/endpoints/d3b31f24e4ea40699f731e29e625c187"},
        "url": "http://devstack.openstack.stack:5000/v3", "region": "RegionOne", "enabled":
        true, "interface": "public", "service_id": "b577d8f7c7074d04a1165fcca638b600",
        "id": "d3b31f24e4ea40699f731e29e625c187"}, {"region_id": "RegionOne", "links":
        {"self": "http://devstack.openstack.stack:35357/v3/endpoints/d5f8e0da0f3345529a5fb324d735d4a3"},
        "url": "http://devstack.openstack.stack:35357/v3", "region": "RegionOne", "enabled":
        true, "interface": "admin", "service_id": "cd9002bbadfe495d81b5ee4c50768009",
        "id": "d5f8e0da0f3345529a5fb324d735d4a3"}, {"region_id": "RegionOne", "links":
        {"self": "http://devstack.openstack.stack:35357/v3/endpoints/e8bdd9403fbb4efa8d77bfd4f6a5e34a"},
        "url": "http://devstack.openstack.stack:8774/v2.1/$(tenant_id)s", "region": "RegionOne",
        "enabled": true, "interface": "admin", "service_id": "97e665cbada043718180c5a6316df76a",
        "id": "e8bdd9403fbb4efa8d77bfd4f6a5e34a"}, {"region_id": "RegionOne", "links":
        {"self": "http://devstack.openstack.stack:35357/v3/endpoints/ece52860cf1e4eb6a8fed05c47a30147"},
        "url": "http://devstack.openstack.stack:8773/", "region": "RegionOne", "enabled": true,
        "interface": "internal", "service_id": "3364a7b95c664bf89a7a8db081576364",
        "id": "ece52860cf1e4eb6a8fed05c47a30147"}, {"region_id": "RegionOne", "links":
        {"self": "http://devstack.openstack.stack:35357/v3/endpoints/f6d38c03b9c04a9e924aaa288ce014b8"},
        "url": "http://devstack.openstack.stack:8774/v2/$(tenant_id)s", "region": "RegionOne",
        "enabled": true, "interface": "public", "service_id": "5b7028751ed045d79467c7845ecb8c58",
        "id": "f6d38c03b9c04a9e924aaa288ce014b8"}], "links": {"self": "http://devstack.openstack.stack:35357/v3/endpoints",
        "previous": null, "next": null}}'
    http_version: 
  recorded_at: Tue, 23 Jun 2015 15:09:41 GMT
- request:
    method: delete
    uri: http://devstack.openstack.stack:35357/v3/endpoints/906a4e56f92c4915b69f174b0f850766
    body:
      encoding: US-ASCII
      string: ''
    headers:
      User-Agent:
      - fog/1.31.0 fog-core/1.31.1
      Content-Type:
      - application/json
      Accept:
      - application/json
      X-Auth-Token:
      - 0c4458de5ba5446885c65b1dedfb2404
  response:
    status:
      code: 204
      message: ''
    headers:
      Date:
      - Tue, 23 Jun 2015 15:09:41 GMT
      Server:
      - Apache/2.4.7 (Ubuntu)
      Vary:
      - X-Auth-Token
      X-Openstack-Request-Id:
      - req-6f88df23-f030-4138-977a-401c9eebb06e
      Content-Length:
      - '0'
    body:
      encoding: US-ASCII
      string: ''
    http_version: 
  recorded_at: Tue, 23 Jun 2015 15:09:42 GMT
- request:
    method: get
    uri: http://devstack.openstack.stack:35357/v3/endpoints
    body:
      encoding: US-ASCII
      string: ''
    headers:
      User-Agent:
      - fog/1.31.0 fog-core/1.31.1
      Content-Type:
      - application/json
      Accept:
      - application/json
      X-Auth-Token:
      - 0c4458de5ba5446885c65b1dedfb2404
  response:
    status:
      code: 200
      message: ''
    headers:
      Date:
      - Tue, 23 Jun 2015 15:09:41 GMT
      Server:
      - Apache/2.4.7 (Ubuntu)
      Vary:
      - X-Auth-Token
      X-Openstack-Request-Id:
      - req-f7603507-2641-4ae9-a49c-ef57b67de89f
      Content-Length:
      - '8876'
      Content-Type:
      - application/json
    body:
      encoding: US-ASCII
      string: ! '{"endpoints": [{"region_id": "RegionOne", "links": {"self": "http://devstack.openstack.stack:35357/v3/endpoints/185eda94de9340e58245062f75d7f80e"},
        "url": "http://devstack.openstack.stack:35357/v3", "region": "RegionOne", "enabled":
        true, "interface": "admin", "service_id": "b577d8f7c7074d04a1165fcca638b600",
        "id": "185eda94de9340e58245062f75d7f80e"}, {"region_id": "RegionOne", "links":
        {"self": "http://devstack.openstack.stack:35357/v3/endpoints/1ce26a6fffd0424bac135b9c68055b6e"},
        "url": "http://devstack.openstack.stack:8773/", "region": "RegionOne", "enabled": true,
        "interface": "admin", "service_id": "3364a7b95c664bf89a7a8db081576364", "id":
        "1ce26a6fffd0424bac135b9c68055b6e"}, {"region_id": "RegionOne", "links": {"self":
        "http://devstack.openstack.stack:35357/v3/endpoints/261aaf6239bb49a4a1cfa87c19859138"},
        "url": "http://devstack.openstack.stack:8776/v2/$(tenant_id)s", "region": "RegionOne",
        "enabled": true, "interface": "internal", "service_id": "2b92e79c45254516932c633229cd0e8b",
        "id": "261aaf6239bb49a4a1cfa87c19859138"}, {"region_id": "RegionOne", "links":
        {"self": "http://devstack.openstack.stack:35357/v3/endpoints/2f17e155b0aa47838394e6c4f6fe30e0"},
        "url": "http://devstack.openstack.stack:8774/v2.1/$(tenant_id)s", "region": "RegionOne",
        "enabled": true, "interface": "internal", "service_id": "97e665cbada043718180c5a6316df76a",
        "id": "2f17e155b0aa47838394e6c4f6fe30e0"}, {"region_id": "europe", "links":
        {"self": "http://devstack.openstack.stack:35357/v3/endpoints/32bb2c6aea944ea6b4956eb24142d2e2"},
        "url": "http://devstack.openstack.stack:35357/v3", "region": "europe", "enabled": true,
        "interface": "admin", "service_id": "cd9002bbadfe495d81b5ee4c50768009", "id":
        "32bb2c6aea944ea6b4956eb24142d2e2"}, {"region_id": "RegionOne", "links": {"self":
        "http://devstack.openstack.stack:35357/v3/endpoints/437d282e0bb94622aaacc4d194c069a9"},
        "url": "http://devstack.openstack.stack:8776/v2/$(tenant_id)s", "region": "RegionOne",
        "enabled": true, "interface": "admin", "service_id": "2b92e79c45254516932c633229cd0e8b",
        "id": "437d282e0bb94622aaacc4d194c069a9"}, {"region_id": "RegionOne", "links":
        {"self": "http://devstack.openstack.stack:35357/v3/endpoints/4442fbd064844a7bbe6a792507d4b8e3"},
        "url": "http://devstack.openstack.stack:8776/v1/$(tenant_id)s", "region": "RegionOne",
        "enabled": true, "interface": "admin", "service_id": "511b94ce0482484ea09028091dd5e9a5",
        "id": "4442fbd064844a7bbe6a792507d4b8e3"}, {"region_id": "RegionOne", "links":
        {"self": "http://devstack.openstack.stack:35357/v3/endpoints/480ea71dc8cf4c959df1c6304be87056"},
        "url": "http://devstack.openstack.stack:5000/v3", "region": "RegionOne", "enabled":
        true, "interface": "public", "service_id": "cd9002bbadfe495d81b5ee4c50768009",
        "id": "480ea71dc8cf4c959df1c6304be87056"}, {"region_id": "RegionOne", "links":
        {"self": "http://devstack.openstack.stack:35357/v3/endpoints/4b4178fd2e3d4f329600cc4ceaaa7e3a"},
        "url": "http://devstack.openstack.stack:8776/v1/$(tenant_id)s", "region": "RegionOne",
        "enabled": true, "interface": "internal", "service_id": "511b94ce0482484ea09028091dd5e9a5",
        "id": "4b4178fd2e3d4f329600cc4ceaaa7e3a"}, {"region_id": "RegionOne", "links":
        {"self": "http://devstack.openstack.stack:35357/v3/endpoints/5e78bf7bae7c4ff5b9720b2c2e4da743"},
        "url": "http://devstack.openstack.stack:8776/v2/$(tenant_id)s", "region": "RegionOne",
        "enabled": true, "interface": "public", "service_id": "2b92e79c45254516932c633229cd0e8b",
        "id": "5e78bf7bae7c4ff5b9720b2c2e4da743"}, {"region_id": "europe", "links":
        {"self": "http://devstack.openstack.stack:35357/v3/endpoints/600638643d22494fad4f30e3b22ae124"},
        "url": "http://devstack.openstack.stack:5000/v3", "region": "europe", "enabled": true,
        "interface": "public", "service_id": "cd9002bbadfe495d81b5ee4c50768009", "id":
        "600638643d22494fad4f30e3b22ae124"}, {"region_id": "RegionOne", "links": {"self":
        "http://devstack.openstack.stack:35357/v3/endpoints/6e82c8912d3f49a09df51035681d564c"},
        "url": "http://devstack.openstack.stack:9292", "region": "RegionOne", "enabled": true,
        "interface": "public", "service_id": "0d56500210a24c38a3702b6825e24164", "id":
        "6e82c8912d3f49a09df51035681d564c"}, {"region_id": "RegionOne", "links": {"self":
        "http://devstack.openstack.stack:35357/v3/endpoints/7e44d321ae80457abc3728fa1e6feb32"},
        "url": "http://devstack.openstack.stack:9292", "region": "RegionOne", "enabled": true,
        "interface": "admin", "service_id": "0d56500210a24c38a3702b6825e24164", "id":
        "7e44d321ae80457abc3728fa1e6feb32"}, {"region_id": "RegionOne", "links": {"self":
        "http://devstack.openstack.stack:35357/v3/endpoints/81c51855280345e9a6c322ca986d4e4b"},
        "url": "http://devstack.openstack.stack:8774/v2/$(tenant_id)s", "region": "RegionOne",
        "enabled": true, "interface": "internal", "service_id": "5b7028751ed045d79467c7845ecb8c58",
        "id": "81c51855280345e9a6c322ca986d4e4b"}, {"region_id": "RegionOne", "links":
        {"self": "http://devstack.openstack.stack:35357/v3/endpoints/8a254651925e4a3e9505c863a00c017e"},
        "url": "http://devstack.openstack.stack:5000/v3", "region": "RegionOne", "enabled":
        true, "interface": "internal", "service_id": "cd9002bbadfe495d81b5ee4c50768009",
        "id": "8a254651925e4a3e9505c863a00c017e"}, {"region_id": "RegionOne", "links":
        {"self": "http://devstack.openstack.stack:35357/v3/endpoints/90977723dba04ea9a2a184c99565ccff"},
        "url": "http://devstack.openstack.stack:8776/v1/$(tenant_id)s", "region": "RegionOne",
        "enabled": true, "interface": "public", "service_id": "511b94ce0482484ea09028091dd5e9a5",
        "id": "90977723dba04ea9a2a184c99565ccff"}, {"region_id": "RegionOne", "links":
        {"self": "http://devstack.openstack.stack:35357/v3/endpoints/98db699b9ffa4dffb027d78163aad8cc"},
        "url": "http://devstack.openstack.stack:8773/", "region": "RegionOne", "enabled": true,
        "interface": "public", "service_id": "3364a7b95c664bf89a7a8db081576364", "id":
        "98db699b9ffa4dffb027d78163aad8cc"}, {"region_id": "RegionOne", "links": {"self":
        "http://devstack.openstack.stack:35357/v3/endpoints/9abd6797844d455f875af9537325cba4"},
        "url": "http://devstack.openstack.stack:5000/v3", "region": "RegionOne", "enabled":
        true, "interface": "internal", "service_id": "b577d8f7c7074d04a1165fcca638b600",
        "id": "9abd6797844d455f875af9537325cba4"}, {"region_id": "RegionOne", "links":
        {"self": "http://devstack.openstack.stack:35357/v3/endpoints/9d2555fd27dd44e5acfb5e56127d974b"},
        "url": "http://devstack.openstack.stack:8774/v2.1/$(tenant_id)s", "region": "RegionOne",
        "enabled": true, "interface": "public", "service_id": "97e665cbada043718180c5a6316df76a",
        "id": "9d2555fd27dd44e5acfb5e56127d974b"}, {"region_id": "RegionOne", "links":
        {"self": "http://devstack.openstack.stack:35357/v3/endpoints/a0310a37cf6144a6a967cbae9a7959ba"},
        "url": "http://devstack.openstack.stack:8774/v2/$(tenant_id)s", "region": "RegionOne",
        "enabled": true, "interface": "admin", "service_id": "5b7028751ed045d79467c7845ecb8c58",
        "id": "a0310a37cf6144a6a967cbae9a7959ba"}, {"region_id": "europe", "links":
        {"self": "http://devstack.openstack.stack:35357/v3/endpoints/b93da6aaba654d8cb451ff8378d7d2a5"},
        "url": "http://devstack.openstack.stack:5000/v3", "region": "europe", "enabled": true,
        "interface": "internal", "service_id": "cd9002bbadfe495d81b5ee4c50768009",
        "id": "b93da6aaba654d8cb451ff8378d7d2a5"}, {"region_id": "RegionOne", "links":
        {"self": "http://devstack.openstack.stack:35357/v3/endpoints/c9a090a4597040849c03bc13588167f6"},
        "url": "http://devstack.openstack.stack:9292", "region": "RegionOne", "enabled": true,
        "interface": "internal", "service_id": "0d56500210a24c38a3702b6825e24164",
        "id": "c9a090a4597040849c03bc13588167f6"}, {"region_id": "RegionOne", "links":
        {"self": "http://devstack.openstack.stack:35357/v3/endpoints/d3b31f24e4ea40699f731e29e625c187"},
        "url": "http://devstack.openstack.stack:5000/v3", "region": "RegionOne", "enabled":
        true, "interface": "public", "service_id": "b577d8f7c7074d04a1165fcca638b600",
        "id": "d3b31f24e4ea40699f731e29e625c187"}, {"region_id": "RegionOne", "links":
        {"self": "http://devstack.openstack.stack:35357/v3/endpoints/d5f8e0da0f3345529a5fb324d735d4a3"},
        "url": "http://devstack.openstack.stack:35357/v3", "region": "RegionOne", "enabled":
        true, "interface": "admin", "service_id": "cd9002bbadfe495d81b5ee4c50768009",
        "id": "d5f8e0da0f3345529a5fb324d735d4a3"}, {"region_id": "RegionOne", "links":
        {"self": "http://devstack.openstack.stack:35357/v3/endpoints/e8bdd9403fbb4efa8d77bfd4f6a5e34a"},
        "url": "http://devstack.openstack.stack:8774/v2.1/$(tenant_id)s", "region": "RegionOne",
        "enabled": true, "interface": "admin", "service_id": "97e665cbada043718180c5a6316df76a",
        "id": "e8bdd9403fbb4efa8d77bfd4f6a5e34a"}, {"region_id": "RegionOne", "links":
        {"self": "http://devstack.openstack.stack:35357/v3/endpoints/ece52860cf1e4eb6a8fed05c47a30147"},
        "url": "http://devstack.openstack.stack:8773/", "region": "RegionOne", "enabled": true,
        "interface": "internal", "service_id": "3364a7b95c664bf89a7a8db081576364",
        "id": "ece52860cf1e4eb6a8fed05c47a30147"}, {"region_id": "RegionOne", "links":
        {"self": "http://devstack.openstack.stack:35357/v3/endpoints/f6d38c03b9c04a9e924aaa288ce014b8"},
        "url": "http://devstack.openstack.stack:8774/v2/$(tenant_id)s", "region": "RegionOne",
        "enabled": true, "interface": "public", "service_id": "5b7028751ed045d79467c7845ecb8c58",
        "id": "f6d38c03b9c04a9e924aaa288ce014b8"}], "links": {"self": "http://devstack.openstack.stack:35357/v3/endpoints",
        "previous": null, "next": null}}'
    http_version: 
  recorded_at: Tue, 23 Jun 2015 15:09:42 GMT
- request:
    method: get
    uri: http://devstack.openstack.stack:35357/v3/endpoints/906a4e56f92c4915b69f174b0f850766
    body:
      encoding: US-ASCII
      string: ''
    headers:
      User-Agent:
      - fog/1.31.0 fog-core/1.31.1
      Content-Type:
      - application/json
      Accept:
      - application/json
      X-Auth-Token:
      - 0c4458de5ba5446885c65b1dedfb2404
  response:
    status:
      code: 404
      message: ''
    headers:
      Date:
      - Tue, 23 Jun 2015 15:09:42 GMT
      Server:
      - Apache/2.4.7 (Ubuntu)
      Vary:
      - X-Auth-Token
      X-Openstack-Request-Id:
      - req-b834f9a2-44d7-459f-afab-88d6d98e41dc
      Content-Length:
      - '118'
      Content-Type:
      - application/json
    body:
      encoding: US-ASCII
      string: ! '{"error": {"message": "Could not find endpoint: 906a4e56f92c4915b69f174b0f850766",
        "code": 404, "title": "Not Found"}}'
    http_version: 
  recorded_at: Tue, 23 Jun 2015 15:09:42 GMT
- request:
    method: get
    uri: http://devstack.openstack.stack:35357/v3/endpoints
    body:
      encoding: US-ASCII
      string: ''
    headers:
      User-Agent:
      - fog/1.31.0 fog-core/1.31.1
      Content-Type:
      - application/json
      Accept:
      - application/json
      X-Auth-Token:
      - 0c4458de5ba5446885c65b1dedfb2404
  response:
    status:
      code: 200
      message: ''
    headers:
      Date:
      - Tue, 23 Jun 2015 15:09:42 GMT
      Server:
      - Apache/2.4.7 (Ubuntu)
      Vary:
      - X-Auth-Token
      X-Openstack-Request-Id:
      - req-82f4a561-c0fb-45db-a35e-0f30f69d0d24
      Content-Length:
      - '8876'
      Content-Type:
      - application/json
    body:
      encoding: US-ASCII
      string: ! '{"endpoints": [{"region_id": "RegionOne", "links": {"self": "http://devstack.openstack.stack:35357/v3/endpoints/185eda94de9340e58245062f75d7f80e"},
        "url": "http://devstack.openstack.stack:35357/v3", "region": "RegionOne", "enabled":
        true, "interface": "admin", "service_id": "b577d8f7c7074d04a1165fcca638b600",
        "id": "185eda94de9340e58245062f75d7f80e"}, {"region_id": "RegionOne", "links":
        {"self": "http://devstack.openstack.stack:35357/v3/endpoints/1ce26a6fffd0424bac135b9c68055b6e"},
        "url": "http://devstack.openstack.stack:8773/", "region": "RegionOne", "enabled": true,
        "interface": "admin", "service_id": "3364a7b95c664bf89a7a8db081576364", "id":
        "1ce26a6fffd0424bac135b9c68055b6e"}, {"region_id": "RegionOne", "links": {"self":
        "http://devstack.openstack.stack:35357/v3/endpoints/261aaf6239bb49a4a1cfa87c19859138"},
        "url": "http://devstack.openstack.stack:8776/v2/$(tenant_id)s", "region": "RegionOne",
        "enabled": true, "interface": "internal", "service_id": "2b92e79c45254516932c633229cd0e8b",
        "id": "261aaf6239bb49a4a1cfa87c19859138"}, {"region_id": "RegionOne", "links":
        {"self": "http://devstack.openstack.stack:35357/v3/endpoints/2f17e155b0aa47838394e6c4f6fe30e0"},
        "url": "http://devstack.openstack.stack:8774/v2.1/$(tenant_id)s", "region": "RegionOne",
        "enabled": true, "interface": "internal", "service_id": "97e665cbada043718180c5a6316df76a",
        "id": "2f17e155b0aa47838394e6c4f6fe30e0"}, {"region_id": "europe", "links":
        {"self": "http://devstack.openstack.stack:35357/v3/endpoints/32bb2c6aea944ea6b4956eb24142d2e2"},
        "url": "http://devstack.openstack.stack:35357/v3", "region": "europe", "enabled": true,
        "interface": "admin", "service_id": "cd9002bbadfe495d81b5ee4c50768009", "id":
        "32bb2c6aea944ea6b4956eb24142d2e2"}, {"region_id": "RegionOne", "links": {"self":
        "http://devstack.openstack.stack:35357/v3/endpoints/437d282e0bb94622aaacc4d194c069a9"},
        "url": "http://devstack.openstack.stack:8776/v2/$(tenant_id)s", "region": "RegionOne",
        "enabled": true, "interface": "admin", "service_id": "2b92e79c45254516932c633229cd0e8b",
        "id": "437d282e0bb94622aaacc4d194c069a9"}, {"region_id": "RegionOne", "links":
        {"self": "http://devstack.openstack.stack:35357/v3/endpoints/4442fbd064844a7bbe6a792507d4b8e3"},
        "url": "http://devstack.openstack.stack:8776/v1/$(tenant_id)s", "region": "RegionOne",
        "enabled": true, "interface": "admin", "service_id": "511b94ce0482484ea09028091dd5e9a5",
        "id": "4442fbd064844a7bbe6a792507d4b8e3"}, {"region_id": "RegionOne", "links":
        {"self": "http://devstack.openstack.stack:35357/v3/endpoints/480ea71dc8cf4c959df1c6304be87056"},
        "url": "http://devstack.openstack.stack:5000/v3", "region": "RegionOne", "enabled":
        true, "interface": "public", "service_id": "cd9002bbadfe495d81b5ee4c50768009",
        "id": "480ea71dc8cf4c959df1c6304be87056"}, {"region_id": "RegionOne", "links":
        {"self": "http://devstack.openstack.stack:35357/v3/endpoints/4b4178fd2e3d4f329600cc4ceaaa7e3a"},
        "url": "http://devstack.openstack.stack:8776/v1/$(tenant_id)s", "region": "RegionOne",
        "enabled": true, "interface": "internal", "service_id": "511b94ce0482484ea09028091dd5e9a5",
        "id": "4b4178fd2e3d4f329600cc4ceaaa7e3a"}, {"region_id": "RegionOne", "links":
        {"self": "http://devstack.openstack.stack:35357/v3/endpoints/5e78bf7bae7c4ff5b9720b2c2e4da743"},
        "url": "http://devstack.openstack.stack:8776/v2/$(tenant_id)s", "region": "RegionOne",
        "enabled": true, "interface": "public", "service_id": "2b92e79c45254516932c633229cd0e8b",
        "id": "5e78bf7bae7c4ff5b9720b2c2e4da743"}, {"region_id": "europe", "links":
        {"self": "http://devstack.openstack.stack:35357/v3/endpoints/600638643d22494fad4f30e3b22ae124"},
        "url": "http://devstack.openstack.stack:5000/v3", "region": "europe", "enabled": true,
        "interface": "public", "service_id": "cd9002bbadfe495d81b5ee4c50768009", "id":
        "600638643d22494fad4f30e3b22ae124"}, {"region_id": "RegionOne", "links": {"self":
        "http://devstack.openstack.stack:35357/v3/endpoints/6e82c8912d3f49a09df51035681d564c"},
        "url": "http://devstack.openstack.stack:9292", "region": "RegionOne", "enabled": true,
        "interface": "public", "service_id": "0d56500210a24c38a3702b6825e24164", "id":
        "6e82c8912d3f49a09df51035681d564c"}, {"region_id": "RegionOne", "links": {"self":
        "http://devstack.openstack.stack:35357/v3/endpoints/7e44d321ae80457abc3728fa1e6feb32"},
        "url": "http://devstack.openstack.stack:9292", "region": "RegionOne", "enabled": true,
        "interface": "admin", "service_id": "0d56500210a24c38a3702b6825e24164", "id":
        "7e44d321ae80457abc3728fa1e6feb32"}, {"region_id": "RegionOne", "links": {"self":
        "http://devstack.openstack.stack:35357/v3/endpoints/81c51855280345e9a6c322ca986d4e4b"},
        "url": "http://devstack.openstack.stack:8774/v2/$(tenant_id)s", "region": "RegionOne",
        "enabled": true, "interface": "internal", "service_id": "5b7028751ed045d79467c7845ecb8c58",
        "id": "81c51855280345e9a6c322ca986d4e4b"}, {"region_id": "RegionOne", "links":
        {"self": "http://devstack.openstack.stack:35357/v3/endpoints/8a254651925e4a3e9505c863a00c017e"},
        "url": "http://devstack.openstack.stack:5000/v3", "region": "RegionOne", "enabled":
        true, "interface": "internal", "service_id": "cd9002bbadfe495d81b5ee4c50768009",
        "id": "8a254651925e4a3e9505c863a00c017e"}, {"region_id": "RegionOne", "links":
        {"self": "http://devstack.openstack.stack:35357/v3/endpoints/90977723dba04ea9a2a184c99565ccff"},
        "url": "http://devstack.openstack.stack:8776/v1/$(tenant_id)s", "region": "RegionOne",
        "enabled": true, "interface": "public", "service_id": "511b94ce0482484ea09028091dd5e9a5",
        "id": "90977723dba04ea9a2a184c99565ccff"}, {"region_id": "RegionOne", "links":
        {"self": "http://devstack.openstack.stack:35357/v3/endpoints/98db699b9ffa4dffb027d78163aad8cc"},
        "url": "http://devstack.openstack.stack:8773/", "region": "RegionOne", "enabled": true,
        "interface": "public", "service_id": "3364a7b95c664bf89a7a8db081576364", "id":
        "98db699b9ffa4dffb027d78163aad8cc"}, {"region_id": "RegionOne", "links": {"self":
        "http://devstack.openstack.stack:35357/v3/endpoints/9abd6797844d455f875af9537325cba4"},
        "url": "http://devstack.openstack.stack:5000/v3", "region": "RegionOne", "enabled":
        true, "interface": "internal", "service_id": "b577d8f7c7074d04a1165fcca638b600",
        "id": "9abd6797844d455f875af9537325cba4"}, {"region_id": "RegionOne", "links":
        {"self": "http://devstack.openstack.stack:35357/v3/endpoints/9d2555fd27dd44e5acfb5e56127d974b"},
        "url": "http://devstack.openstack.stack:8774/v2.1/$(tenant_id)s", "region": "RegionOne",
        "enabled": true, "interface": "public", "service_id": "97e665cbada043718180c5a6316df76a",
        "id": "9d2555fd27dd44e5acfb5e56127d974b"}, {"region_id": "RegionOne", "links":
        {"self": "http://devstack.openstack.stack:35357/v3/endpoints/a0310a37cf6144a6a967cbae9a7959ba"},
        "url": "http://devstack.openstack.stack:8774/v2/$(tenant_id)s", "region": "RegionOne",
        "enabled": true, "interface": "admin", "service_id": "5b7028751ed045d79467c7845ecb8c58",
        "id": "a0310a37cf6144a6a967cbae9a7959ba"}, {"region_id": "europe", "links":
        {"self": "http://devstack.openstack.stack:35357/v3/endpoints/b93da6aaba654d8cb451ff8378d7d2a5"},
        "url": "http://devstack.openstack.stack:5000/v3", "region": "europe", "enabled": true,
        "interface": "internal", "service_id": "cd9002bbadfe495d81b5ee4c50768009",
        "id": "b93da6aaba654d8cb451ff8378d7d2a5"}, {"region_id": "RegionOne", "links":
        {"self": "http://devstack.openstack.stack:35357/v3/endpoints/c9a090a4597040849c03bc13588167f6"},
        "url": "http://devstack.openstack.stack:9292", "region": "RegionOne", "enabled": true,
        "interface": "internal", "service_id": "0d56500210a24c38a3702b6825e24164",
        "id": "c9a090a4597040849c03bc13588167f6"}, {"region_id": "RegionOne", "links":
        {"self": "http://devstack.openstack.stack:35357/v3/endpoints/d3b31f24e4ea40699f731e29e625c187"},
        "url": "http://devstack.openstack.stack:5000/v3", "region": "RegionOne", "enabled":
        true, "interface": "public", "service_id": "b577d8f7c7074d04a1165fcca638b600",
        "id": "d3b31f24e4ea40699f731e29e625c187"}, {"region_id": "RegionOne", "links":
        {"self": "http://devstack.openstack.stack:35357/v3/endpoints/d5f8e0da0f3345529a5fb324d735d4a3"},
        "url": "http://devstack.openstack.stack:35357/v3", "region": "RegionOne", "enabled":
        true, "interface": "admin", "service_id": "cd9002bbadfe495d81b5ee4c50768009",
        "id": "d5f8e0da0f3345529a5fb324d735d4a3"}, {"region_id": "RegionOne", "links":
        {"self": "http://devstack.openstack.stack:35357/v3/endpoints/e8bdd9403fbb4efa8d77bfd4f6a5e34a"},
        "url": "http://devstack.openstack.stack:8774/v2.1/$(tenant_id)s", "region": "RegionOne",
        "enabled": true, "interface": "admin", "service_id": "97e665cbada043718180c5a6316df76a",
        "id": "e8bdd9403fbb4efa8d77bfd4f6a5e34a"}, {"region_id": "RegionOne", "links":
        {"self": "http://devstack.openstack.stack:35357/v3/endpoints/ece52860cf1e4eb6a8fed05c47a30147"},
        "url": "http://devstack.openstack.stack:8773/", "region": "RegionOne", "enabled": true,
        "interface": "internal", "service_id": "3364a7b95c664bf89a7a8db081576364",
        "id": "ece52860cf1e4eb6a8fed05c47a30147"}, {"region_id": "RegionOne", "links":
        {"self": "http://devstack.openstack.stack:35357/v3/endpoints/f6d38c03b9c04a9e924aaa288ce014b8"},
        "url": "http://devstack.openstack.stack:8774/v2/$(tenant_id)s", "region": "RegionOne",
        "enabled": true, "interface": "public", "service_id": "5b7028751ed045d79467c7845ecb8c58",
        "id": "f6d38c03b9c04a9e924aaa288ce014b8"}], "links": {"self": "http://devstack.openstack.stack:35357/v3/endpoints",
        "previous": null, "next": null}}'
    http_version: 
  recorded_at: Tue, 23 Jun 2015 15:09:42 GMT
recorded_with: VCR 2.9.3
