---
http_interactions:
- request:
    method: get
    uri: http://devstack.openstack.stack:35357/v3/users?page=1&per_page=30
    body:
      encoding: US-ASCII
      string: ''
    headers:
      User-Agent:
      - fog/1.31.0 fog-core/1.30.0
      Content-Type:
      - application/json
      Accept:
      - application/json
      X-Auth-Token:
      - 5bc6e7b91ec04cc4902e184255f1db67
  response:
    status:
      code: 200
      message: ''
    headers:
      Date:
      - Mon, 15 Jun 2015 17:44:44 GMT
      Server:
      - Apache/2.4.7 (Ubuntu)
      Vary:
      - X-Auth-Token
      X-Openstack-Request-Id:
      - req-86365660-e6a3-4a05-8fa4-3a39c1bd34ec
      Content-Length:
      - '1408'
      Content-Type:
      - application/json
    body:
      encoding: US-ASCII
      string: ! '{"users": [{"name": "glance", "links": {"self": "http://devstack.openstack.stack:35357/v3/users/07cfb841cddd46819e3dcd5df238ae04"},
        "domain_id": "default", "enabled": true, "email": null, "id": "07cfb841cddd46819e3dcd5df238ae04"},
        {"name": "demo", "links": {"self": "http://devstack.openstack.stack:35357/v3/users/11ba3db90590446fb6d7e0efe6c1f46a"},
        "domain_id": "default", "enabled": true, "email": "demo@example.com", "id":
        "11ba3db90590446fb6d7e0efe6c1f46a"}, {"name": "cinder", "links": {"self":
        "http://devstack.openstack.stack:35357/v3/users/1523e8606bd1400cae36a40e0f3f817e"},
        "domain_id": "default", "enabled": true, "email": null, "id": "1523e8606bd1400cae36a40e0f3f817e"},
        {"name": "nova", "links": {"self": "http://devstack.openstack.stack:35357/v3/users/7afec08993c24bb09df141e513738030"},
        "domain_id": "default", "enabled": true, "email": null, "id": "7afec08993c24bb09df141e513738030"},
        {"name": "u-foobar", "links": {"self": "http://devstack.openstack.stack:35357/v3/users/938bd5585fd145efaadb4a7e588078c1"},
        "domain_id": "default", "enabled": true, "email": "foobar@example.com", "id":
        "938bd5585fd145efaadb4a7e588078c1"}, {"name": "admin", "links": {"self": "http://devstack.openstack.stack:35357/v3/users/aa9f25defa6d4cafb48466df83106065"},
        "domain_id": "default", "enabled": true, "email": null, "id": "aa9f25defa6d4cafb48466df83106065"}],
        "links": {"self": "http://devstack.openstack.stack:35357/v3/users?page=1&per_page=30",
        "previous": null, "next": null}}'
    http_version: 
  recorded_at: Mon, 15 Jun 2015 17:44:44 GMT
- request:
    method: get
    uri: http://devstack.openstack.stack:35357/v3/users/u-random-blah
    body:
      encoding: US-ASCII
      string: ''
    headers:
      User-Agent:
      - fog/1.31.0 fog-core/1.30.0
      Content-Type:
      - application/json
      Accept:
      - application/json
      X-Auth-Token:
      - 5bc6e7b91ec04cc4902e184255f1db67
  response:
    status:
      code: 404
      message: ''
    headers:
      Date:
      - Mon, 15 Jun 2015 17:44:44 GMT
      Server:
      - Apache/2.4.7 (Ubuntu)
      Vary:
      - X-Auth-Token
      X-Openstack-Request-Id:
      - req-aeefb281-7559-4d74-a976-c726ea2f6772
      Content-Length:
      - '95'
      Content-Type:
      - application/json
    body:
      encoding: US-ASCII
      string: ! '{"error": {"message": "Could not find user: u-random-blah", "code":
        404, "title": "Not Found"}}'
    http_version: 
  recorded_at: Mon, 15 Jun 2015 17:44:44 GMT
- request:
    method: get
    uri: http://devstack.openstack.stack:35357/v3/users?name=admin&page=1&per_page=30
    body:
      encoding: US-ASCII
      string: ''
    headers:
      User-Agent:
      - fog/1.31.0 fog-core/1.30.0
      Content-Type:
      - application/json
      Accept:
      - application/json
      X-Auth-Token:
      - 5bc6e7b91ec04cc4902e184255f1db67
  response:
    status:
      code: 200
      message: ''
    headers:
      Date:
      - Mon, 15 Jun 2015 17:44:44 GMT
      Server:
      - Apache/2.4.7 (Ubuntu)
      Vary:
      - X-Auth-Token
      X-Openstack-Request-Id:
      - req-43f9225a-4f9a-4cd0-a8ac-fe1e48b30029
      Content-Length:
      - '341'
      Content-Type:
      - application/json
    body:
      encoding: US-ASCII
      string: ! '{"users": [{"name": "admin", "links": {"self": "http://devstack.openstack.stack:35357/v3/users/aa9f25defa6d4cafb48466df83106065"},
        "domain_id": "default", "enabled": true, "email": null, "id": "aa9f25defa6d4cafb48466df83106065"}],
        "links": {"self": "http://devstack.openstack.stack:35357/v3/users?name=admin&page=1&per_page=30",
        "previous": null, "next": null}}'
    http_version: 
  recorded_at: Mon, 15 Jun 2015 17:44:44 GMT
- request:
    method: get
    uri: http://devstack.openstack.stack:35357/v3/users?page=1&per_page=30
    body:
      encoding: US-ASCII
      string: ''
    headers:
      User-Agent:
      - fog/1.31.0 fog-core/1.30.0
      Content-Type:
      - application/json
      Accept:
      - application/json
      X-Auth-Token:
      - 5bc6e7b91ec04cc4902e184255f1db67
  response:
    status:
      code: 200
      message: ''
    headers:
      Date:
      - Mon, 15 Jun 2015 17:44:44 GMT
      Server:
      - Apache/2.4.7 (Ubuntu)
      Vary:
      - X-Auth-Token
      X-Openstack-Request-Id:
      - req-785fc710-994a-4a32-ab20-c399b127ae49
      Content-Length:
      - '1408'
      Content-Type:
      - application/json
    body:
      encoding: US-ASCII
      string: ! '{"users": [{"name": "glance", "links": {"self": "http://devstack.openstack.stack:35357/v3/users/07cfb841cddd46819e3dcd5df238ae04"},
        "domain_id": "default", "enabled": true, "email": null, "id": "07cfb841cddd46819e3dcd5df238ae04"},
        {"name": "demo", "links": {"self": "http://devstack.openstack.stack:35357/v3/users/11ba3db90590446fb6d7e0efe6c1f46a"},
        "domain_id": "default", "enabled": true, "email": "demo@example.com", "id":
        "11ba3db90590446fb6d7e0efe6c1f46a"}, {"name": "cinder", "links": {"self":
        "http://devstack.openstack.stack:35357/v3/users/1523e8606bd1400cae36a40e0f3f817e"},
        "domain_id": "default", "enabled": true, "email": null, "id": "1523e8606bd1400cae36a40e0f3f817e"},
        {"name": "nova", "links": {"self": "http://devstack.openstack.stack:35357/v3/users/7afec08993c24bb09df141e513738030"},
        "domain_id": "default", "enabled": true, "email": null, "id": "7afec08993c24bb09df141e513738030"},
        {"name": "u-foobar", "links": {"self": "http://devstack.openstack.stack:35357/v3/users/938bd5585fd145efaadb4a7e588078c1"},
        "domain_id": "default", "enabled": true, "email": "foobar@example.com", "id":
        "938bd5585fd145efaadb4a7e588078c1"}, {"name": "admin", "links": {"self": "http://devstack.openstack.stack:35357/v3/users/aa9f25defa6d4cafb48466df83106065"},
        "domain_id": "default", "enabled": true, "email": null, "id": "aa9f25defa6d4cafb48466df83106065"}],
        "links": {"self": "http://devstack.openstack.stack:35357/v3/users?page=1&per_page=30",
        "previous": null, "next": null}}'
    http_version: 
  recorded_at: Mon, 15 Jun 2015 17:44:44 GMT
- request:
    method: get
    uri: http://devstack.openstack.stack:35357/v3/users?page=1&per_page=30
    body:
      encoding: US-ASCII
      string: ''
    headers:
      User-Agent:
      - fog/1.31.0 fog-core/1.30.0
      Content-Type:
      - application/json
      Accept:
      - application/json
      X-Auth-Token:
      - 5bc6e7b91ec04cc4902e184255f1db67
  response:
    status:
      code: 200
      message: ''
    headers:
      Date:
      - Mon, 15 Jun 2015 17:44:44 GMT
      Server:
      - Apache/2.4.7 (Ubuntu)
      Vary:
      - X-Auth-Token
      X-Openstack-Request-Id:
      - req-de350134-82f4-4426-82fd-d5a4ccd2963c
      Content-Length:
      - '1408'
      Content-Type:
      - application/json
    body:
      encoding: US-ASCII
      string: ! '{"users": [{"name": "glance", "links": {"self": "http://devstack.openstack.stack:35357/v3/users/07cfb841cddd46819e3dcd5df238ae04"},
        "domain_id": "default", "enabled": true, "email": null, "id": "07cfb841cddd46819e3dcd5df238ae04"},
        {"name": "demo", "links": {"self": "http://devstack.openstack.stack:35357/v3/users/11ba3db90590446fb6d7e0efe6c1f46a"},
        "domain_id": "default", "enabled": true, "email": "demo@example.com", "id":
        "11ba3db90590446fb6d7e0efe6c1f46a"}, {"name": "cinder", "links": {"self":
        "http://devstack.openstack.stack:35357/v3/users/1523e8606bd1400cae36a40e0f3f817e"},
        "domain_id": "default", "enabled": true, "email": null, "id": "1523e8606bd1400cae36a40e0f3f817e"},
        {"name": "nova", "links": {"self": "http://devstack.openstack.stack:35357/v3/users/7afec08993c24bb09df141e513738030"},
        "domain_id": "default", "enabled": true, "email": null, "id": "7afec08993c24bb09df141e513738030"},
        {"name": "u-foobar", "links": {"self": "http://devstack.openstack.stack:35357/v3/users/938bd5585fd145efaadb4a7e588078c1"},
        "domain_id": "default", "enabled": true, "email": "foobar@example.com", "id":
        "938bd5585fd145efaadb4a7e588078c1"}, {"name": "admin", "links": {"self": "http://devstack.openstack.stack:35357/v3/users/aa9f25defa6d4cafb48466df83106065"},
        "domain_id": "default", "enabled": true, "email": null, "id": "aa9f25defa6d4cafb48466df83106065"}],
        "links": {"self": "http://devstack.openstack.stack:35357/v3/users?page=1&per_page=30",
        "previous": null, "next": null}}'
    http_version: 
  recorded_at: Mon, 15 Jun 2015 17:44:44 GMT
- request:
    method: get
    uri: http://devstack.openstack.stack:35357/v3/users?page=1&per_page=30
    body:
      encoding: US-ASCII
      string: ''
    headers:
      User-Agent:
      - fog/1.31.0 fog-core/1.30.0
      Content-Type:
      - application/json
      Accept:
      - application/json
      X-Auth-Token:
      - 5bc6e7b91ec04cc4902e184255f1db67
  response:
    status:
      code: 200
      message: ''
    headers:
      Date:
      - Mon, 15 Jun 2015 17:44:44 GMT
      Server:
      - Apache/2.4.7 (Ubuntu)
      Vary:
      - X-Auth-Token
      X-Openstack-Request-Id:
      - req-82eda955-3a1b-431a-88b8-d1d9cdb51f85
      Content-Length:
      - '1408'
      Content-Type:
      - application/json
    body:
      encoding: US-ASCII
      string: ! '{"users": [{"name": "glance", "links": {"self": "http://devstack.openstack.stack:35357/v3/users/07cfb841cddd46819e3dcd5df238ae04"},
        "domain_id": "default", "enabled": true, "email": null, "id": "07cfb841cddd46819e3dcd5df238ae04"},
        {"name": "demo", "links": {"self": "http://devstack.openstack.stack:35357/v3/users/11ba3db90590446fb6d7e0efe6c1f46a"},
        "domain_id": "default", "enabled": true, "email": "demo@example.com", "id":
        "11ba3db90590446fb6d7e0efe6c1f46a"}, {"name": "cinder", "links": {"self":
        "http://devstack.openstack.stack:35357/v3/users/1523e8606bd1400cae36a40e0f3f817e"},
        "domain_id": "default", "enabled": true, "email": null, "id": "1523e8606bd1400cae36a40e0f3f817e"},
        {"name": "nova", "links": {"self": "http://devstack.openstack.stack:35357/v3/users/7afec08993c24bb09df141e513738030"},
        "domain_id": "default", "enabled": true, "email": null, "id": "7afec08993c24bb09df141e513738030"},
        {"name": "u-foobar", "links": {"self": "http://devstack.openstack.stack:35357/v3/users/938bd5585fd145efaadb4a7e588078c1"},
        "domain_id": "default", "enabled": true, "email": "foobar@example.com", "id":
        "938bd5585fd145efaadb4a7e588078c1"}, {"name": "admin", "links": {"self": "http://devstack.openstack.stack:35357/v3/users/aa9f25defa6d4cafb48466df83106065"},
        "domain_id": "default", "enabled": true, "email": null, "id": "aa9f25defa6d4cafb48466df83106065"}],
        "links": {"self": "http://devstack.openstack.stack:35357/v3/users?page=1&per_page=30",
        "previous": null, "next": null}}'
    http_version: 
  recorded_at: Mon, 15 Jun 2015 17:44:44 GMT
- request:
    method: get
    uri: http://devstack.openstack.stack:35357/v3/users?name=pimpernel&page=1&per_page=30
    body:
      encoding: US-ASCII
      string: ''
    headers:
      User-Agent:
      - fog/1.31.0 fog-core/1.30.0
      Content-Type:
      - application/json
      Accept:
      - application/json
      X-Auth-Token:
      - 5bc6e7b91ec04cc4902e184255f1db67
  response:
    status:
      code: 200
      message: ''
    headers:
      Date:
      - Mon, 15 Jun 2015 17:44:44 GMT
      Server:
      - Apache/2.4.7 (Ubuntu)
      Vary:
      - X-Auth-Token
      X-Openstack-Request-Id:
      - req-19836f94-be60-4646-a686-951191a062fc
      Content-Length:
      - '138'
      Content-Type:
      - application/json
    body:
      encoding: US-ASCII
      string: ! '{"users": [], "links": {"self": "http://devstack.openstack.stack:35357/v3/users?name=pimpernel&page=1&per_page=30",
        "previous": null, "next": null}}'
    http_version: 
  recorded_at: Mon, 15 Jun 2015 17:44:44 GMT
recorded_with: VCR 2.9.3
