---
http_interactions:
- request:
    method: post
    uri: http://devstack.openstack.stack:35357/v3/users
    body:
      encoding: UTF-8
      string: ! '{"user":{"name":"u-foobar_cred","email":"foobar@example.com","password":"s3cret!"}}'
    headers:
      User-Agent:
      - fog/1.30.0 fog-core/1.30.0
      Content-Type:
      - application/json
      Accept:
      - application/json
      X-Auth-Token:
      - 2d0c9aa22b40408880ecd9fa21c3f472
  response:
    status:
      code: 201
      message: ''
    headers:
      Date:
      - Thu, 04 Jun 2015 10:45:54 GMT
      Server:
      - Apache/2.4.7 (Ubuntu)
      Vary:
      - X-Auth-Token
      X-Openstack-Request-Id:
      - req-1d7f03b7-3ccb-4035-a14a-4ae222a3b902
      Content-Length:
      - '241'
      Content-Type:
      - application/json
    body:
      encoding: US-ASCII
      string: ! '{"user": {"name": "u-foobar_cred", "links": {"self": "http://devstack.openstack.stack:35357/v3/users/d328118bbcd7493b9015e628f68cb30d"},
        "domain_id": "default", "enabled": true, "email": "foobar@example.com", "id":
        "d328118bbcd7493b9015e628f68cb30d"}}'
    http_version: 
  recorded_at: Thu, 04 Jun 2015 10:45:55 GMT
- request:
    method: get
    uri: http://devstack.openstack.stack:35357/v3/projects?page=1&per_page=30
    body:
      encoding: US-ASCII
      string: ''
    headers:
      User-Agent:
      - fog/1.30.0 fog-core/1.30.0
      Content-Type:
      - application/json
      Accept:
      - application/json
      X-Auth-Token:
      - 2d0c9aa22b40408880ecd9fa21c3f472
  response:
    status:
      code: 200
      message: ''
    headers:
      Date:
      - Thu, 04 Jun 2015 10:45:55 GMT
      Server:
      - Apache/2.4.7 (Ubuntu)
      Vary:
      - X-Auth-Token
      X-Openstack-Request-Id:
      - req-5b1bda67-daf3-4455-89de-9732f51b0d34
      Content-Length:
      - '1089'
      Content-Type:
      - application/json
    body:
      encoding: US-ASCII
      string: ! '{"links": {"self": "http://devstack.openstack.stack:35357/v3/projects?page=1&per_page=30",
        "previous": null, "next": null}, "projects": [{"description": null, "links":
        {"self": "http://devstack.openstack.stack:35357/v3/projects/123ac695d4db400a9001b91bb3b8aa46"},
        "enabled": true, "id": "123ac695d4db400a9001b91bb3b8aa46", "parent_id": null,
        "domain_id": "default", "name": "admin"}, {"description": null, "links": {"self":
        "http://devstack.openstack.stack:35357/v3/projects/3e06db1f2ff64d219d27a3f6858bf602"},
        "enabled": true, "id": "3e06db1f2ff64d219d27a3f6858bf602", "parent_id": null,
        "domain_id": "default", "name": "invisible_to_admin"}, {"description": null,
        "links": {"self": "http://devstack.openstack.stack:35357/v3/projects/3ed7ee0512b641d3bb1fe17fc86d8bff"},
        "enabled": true, "id": "3ed7ee0512b641d3bb1fe17fc86d8bff", "parent_id": null,
        "domain_id": "default", "name": "demo"}, {"description": null, "links": {"self":
        "http://devstack.openstack.stack:35357/v3/projects/956fbf1d663b4d6fa9d26c4d78de113f"},
        "enabled": true, "id": "956fbf1d663b4d6fa9d26c4d78de113f", "parent_id": null,
        "domain_id": "default", "name": "service"}]}'
    http_version: 
  recorded_at: Thu, 04 Jun 2015 10:45:55 GMT
- request:
    method: get
    uri: http://devstack.openstack.stack:35357/v3/credentials?page=1&per_page=30
    body:
      encoding: US-ASCII
      string: ''
    headers:
      User-Agent:
      - fog/1.30.0 fog-core/1.30.0
      Content-Type:
      - application/json
      Accept:
      - application/json
      X-Auth-Token:
      - 2d0c9aa22b40408880ecd9fa21c3f472
  response:
    status:
      code: 200
      message: ''
    headers:
      Date:
      - Thu, 04 Jun 2015 10:45:55 GMT
      Server:
      - Apache/2.4.7 (Ubuntu)
      Vary:
      - X-Auth-Token
      X-Openstack-Request-Id:
      - req-88b04b29-1ef2-4c3b-bbcd-4b6af089f9d9
      Content-Length:
      - '135'
      Content-Type:
      - application/json
    body:
      encoding: US-ASCII
      string: ! '{"credentials": [], "links": {"self": "http://devstack.openstack.stack:35357/v3/credentials?page=1&per_page=30",
        "previous": null, "next": null}}'
    http_version: 
  recorded_at: Thu, 04 Jun 2015 10:45:55 GMT
- request:
    method: get
    uri: http://devstack.openstack.stack:35357/v3/credentials?page=1&per_page=30
    body:
      encoding: US-ASCII
      string: ''
    headers:
      User-Agent:
      - fog/1.30.0 fog-core/1.30.0
      Content-Type:
      - application/json
      Accept:
      - application/json
      X-Auth-Token:
      - 2d0c9aa22b40408880ecd9fa21c3f472
  response:
    status:
      code: 200
      message: ''
    headers:
      Date:
      - Thu, 04 Jun 2015 10:45:55 GMT
      Server:
      - Apache/2.4.7 (Ubuntu)
      Vary:
      - X-Auth-Token
      X-Openstack-Request-Id:
      - req-e673e597-119f-4fcb-84e5-c43dd8eb5c07
      Content-Length:
      - '135'
      Content-Type:
      - application/json
    body:
      encoding: US-ASCII
      string: ! '{"credentials": [], "links": {"self": "http://devstack.openstack.stack:35357/v3/credentials?page=1&per_page=30",
        "previous": null, "next": null}}'
    http_version: 
  recorded_at: Thu, 04 Jun 2015 10:45:55 GMT
- request:
    method: post
    uri: http://devstack.openstack.stack:35357/v3/credentials
    body:
      encoding: UTF-8
      string: ! '{"credential":{"type":"ec2","project_id":"123ac695d4db400a9001b91bb3b8aa46","user_id":"d328118bbcd7493b9015e628f68cb30d","blob":"{\"access\":\"9c4e774a-f644-498f-90c4-970b3f817fc5\",\"secret\":\"7e084117-b13d-4656-9eca-85376b690897\"}"}}'
    headers:
      User-Agent:
      - fog/1.30.0 fog-core/1.30.0
      Content-Type:
      - application/json
      Accept:
      - application/json
      X-Auth-Token:
      - 2d0c9aa22b40408880ecd9fa21c3f472
  response:
    status:
      code: 201
      message: ''
    headers:
      Date:
      - Thu, 04 Jun 2015 10:45:55 GMT
      Server:
      - Apache/2.4.7 (Ubuntu)
      Vary:
      - X-Auth-Token
      X-Openstack-Request-Id:
      - req-9a632218-18c4-4629-ae12-55ad6e12f077
      Content-Length:
      - '449'
      Content-Type:
      - application/json
    body:
      encoding: US-ASCII
      string: ! '{"credential": {"user_id": "d328118bbcd7493b9015e628f68cb30d", "links":
        {"self": "http://devstack.openstack.stack:35357/v3/credentials/9e7bb4e633cc08cc863fe15351911e267f2a953b24c1a80f0f35e173303bafae"},
        "blob": "{\"access\":\"9c4e774a-f644-498f-90c4-970b3f817fc5\",\"secret\":\"7e084117-b13d-4656-9eca-85376b690897\"}",
        "project_id": "123ac695d4db400a9001b91bb3b8aa46", "type": "ec2", "id": "9e7bb4e633cc08cc863fe15351911e267f2a953b24c1a80f0f35e173303bafae"}}'
    http_version: 
  recorded_at: Thu, 04 Jun 2015 10:45:55 GMT
- request:
    method: get
    uri: http://devstack.openstack.stack:35357/v3/credentials?page=1&per_page=30
    body:
      encoding: US-ASCII
      string: ''
    headers:
      User-Agent:
      - fog/1.30.0 fog-core/1.30.0
      Content-Type:
      - application/json
      Accept:
      - application/json
      X-Auth-Token:
      - 2d0c9aa22b40408880ecd9fa21c3f472
  response:
    status:
      code: 200
      message: ''
    headers:
      Date:
      - Thu, 04 Jun 2015 10:45:55 GMT
      Server:
      - Apache/2.4.7 (Ubuntu)
      Vary:
      - X-Auth-Token
      X-Openstack-Request-Id:
      - req-c2b0fa5d-d494-4416-bee6-fb7c4ea5e301
      Content-Length:
      - '568'
      Content-Type:
      - application/json
    body:
      encoding: US-ASCII
      string: ! '{"credentials": [{"user_id": "d328118bbcd7493b9015e628f68cb30d",
        "links": {"self": "http://devstack.openstack.stack:35357/v3/credentials/9e7bb4e633cc08cc863fe15351911e267f2a953b24c1a80f0f35e173303bafae"},
        "blob": "{\"access\":\"9c4e774a-f644-498f-90c4-970b3f817fc5\",\"secret\":\"7e084117-b13d-4656-9eca-85376b690897\"}",
        "project_id": "123ac695d4db400a9001b91bb3b8aa46", "type": "ec2", "id": "9e7bb4e633cc08cc863fe15351911e267f2a953b24c1a80f0f35e173303bafae"}],
        "links": {"self": "http://devstack.openstack.stack:35357/v3/credentials?page=1&per_page=30",
        "previous": null, "next": null}}'
    http_version: 
  recorded_at: Thu, 04 Jun 2015 10:45:55 GMT
- request:
    method: patch
    uri: http://devstack.openstack.stack:35357/v3/credentials/9e7bb4e633cc08cc863fe15351911e267f2a953b24c1a80f0f35e173303bafae
    body:
      encoding: UTF-8
      string: ! '{"credential":{"blob":"{\"access\":\"9c4e774a-f644-498f-90c4-970b3f817fc5\",\"secret\":\"62307bcd-ca3c-47ae-a114-27a6cadb5bc9\"}"}}'
    headers:
      User-Agent:
      - fog/1.30.0 fog-core/1.30.0
      Content-Type:
      - application/json
      Accept:
      - application/json
      X-Auth-Token:
      - 2d0c9aa22b40408880ecd9fa21c3f472
  response:
    status:
      code: 200
      message: ''
    headers:
      Date:
      - Thu, 04 Jun 2015 10:45:55 GMT
      Server:
      - Apache/2.4.7 (Ubuntu)
      Vary:
      - X-Auth-Token
      X-Openstack-Request-Id:
      - req-7994afff-5f85-4ed7-bec8-301803292a93
      Content-Length:
      - '449'
      Content-Type:
      - application/json
    body:
      encoding: US-ASCII
      string: ! '{"credential": {"user_id": "d328118bbcd7493b9015e628f68cb30d", "links":
        {"self": "http://devstack.openstack.stack:35357/v3/credentials/9e7bb4e633cc08cc863fe15351911e267f2a953b24c1a80f0f35e173303bafae"},
        "blob": "{\"access\":\"9c4e774a-f644-498f-90c4-970b3f817fc5\",\"secret\":\"62307bcd-ca3c-47ae-a114-27a6cadb5bc9\"}",
        "project_id": "123ac695d4db400a9001b91bb3b8aa46", "type": "ec2", "id": "9e7bb4e633cc08cc863fe15351911e267f2a953b24c1a80f0f35e173303bafae"}}'
    http_version: 
  recorded_at: Thu, 04 Jun 2015 10:45:55 GMT
- request:
    method: get
    uri: http://devstack.openstack.stack:35357/v3/credentials?page=1&per_page=30
    body:
      encoding: US-ASCII
      string: ''
    headers:
      User-Agent:
      - fog/1.30.0 fog-core/1.30.0
      Content-Type:
      - application/json
      Accept:
      - application/json
      X-Auth-Token:
      - 2d0c9aa22b40408880ecd9fa21c3f472
  response:
    status:
      code: 200
      message: ''
    headers:
      Date:
      - Thu, 04 Jun 2015 10:45:55 GMT
      Server:
      - Apache/2.4.7 (Ubuntu)
      Vary:
      - X-Auth-Token
      X-Openstack-Request-Id:
      - req-f6f7b7de-fe40-4a0f-83e0-0c217819e40c
      Content-Length:
      - '568'
      Content-Type:
      - application/json
    body:
      encoding: US-ASCII
      string: ! '{"credentials": [{"user_id": "d328118bbcd7493b9015e628f68cb30d",
        "links": {"self": "http://devstack.openstack.stack:35357/v3/credentials/9e7bb4e633cc08cc863fe15351911e267f2a953b24c1a80f0f35e173303bafae"},
        "blob": "{\"access\":\"9c4e774a-f644-498f-90c4-970b3f817fc5\",\"secret\":\"62307bcd-ca3c-47ae-a114-27a6cadb5bc9\"}",
        "project_id": "123ac695d4db400a9001b91bb3b8aa46", "type": "ec2", "id": "9e7bb4e633cc08cc863fe15351911e267f2a953b24c1a80f0f35e173303bafae"}],
        "links": {"self": "http://devstack.openstack.stack:35357/v3/credentials?page=1&per_page=30",
        "previous": null, "next": null}}'
    http_version: 
  recorded_at: Thu, 04 Jun 2015 10:45:55 GMT
- request:
    method: get
    uri: http://devstack.openstack.stack:35357/v3/credentials?page=1&per_page=30
    body:
      encoding: US-ASCII
      string: ''
    headers:
      User-Agent:
      - fog/1.30.0 fog-core/1.30.0
      Content-Type:
      - application/json
      Accept:
      - application/json
      X-Auth-Token:
      - 2d0c9aa22b40408880ecd9fa21c3f472
  response:
    status:
      code: 200
      message: ''
    headers:
      Date:
      - Thu, 04 Jun 2015 10:45:55 GMT
      Server:
      - Apache/2.4.7 (Ubuntu)
      Vary:
      - X-Auth-Token
      X-Openstack-Request-Id:
      - req-30ac263e-7037-4096-9cde-a492ea64595f
      Content-Length:
      - '568'
      Content-Type:
      - application/json
    body:
      encoding: US-ASCII
      string: ! '{"credentials": [{"user_id": "d328118bbcd7493b9015e628f68cb30d",
        "links": {"self": "http://devstack.openstack.stack:35357/v3/credentials/9e7bb4e633cc08cc863fe15351911e267f2a953b24c1a80f0f35e173303bafae"},
        "blob": "{\"access\":\"9c4e774a-f644-498f-90c4-970b3f817fc5\",\"secret\":\"62307bcd-ca3c-47ae-a114-27a6cadb5bc9\"}",
        "project_id": "123ac695d4db400a9001b91bb3b8aa46", "type": "ec2", "id": "9e7bb4e633cc08cc863fe15351911e267f2a953b24c1a80f0f35e173303bafae"}],
        "links": {"self": "http://devstack.openstack.stack:35357/v3/credentials?page=1&per_page=30",
        "previous": null, "next": null}}'
    http_version: 
  recorded_at: Thu, 04 Jun 2015 10:45:55 GMT
- request:
    method: delete
    uri: http://devstack.openstack.stack:35357/v3/users/d328118bbcd7493b9015e628f68cb30d
    body:
      encoding: US-ASCII
      string: ''
    headers:
      User-Agent:
      - fog/1.30.0 fog-core/1.30.0
      Content-Type:
      - application/json
      Accept:
      - application/json
      X-Auth-Token:
      - 2d0c9aa22b40408880ecd9fa21c3f472
  response:
    status:
      code: 204
      message: ''
    headers:
      Date:
      - Thu, 04 Jun 2015 10:45:55 GMT
      Server:
      - Apache/2.4.7 (Ubuntu)
      Vary:
      - X-Auth-Token
      X-Openstack-Request-Id:
      - req-33c5eb29-1b69-4be7-8cbb-c31f303a1bd3
      Content-Length:
      - '0'
    body:
      encoding: US-ASCII
      string: ''
    http_version: 
  recorded_at: Thu, 04 Jun 2015 10:45:55 GMT
- request:
    method: delete
    uri: http://devstack.openstack.stack:35357/v3/credentials/9e7bb4e633cc08cc863fe15351911e267f2a953b24c1a80f0f35e173303bafae
    body:
      encoding: US-ASCII
      string: ''
    headers:
      User-Agent:
      - fog/1.30.0 fog-core/1.30.0
      Content-Type:
      - application/json
      Accept:
      - application/json
      X-Auth-Token:
      - 2d0c9aa22b40408880ecd9fa21c3f472
  response:
    status:
      code: 404
      message: ''
    headers:
      Date:
      - Thu, 04 Jun 2015 10:45:55 GMT
      Server:
      - Apache/2.4.7 (Ubuntu)
      Vary:
      - X-Auth-Token
      X-Openstack-Request-Id:
      - req-24fe9490-8ac8-4061-a803-0960109f5b97
      Content-Length:
      - '152'
      Content-Type:
      - application/json
    body:
      encoding: US-ASCII
      string: ! '{"error": {"message": "Could not find credential: 9e7bb4e633cc08cc863fe15351911e267f2a953b24c1a80f0f35e173303bafae",
        "code": 404, "title": "Not Found"}}'
    http_version: 
  recorded_at: Thu, 04 Jun 2015 10:45:55 GMT
- request:
    method: get
    uri: http://devstack.openstack.stack:35357/v3/credentials?page=1&per_page=30
    body:
      encoding: US-ASCII
      string: ''
    headers:
      User-Agent:
      - fog/1.30.0 fog-core/1.30.0
      Content-Type:
      - application/json
      Accept:
      - application/json
      X-Auth-Token:
      - 2d0c9aa22b40408880ecd9fa21c3f472
  response:
    status:
      code: 200
      message: ''
    headers:
      Date:
      - Thu, 04 Jun 2015 10:45:55 GMT
      Server:
      - Apache/2.4.7 (Ubuntu)
      Vary:
      - X-Auth-Token
      X-Openstack-Request-Id:
      - req-478baf06-647a-4aa5-ada6-7dcd13ac3d09
      Content-Length:
      - '135'
      Content-Type:
      - application/json
    body:
      encoding: US-ASCII
      string: ! '{"credentials": [], "links": {"self": "http://devstack.openstack.stack:35357/v3/credentials?page=1&per_page=30",
        "previous": null, "next": null}}'
    http_version: 
  recorded_at: Thu, 04 Jun 2015 10:45:55 GMT
- request:
    method: get
    uri: http://devstack.openstack.stack:35357/v3/credentials/9e7bb4e633cc08cc863fe15351911e267f2a953b24c1a80f0f35e173303bafae
    body:
      encoding: US-ASCII
      string: ''
    headers:
      User-Agent:
      - fog/1.30.0 fog-core/1.30.0
      Content-Type:
      - application/json
      Accept:
      - application/json
      X-Auth-Token:
      - 2d0c9aa22b40408880ecd9fa21c3f472
  response:
    status:
      code: 404
      message: ''
    headers:
      Date:
      - Thu, 04 Jun 2015 10:45:55 GMT
      Server:
      - Apache/2.4.7 (Ubuntu)
      Vary:
      - X-Auth-Token
      X-Openstack-Request-Id:
      - req-e2f6ffb1-e780-471a-b391-1f3f69974779
      Content-Length:
      - '152'
      Content-Type:
      - application/json
    body:
      encoding: US-ASCII
      string: ! '{"error": {"message": "Could not find credential: 9e7bb4e633cc08cc863fe15351911e267f2a953b24c1a80f0f35e173303bafae",
        "code": 404, "title": "Not Found"}}'
    http_version: 
  recorded_at: Thu, 04 Jun 2015 10:45:56 GMT
- request:
    method: get
    uri: http://devstack.openstack.stack:35357/v3/credentials?page=1&per_page=30
    body:
      encoding: US-ASCII
      string: ''
    headers:
      User-Agent:
      - fog/1.30.0 fog-core/1.30.0
      Content-Type:
      - application/json
      Accept:
      - application/json
      X-Auth-Token:
      - 2d0c9aa22b40408880ecd9fa21c3f472
  response:
    status:
      code: 200
      message: ''
    headers:
      Date:
      - Thu, 04 Jun 2015 10:45:55 GMT
      Server:
      - Apache/2.4.7 (Ubuntu)
      Vary:
      - X-Auth-Token
      X-Openstack-Request-Id:
      - req-f46a2d7f-250f-4156-b709-22c640397078
      Content-Length:
      - '135'
      Content-Type:
      - application/json
    body:
      encoding: US-ASCII
      string: ! '{"credentials": [], "links": {"self": "http://devstack.openstack.stack:35357/v3/credentials?page=1&per_page=30",
        "previous": null, "next": null}}'
    http_version: 
  recorded_at: Thu, 04 Jun 2015 10:45:56 GMT
recorded_with: VCR 2.9.3
