---
http_interactions:
- request:
    method: get
    uri: http://devstack.openstack.stack:35357/v3/users?name=foobar&page=1&per_page=30
    body:
      encoding: US-ASCII
      string: ''
    headers:
      User-Agent:
      - fog/1.28.0 fog-core/1.29.0
      Content-Type:
      - application/json
      Accept:
      - application/json
      X-Auth-Token:
      - d8291e2a2a2046259316f7c2d4253e92
  response:
    status:
      code: 200
      message: ''
    headers:
      Vary:
      - X-Auth-Token
      X-Distribution:
      - Ubuntu
      Content-Type:
      - application/json
      Content-Length:
      - '114'
      Date:
      - Fri, 13 Mar 2015 11:39:46 GMT
    body:
      encoding: US-ASCII
      string: ! '{"users": [], "links": {"self": "http://devstack.openstack.stack:35357/v3/users",
        "previous": null, "next": null}}'
    http_version: 
  recorded_at: Fri, 13 Mar 2015 11:39:47 GMT
- request:
    method: get
    uri: http://devstack.openstack.stack:35357/v3/users?name=baz&page=1&per_page=30
    body:
      encoding: US-ASCII
      string: ''
    headers:
      User-Agent:
      - fog/1.28.0 fog-core/1.29.0
      Content-Type:
      - application/json
      Accept:
      - application/json
      X-Auth-Token:
      - d8291e2a2a2046259316f7c2d4253e92
  response:
    status:
      code: 200
      message: ''
    headers:
      Vary:
      - X-Auth-Token
      X-Distribution:
      - Ubuntu
      Content-Type:
      - application/json
      Content-Length:
      - '114'
      Date:
      - Fri, 13 Mar 2015 11:39:47 GMT
    body:
      encoding: US-ASCII
      string: ! '{"users": [], "links": {"self": "http://devstack.openstack.stack:35357/v3/users",
        "previous": null, "next": null}}'
    http_version: 
  recorded_at: Fri, 13 Mar 2015 11:39:47 GMT
- request:
    method: get
    uri: http://devstack.openstack.stack:35357/v3/users?name=foobar&page=1&per_page=30
    body:
      encoding: US-ASCII
      string: ''
    headers:
      User-Agent:
      - fog/1.28.0 fog-core/1.29.0
      Content-Type:
      - application/json
      Accept:
      - application/json
      X-Auth-Token:
      - d8291e2a2a2046259316f7c2d4253e92
  response:
    status:
      code: 200
      message: ''
    headers:
      Vary:
      - X-Auth-Token
      X-Distribution:
      - Ubuntu
      Content-Type:
      - application/json
      Content-Length:
      - '114'
      Date:
      - Fri, 13 Mar 2015 11:39:47 GMT
    body:
      encoding: US-ASCII
      string: ! '{"users": [], "links": {"self": "http://devstack.openstack.stack:35357/v3/users",
        "previous": null, "next": null}}'
    http_version: 
  recorded_at: Fri, 13 Mar 2015 11:39:47 GMT
- request:
    method: get
    uri: http://devstack.openstack.stack:35357/v3/users?name=baz&page=1&per_page=30
    body:
      encoding: US-ASCII
      string: ''
    headers:
      User-Agent:
      - fog/1.28.0 fog-core/1.29.0
      Content-Type:
      - application/json
      Accept:
      - application/json
      X-Auth-Token:
      - d8291e2a2a2046259316f7c2d4253e92
  response:
    status:
      code: 200
      message: ''
    headers:
      Vary:
      - X-Auth-Token
      X-Distribution:
      - Ubuntu
      Content-Type:
      - application/json
      Content-Length:
      - '114'
      Date:
      - Fri, 13 Mar 2015 11:39:48 GMT
    body:
      encoding: US-ASCII
      string: ! '{"users": [], "links": {"self": "http://devstack.openstack.stack:35357/v3/users",
        "previous": null, "next": null}}'
    http_version: 
  recorded_at: Fri, 13 Mar 2015 11:39:48 GMT
- request:
    method: post
    uri: http://devstack.openstack.stack:35357/v3/users
    body:
      encoding: UTF-8
      string: ! '{"user":{"name":"foobar","email":"foobar@example.com","password":"s3cret!"}}'
    headers:
      User-Agent:
      - fog/1.28.0 fog-core/1.29.0
      Content-Type:
      - application/json
      Accept:
      - application/json
      X-Auth-Token:
      - d8291e2a2a2046259316f7c2d4253e92
  response:
    status:
      code: 201
      message: ''
    headers:
      Vary:
      - X-Auth-Token
      X-Distribution:
      - Ubuntu
      Content-Type:
      - application/json
      Content-Length:
      - '244'
      Date:
      - Fri, 13 Mar 2015 11:39:48 GMT
    body:
      encoding: US-ASCII
      string: ! '{"user": {"name": "foobar", "links": {"self": "http://devstack.openstack.stack:35357/v3/users/89d387887cda4197beb2fe8e9feb3158"},
        "domain_id": "default", "enabled": true, "email": "foobar@example.com", "id":
        "89d387887cda4197beb2fe8e9feb3158"}}'
    http_version: 
  recorded_at: Fri, 13 Mar 2015 11:39:48 GMT
- request:
    method: get
    uri: http://devstack.openstack.stack:35357/v3/users?name=foobar&page=1&per_page=30
    body:
      encoding: US-ASCII
      string: ''
    headers:
      User-Agent:
      - fog/1.28.0 fog-core/1.29.0
      Content-Type:
      - application/json
      Accept:
      - application/json
      X-Auth-Token:
      - d8291e2a2a2046259316f7c2d4253e92
  response:
    status:
      code: 200
      message: ''
    headers:
      Vary:
      - X-Auth-Token
      X-Distribution:
      - Ubuntu
      Content-Type:
      - application/json
      Content-Length:
      - '348'
      Date:
      - Fri, 13 Mar 2015 11:39:48 GMT
    body:
      encoding: US-ASCII
      string: ! '{"users": [{"name": "foobar", "links": {"self": "http://devstack.openstack.stack:35357/v3/users/89d387887cda4197beb2fe8e9feb3158"},
        "domain_id": "default", "enabled": true, "email": "foobar@example.com", "id":
        "89d387887cda4197beb2fe8e9feb3158"}], "links": {"self": "http://devstack.openstack.stack:35357/v3/users",
        "previous": null, "next": null}}'
    http_version: 
  recorded_at: Fri, 13 Mar 2015 11:39:48 GMT
- request:
    method: patch
    uri: http://devstack.openstack.stack:35357/v3/users/89d387887cda4197beb2fe8e9feb3158
    body:
      encoding: UTF-8
      string: ! '{"user":{"name":"baz","enabled":false}}'
    headers:
      User-Agent:
      - fog/1.28.0 fog-core/1.29.0
      Content-Type:
      - application/json
      Accept:
      - application/json
      X-Auth-Token:
      - d8291e2a2a2046259316f7c2d4253e92
  response:
    status:
      code: 200
      message: ''
    headers:
      Vary:
      - X-Auth-Token
      X-Distribution:
      - Ubuntu
      Content-Type:
      - application/json
      Content-Length:
      - '284'
      Date:
      - Fri, 13 Mar 2015 11:39:49 GMT
    body:
      encoding: US-ASCII
      string: ! '{"user": {"name": "baz", "links": {"self": "http://devstack.openstack.stack:35357/v3/users/89d387887cda4197beb2fe8e9feb3158"},
        "extra": {"email": "foobar@example.com"}, "domain_id": "default", "enabled":
        false, "email": "foobar@example.com", "id": "89d387887cda4197beb2fe8e9feb3158"}}'
    http_version: 
  recorded_at: Fri, 13 Mar 2015 11:39:49 GMT
- request:
    method: get
    uri: http://devstack.openstack.stack:35357/v3/users?name=baz&page=1&per_page=30
    body:
      encoding: US-ASCII
      string: ''
    headers:
      User-Agent:
      - fog/1.28.0 fog-core/1.29.0
      Content-Type:
      - application/json
      Accept:
      - application/json
      X-Auth-Token:
      - d8291e2a2a2046259316f7c2d4253e92
  response:
    status:
      code: 200
      message: ''
    headers:
      Vary:
      - X-Auth-Token
      X-Distribution:
      - Ubuntu
      Content-Type:
      - application/json
      Content-Length:
      - '346'
      Date:
      - Fri, 13 Mar 2015 11:39:49 GMT
    body:
      encoding: US-ASCII
      string: ! '{"users": [{"name": "baz", "links": {"self": "http://devstack.openstack.stack:35357/v3/users/89d387887cda4197beb2fe8e9feb3158"},
        "domain_id": "default", "enabled": false, "email": "foobar@example.com", "id":
        "89d387887cda4197beb2fe8e9feb3158"}], "links": {"self": "http://devstack.openstack.stack:35357/v3/users",
        "previous": null, "next": null}}'
    http_version: 
  recorded_at: Fri, 13 Mar 2015 11:39:49 GMT
- request:
    method: get
    uri: http://devstack.openstack.stack:35357/v3/users?page=1&per_page=30
    body:
      encoding: US-ASCII
      string: ''
    headers:
      User-Agent:
      - fog/1.28.0 fog-core/1.29.0
      Content-Type:
      - application/json
      Accept:
      - application/json
      X-Auth-Token:
      - d8291e2a2a2046259316f7c2d4253e92
  response:
    status:
      code: 200
      message: ''
    headers:
      Vary:
      - X-Auth-Token
      X-Distribution:
      - Ubuntu
      Content-Type:
      - application/json
      Content-Length:
      - '1090'
      Date:
      - Fri, 13 Mar 2015 11:39:49 GMT
    body:
      encoding: US-ASCII
      string: ! '{"users": [{"name": "glance", "links": {"self": "http://devstack.openstack.stack:35357/v3/users/3c5a9e9790614a60b5c19712d8e97c6d"},
        "domain_id": "default", "enabled": true, "email": null, "id": "3c5a9e9790614a60b5c19712d8e97c6d"},
        {"name": "baz", "links": {"self": "http://devstack.openstack.stack:35357/v3/users/89d387887cda4197beb2fe8e9feb3158"},
        "domain_id": "default", "enabled": false, "email": "foobar@example.com", "id":
        "89d387887cda4197beb2fe8e9feb3158"}, {"name": "admin", "links": {"self": "http://devstack.openstack.stack:35357/v3/users/8d5732a0ebd9485396351d74e24c9647"},
        "domain_id": "default", "enabled": true, "email": "andrew@batty.com", "id":
        "8d5732a0ebd9485396351d74e24c9647"}, {"domain_id": "default", "name": "demo",
        "links": {"self": "http://devstack.openstack.stack:35357/v3/users/ac33746004f1470b904e364d408cf42e"},
        "id": "ac33746004f1470b904e364d408cf42e", "enabled": true, "email": "andrew@battye.com",
        "default_project_id": "c9f75b1200f64bf09ed079206a1a1b75"}], "links": {"self":
        "http://devstack.openstack.stack:35357/v3/users", "previous": null, "next":
        null}}'
    http_version: 
  recorded_at: Fri, 13 Mar 2015 11:39:49 GMT
- request:
    method: delete
    uri: http://devstack.openstack.stack:35357/v3/users/89d387887cda4197beb2fe8e9feb3158
    body:
      encoding: US-ASCII
      string: ''
    headers:
      User-Agent:
      - fog/1.28.0 fog-core/1.29.0
      Content-Type:
      - application/json
      Accept:
      - application/json
      X-Auth-Token:
      - d8291e2a2a2046259316f7c2d4253e92
  response:
    status:
      code: 204
      message: ''
    headers:
      Vary:
      - X-Auth-Token
      X-Distribution:
      - Ubuntu
      Content-Length:
      - '0'
      Date:
      - Fri, 13 Mar 2015 11:39:49 GMT
    body:
      encoding: US-ASCII
      string: ''
    http_version: 
  recorded_at: Fri, 13 Mar 2015 11:39:49 GMT
- request:
    method: get
    uri: http://devstack.openstack.stack:35357/v3/users?page=1&per_page=30
    body:
      encoding: US-ASCII
      string: ''
    headers:
      User-Agent:
      - fog/1.28.0 fog-core/1.29.0
      Content-Type:
      - application/json
      Accept:
      - application/json
      X-Auth-Token:
      - d8291e2a2a2046259316f7c2d4253e92
  response:
    status:
      code: 200
      message: ''
    headers:
      Vary:
      - X-Auth-Token
      X-Distribution:
      - Ubuntu
      Content-Type:
      - application/json
      Content-Length:
      - '856'
      Date:
      - Fri, 13 Mar 2015 11:39:50 GMT
    body:
      encoding: US-ASCII
      string: ! '{"users": [{"name": "glance", "links": {"self": "http://devstack.openstack.stack:35357/v3/users/3c5a9e9790614a60b5c19712d8e97c6d"},
        "domain_id": "default", "enabled": true, "email": null, "id": "3c5a9e9790614a60b5c19712d8e97c6d"},
        {"name": "admin", "links": {"self": "http://devstack.openstack.stack:35357/v3/users/8d5732a0ebd9485396351d74e24c9647"},
        "domain_id": "default", "enabled": true, "email": "andrew@batty.com", "id":
        "8d5732a0ebd9485396351d74e24c9647"}, {"domain_id": "default", "name": "demo",
        "links": {"self": "http://devstack.openstack.stack:35357/v3/users/ac33746004f1470b904e364d408cf42e"},
        "id": "ac33746004f1470b904e364d408cf42e", "enabled": true, "email": "andrew@battye.com",
        "default_project_id": "c9f75b1200f64bf09ed079206a1a1b75"}], "links": {"self":
        "http://devstack.openstack.stack:35357/v3/users", "previous": null, "next":
        null}}'
    http_version: 
  recorded_at: Fri, 13 Mar 2015 11:39:50 GMT
- request:
    method: get
    uri: http://devstack.openstack.stack:35357/v3/users/89d387887cda4197beb2fe8e9feb3158
    body:
      encoding: US-ASCII
      string: ''
    headers:
      User-Agent:
      - fog/1.28.0 fog-core/1.29.0
      Content-Type:
      - application/json
      Accept:
      - application/json
      X-Auth-Token:
      - d8291e2a2a2046259316f7c2d4253e92
  response:
    status:
      code: 404
      message: ''
    headers:
      Vary:
      - X-Auth-Token
      X-Distribution:
      - Ubuntu
      Content-Type:
      - application/json
      Content-Length:
      - '115'
      Date:
      - Fri, 13 Mar 2015 11:39:50 GMT
    body:
      encoding: US-ASCII
      string: ! '{"error": {"message": "Could not find user, 89d387887cda4197beb2fe8e9feb3158.",
        "code": 404, "title": "Not Found"}}'
    http_version: 
  recorded_at: Fri, 13 Mar 2015 11:39:50 GMT
- request:
    method: get
    uri: http://devstack.openstack.stack:35357/v3/users?page=1&per_page=30
    body:
      encoding: US-ASCII
      string: ''
    headers:
      User-Agent:
      - fog/1.28.0 fog-core/1.29.0
      Content-Type:
      - application/json
      Accept:
      - application/json
      X-Auth-Token:
      - d8291e2a2a2046259316f7c2d4253e92
  response:
    status:
      code: 200
      message: ''
    headers:
      Vary:
      - X-Auth-Token
      X-Distribution:
      - Ubuntu
      Content-Type:
      - application/json
      Content-Length:
      - '856'
      Date:
      - Fri, 13 Mar 2015 11:39:50 GMT
    body:
      encoding: US-ASCII
      string: ! '{"users": [{"name": "glance", "links": {"self": "http://devstack.openstack.stack:35357/v3/users/3c5a9e9790614a60b5c19712d8e97c6d"},
        "domain_id": "default", "enabled": true, "email": null, "id": "3c5a9e9790614a60b5c19712d8e97c6d"},
        {"name": "admin", "links": {"self": "http://devstack.openstack.stack:35357/v3/users/8d5732a0ebd9485396351d74e24c9647"},
        "domain_id": "default", "enabled": true, "email": "andrew@batty.com", "id":
        "8d5732a0ebd9485396351d74e24c9647"}, {"domain_id": "default", "name": "demo",
        "links": {"self": "http://devstack.openstack.stack:35357/v3/users/ac33746004f1470b904e364d408cf42e"},
        "id": "ac33746004f1470b904e364d408cf42e", "enabled": true, "email": "andrew@battye.com",
        "default_project_id": "c9f75b1200f64bf09ed079206a1a1b75"}], "links": {"self":
        "http://devstack.openstack.stack:35357/v3/users", "previous": null, "next":
        null}}'
    http_version: 
  recorded_at: Fri, 13 Mar 2015 11:39:50 GMT
- request:
    method: get
    uri: http://devstack.openstack.stack:35357/v3/users?name=foobar&page=1&per_page=30
    body:
      encoding: US-ASCII
      string: ''
    headers:
      User-Agent:
      - fog/1.28.0 fog-core/1.29.0
      Content-Type:
      - application/json
      Accept:
      - application/json
      X-Auth-Token:
      - d8291e2a2a2046259316f7c2d4253e92
  response:
    status:
      code: 200
      message: ''
    headers:
      Vary:
      - X-Auth-Token
      X-Distribution:
      - Ubuntu
      Content-Type:
      - application/json
      Content-Length:
      - '114'
      Date:
      - Fri, 13 Mar 2015 11:39:50 GMT
    body:
      encoding: US-ASCII
      string: ! '{"users": [], "links": {"self": "http://devstack.openstack.stack:35357/v3/users",
        "previous": null, "next": null}}'
    http_version: 
  recorded_at: Fri, 13 Mar 2015 11:39:50 GMT
- request:
    method: get
    uri: http://devstack.openstack.stack:35357/v3/users?name=baz&page=1&per_page=30
    body:
      encoding: US-ASCII
      string: ''
    headers:
      User-Agent:
      - fog/1.28.0 fog-core/1.29.0
      Content-Type:
      - application/json
      Accept:
      - application/json
      X-Auth-Token:
      - d8291e2a2a2046259316f7c2d4253e92
  response:
    status:
      code: 200
      message: ''
    headers:
      Vary:
      - X-Auth-Token
      X-Distribution:
      - Ubuntu
      Content-Type:
      - application/json
      Content-Length:
      - '114'
      Date:
      - Fri, 13 Mar 2015 11:39:50 GMT
    body:
      encoding: US-ASCII
      string: ! '{"users": [], "links": {"self": "http://devstack.openstack.stack:35357/v3/users",
        "previous": null, "next": null}}'
    http_version: 
  recorded_at: Fri, 13 Mar 2015 11:39:51 GMT
recorded_with: VCR 2.9.3
