---
http_interactions:
- request:
    method: post
    uri: http://devstack.openstack.stack:35357/v3/roles
    body:
      encoding: UTF-8
      string: ! '{"role":{"name":"foobar23"}}'
    headers:
      User-Agent:
      - fog/1.31.0 fog-core/1.30.0
      Content-Type:
      - application/json
      Accept:
      - application/json
      X-Auth-Token:
      - 7b745f289de14e26a7a9db5cbef90b7e
  response:
    status:
      code: 201
      message: ''
    headers:
      Date:
      - Wed, 17 Jun 2015 15:06:12 GMT
      Server:
      - Apache/2.4.7 (Ubuntu)
      Vary:
      - X-Auth-Token
      X-Openstack-Request-Id:
      - req-18c6d61c-1f7f-4456-a1d4-026b816268a9
      Content-Length:
      - '164'
      Content-Type:
      - application/json
    body:
      encoding: US-ASCII
      string: ! '{"role": {"id": "de6f1de9bfb04b69ab07227b43256747", "links": {"self":
        "http://devstack.openstack.stack:35357/v3/roles/de6f1de9bfb04b69ab07227b43256747"},
        "name": "foobar23"}}'
    http_version: 
  recorded_at: Wed, 17 Jun 2015 15:06:43 GMT
- request:
    method: get
    uri: http://devstack.openstack.stack:35357/v3/roles?name=foobar23&page=1&per_page=30
    body:
      encoding: US-ASCII
      string: ''
    headers:
      User-Agent:
      - fog/1.31.0 fog-core/1.30.0
      Content-Type:
      - application/json
      Accept:
      - application/json
      X-Auth-Token:
      - 7b745f289de14e26a7a9db5cbef90b7e
  response:
    status:
      code: 200
      message: ''
    headers:
      Date:
      - Wed, 17 Jun 2015 15:06:12 GMT
      Server:
      - Apache/2.4.7 (Ubuntu)
      Vary:
      - X-Auth-Token
      X-Openstack-Request-Id:
      - req-327bb7d2-1b13-4c63-b34a-59543b80ce97
      Content-Length:
      - '291'
      Content-Type:
      - application/json
    body:
      encoding: US-ASCII
      string: ! '{"links": {"self": "http://devstack.openstack.stack:35357/v3/roles?name=foobar23&page=1&per_page=30",
        "previous": null, "next": null}, "roles": [{"id": "de6f1de9bfb04b69ab07227b43256747",
        "links": {"self": "http://devstack.openstack.stack:35357/v3/roles/de6f1de9bfb04b69ab07227b43256747"},
        "name": "foobar23"}]}'
    http_version: 
  recorded_at: Wed, 17 Jun 2015 15:06:43 GMT
- request:
    method: patch
    uri: http://devstack.openstack.stack:35357/v3/roles/de6f1de9bfb04b69ab07227b43256747
    body:
      encoding: UTF-8
      string: ! '{"role":{"name":"baz23"}}'
    headers:
      User-Agent:
      - fog/1.31.0 fog-core/1.30.0
      Content-Type:
      - application/json
      Accept:
      - application/json
      X-Auth-Token:
      - 7b745f289de14e26a7a9db5cbef90b7e
  response:
    status:
      code: 200
      message: ''
    headers:
      Date:
      - Wed, 17 Jun 2015 15:06:12 GMT
      Server:
      - Apache/2.4.7 (Ubuntu)
      Vary:
      - X-Auth-Token
      X-Openstack-Request-Id:
      - req-81649286-7540-489c-844b-a94976be8a68
      Content-Length:
      - '161'
      Content-Type:
      - application/json
    body:
      encoding: US-ASCII
      string: ! '{"role": {"id": "de6f1de9bfb04b69ab07227b43256747", "links": {"self":
        "http://devstack.openstack.stack:35357/v3/roles/de6f1de9bfb04b69ab07227b43256747"},
        "name": "baz23"}}'
    http_version: 
  recorded_at: Wed, 17 Jun 2015 15:06:43 GMT
- request:
    method: get
    uri: http://devstack.openstack.stack:35357/v3/roles?name=baz23&page=1&per_page=30
    body:
      encoding: US-ASCII
      string: ''
    headers:
      User-Agent:
      - fog/1.31.0 fog-core/1.30.0
      Content-Type:
      - application/json
      Accept:
      - application/json
      X-Auth-Token:
      - 7b745f289de14e26a7a9db5cbef90b7e
  response:
    status:
      code: 200
      message: ''
    headers:
      Date:
      - Wed, 17 Jun 2015 15:06:12 GMT
      Server:
      - Apache/2.4.7 (Ubuntu)
      Vary:
      - X-Auth-Token
      X-Openstack-Request-Id:
      - req-60ef618b-b013-4721-86b1-218f1a808005
      Content-Length:
      - '285'
      Content-Type:
      - application/json
    body:
      encoding: US-ASCII
      string: ! '{"links": {"self": "http://devstack.openstack.stack:35357/v3/roles?name=baz23&page=1&per_page=30",
        "previous": null, "next": null}, "roles": [{"id": "de6f1de9bfb04b69ab07227b43256747",
        "links": {"self": "http://devstack.openstack.stack:35357/v3/roles/de6f1de9bfb04b69ab07227b43256747"},
        "name": "baz23"}]}'
    http_version: 
  recorded_at: Wed, 17 Jun 2015 15:06:44 GMT
- request:
    method: get
    uri: http://devstack.openstack.stack:35357/v3/roles?page=1&per_page=30
    body:
      encoding: US-ASCII
      string: ''
    headers:
      User-Agent:
      - fog/1.31.0 fog-core/1.30.0
      Content-Type:
      - application/json
      Accept:
      - application/json
      X-Auth-Token:
      - 7b745f289de14e26a7a9db5cbef90b7e
  response:
    status:
      code: 200
      message: ''
    headers:
      Date:
      - Wed, 17 Jun 2015 15:06:12 GMT
      Server:
      - Apache/2.4.7 (Ubuntu)
      Vary:
      - X-Auth-Token
      X-Openstack-Request-Id:
      - req-ac0cbe60-fc1d-4249-8a1f-1b8baca0bbcd
      Content-Length:
      - '1056'
      Content-Type:
      - application/json
    body:
      encoding: US-ASCII
      string: ! '{"links": {"self": "http://devstack.openstack.stack:35357/v3/roles?page=1&per_page=30",
        "previous": null, "next": null}, "roles": [{"id": "1348e84f9797426bb6ec4cae1e6289d7",
        "links": {"self": "http://devstack.openstack.stack:35357/v3/roles/1348e84f9797426bb6ec4cae1e6289d7"},
        "name": "anotherrole"}, {"id": "430e91ef76b74b728a2864bc8a410a60", "links":
        {"self": "http://devstack.openstack.stack:35357/v3/roles/430e91ef76b74b728a2864bc8a410a60"},
        "name": "service"}, {"id": "64537dfec884463faf4978fcb9ec1e14", "links": {"self":
        "http://devstack.openstack.stack:35357/v3/roles/64537dfec884463faf4978fcb9ec1e14"},
        "name": "Member"}, {"id": "6ead57f8ae124996af8b0beb72ff1007", "links": {"self":
        "http://devstack.openstack.stack:35357/v3/roles/6ead57f8ae124996af8b0beb72ff1007"},
        "name": "admin"}, {"id": "d7390adf0b014ceb9247591b70d0eac9", "links": {"self":
        "http://devstack.openstack.stack:35357/v3/roles/d7390adf0b014ceb9247591b70d0eac9"},
        "name": "ResellerAdmin"}, {"id": "de6f1de9bfb04b69ab07227b43256747", "links":
        {"self": "http://devstack.openstack.stack:35357/v3/roles/de6f1de9bfb04b69ab07227b43256747"},
        "name": "baz23"}]}'
    http_version: 
  recorded_at: Wed, 17 Jun 2015 15:06:44 GMT
- request:
    method: delete
    uri: http://devstack.openstack.stack:35357/v3/roles/de6f1de9bfb04b69ab07227b43256747
    body:
      encoding: US-ASCII
      string: ''
    headers:
      User-Agent:
      - fog/1.31.0 fog-core/1.30.0
      Content-Type:
      - application/json
      Accept:
      - application/json
      X-Auth-Token:
      - 7b745f289de14e26a7a9db5cbef90b7e
  response:
    status:
      code: 204
      message: ''
    headers:
      Date:
      - Wed, 17 Jun 2015 15:06:12 GMT
      Server:
      - Apache/2.4.7 (Ubuntu)
      Vary:
      - X-Auth-Token
      X-Openstack-Request-Id:
      - req-35cd331c-4f5b-42f8-b7c4-dc061a6fa5e6
      Content-Length:
      - '0'
    body:
      encoding: US-ASCII
      string: ''
    http_version: 
  recorded_at: Wed, 17 Jun 2015 15:06:44 GMT
- request:
    method: get
    uri: http://devstack.openstack.stack:35357/v3/roles?page=1&per_page=30
    body:
      encoding: US-ASCII
      string: ''
    headers:
      User-Agent:
      - fog/1.31.0 fog-core/1.30.0
      Content-Type:
      - application/json
      Accept:
      - application/json
      X-Auth-Token:
      - 7b745f289de14e26a7a9db5cbef90b7e
  response:
    status:
      code: 200
      message: ''
    headers:
      Date:
      - Wed, 17 Jun 2015 15:06:12 GMT
      Server:
      - Apache/2.4.7 (Ubuntu)
      Vary:
      - X-Auth-Token
      X-Openstack-Request-Id:
      - req-5b06a88f-c29a-4310-89a0-ae40bd48f9f1
      Content-Length:
      - '903'
      Content-Type:
      - application/json
    body:
      encoding: US-ASCII
      string: ! '{"links": {"self": "http://devstack.openstack.stack:35357/v3/roles?page=1&per_page=30",
        "previous": null, "next": null}, "roles": [{"id": "1348e84f9797426bb6ec4cae1e6289d7",
        "links": {"self": "http://devstack.openstack.stack:35357/v3/roles/1348e84f9797426bb6ec4cae1e6289d7"},
        "name": "anotherrole"}, {"id": "430e91ef76b74b728a2864bc8a410a60", "links":
        {"self": "http://devstack.openstack.stack:35357/v3/roles/430e91ef76b74b728a2864bc8a410a60"},
        "name": "service"}, {"id": "64537dfec884463faf4978fcb9ec1e14", "links": {"self":
        "http://devstack.openstack.stack:35357/v3/roles/64537dfec884463faf4978fcb9ec1e14"},
        "name": "Member"}, {"id": "6ead57f8ae124996af8b0beb72ff1007", "links": {"self":
        "http://devstack.openstack.stack:35357/v3/roles/6ead57f8ae124996af8b0beb72ff1007"},
        "name": "admin"}, {"id": "d7390adf0b014ceb9247591b70d0eac9", "links": {"self":
        "http://devstack.openstack.stack:35357/v3/roles/d7390adf0b014ceb9247591b70d0eac9"},
        "name": "ResellerAdmin"}]}'
    http_version: 
  recorded_at: Wed, 17 Jun 2015 15:06:44 GMT
- request:
    method: get
    uri: http://devstack.openstack.stack:35357/v3/roles/de6f1de9bfb04b69ab07227b43256747
    body:
      encoding: US-ASCII
      string: ''
    headers:
      User-Agent:
      - fog/1.31.0 fog-core/1.30.0
      Content-Type:
      - application/json
      Accept:
      - application/json
      X-Auth-Token:
      - 7b745f289de14e26a7a9db5cbef90b7e
  response:
    status:
      code: 404
      message: ''
    headers:
      Date:
      - Wed, 17 Jun 2015 15:06:12 GMT
      Server:
      - Apache/2.4.7 (Ubuntu)
      Vary:
      - X-Auth-Token
      X-Openstack-Request-Id:
      - req-91e0687b-cc12-4648-85c1-d15b7e639e20
      Content-Length:
      - '114'
      Content-Type:
      - application/json
    body:
      encoding: US-ASCII
      string: ! '{"error": {"message": "Could not find role: de6f1de9bfb04b69ab07227b43256747",
        "code": 404, "title": "Not Found"}}'
    http_version: 
  recorded_at: Wed, 17 Jun 2015 15:06:44 GMT
- request:
    method: get
    uri: http://devstack.openstack.stack:35357/v3/roles?name=foobar23&page=1&per_page=30
    body:
      encoding: US-ASCII
      string: ''
    headers:
      User-Agent:
      - fog/1.31.0 fog-core/1.30.0
      Content-Type:
      - application/json
      Accept:
      - application/json
      X-Auth-Token:
      - 7b745f289de14e26a7a9db5cbef90b7e
  response:
    status:
      code: 200
      message: ''
    headers:
      Date:
      - Wed, 17 Jun 2015 15:06:12 GMT
      Server:
      - Apache/2.4.7 (Ubuntu)
      Vary:
      - X-Auth-Token
      X-Openstack-Request-Id:
      - req-bec815d4-7645-45ff-b77a-6ae918762cf9
      Content-Length:
      - '137'
      Content-Type:
      - application/json
    body:
      encoding: US-ASCII
      string: ! '{"links": {"self": "http://devstack.openstack.stack:35357/v3/roles?name=foobar23&page=1&per_page=30",
        "previous": null, "next": null}, "roles": []}'
    http_version: 
  recorded_at: Wed, 17 Jun 2015 15:06:44 GMT
- request:
    method: get
    uri: http://devstack.openstack.stack:35357/v3/roles?name=baz23&page=1&per_page=30
    body:
      encoding: US-ASCII
      string: ''
    headers:
      User-Agent:
      - fog/1.31.0 fog-core/1.30.0
      Content-Type:
      - application/json
      Accept:
      - application/json
      X-Auth-Token:
      - 7b745f289de14e26a7a9db5cbef90b7e
  response:
    status:
      code: 200
      message: ''
    headers:
      Date:
      - Wed, 17 Jun 2015 15:06:12 GMT
      Server:
      - Apache/2.4.7 (Ubuntu)
      Vary:
      - X-Auth-Token
      X-Openstack-Request-Id:
      - req-f552c5ee-a376-47c7-8c95-8e20f1bafb87
      Content-Length:
      - '134'
      Content-Type:
      - application/json
    body:
      encoding: US-ASCII
      string: ! '{"links": {"self": "http://devstack.openstack.stack:35357/v3/roles?name=baz23&page=1&per_page=30",
        "previous": null, "next": null}, "roles": []}'
    http_version: 
  recorded_at: Wed, 17 Jun 2015 15:06:44 GMT
recorded_with: VCR 2.9.3
