---
http_interactions:
- request:
    method: post
    uri: http://devstack.openstack.stack:35357/v3/users
    body:
      encoding: UTF-8
      string: '{"user":{"name":"foobar_role_user","email":"foobar@example.com","password":"s3cret!"}}'
    headers:
      User-Agent:
      - fog-core/1.32.1
      Proxy-Connection:
      - Keep-Alive
      Content-Type:
      - application/json
      Accept:
      - application/json
      X-Auth-Token:
      - e6b2788de4cb4562b55c8a7bb05e8444
  response:
    status:
      code: 201
      message: ''
    headers:
      Date:
      - Wed, 28 Oct 2015 16:05:45 GMT
      Server:
      - Apache/2.4.7 (Ubuntu)
      Vary:
      - X-Auth-Token
      X-Openstack-Request-Id:
      - req-3462c5a2-989f-4e39-8c5f-433be1d29850
      Content-Length:
      - '241'
      Content-Type:
      - application/json
      X-Cache:
      - MISS from i056593-vagrant
      X-Cache-Lookup:
      - MISS from i056593-vagrant:3128
      Via:
      - 1.1 i056593-vagrant (squid/3.3.8)
      Connection:
      - keep-alive
    body:
      encoding: UTF-8
      string: '{"user": {"name": "foobar_role_user", "links": {"self": "http://devstack.openstack.stack:35357/v3/users/3ba0fd3e3a3b4630bf2d57a881ace3e9"},
        "domain_id": "default", "enabled": true, "email": "foobar@example.com", "id":
        "3ba0fd3e3a3b4630bf2d57a881ace3e9"}}'
    http_version: 
  recorded_at: Wed, 28 Oct 2015 16:05:26 GMT
- request:
    method: get
    uri: http://devstack.openstack.stack:35357/v3/domains/default/users/3ba0fd3e3a3b4630bf2d57a881ace3e9/roles
    body:
      encoding: US-ASCII
      string: ''
    headers:
      User-Agent:
      - fog-core/1.32.1
      Proxy-Connection:
      - Keep-Alive
      Content-Type:
      - application/json
      Accept:
      - application/json
      X-Auth-Token:
      - e6b2788de4cb4562b55c8a7bb05e8444
  response:
    status:
      code: 200
      message: ''
    headers:
      Date:
      - Wed, 28 Oct 2015 16:05:45 GMT
      Server:
      - Apache/2.4.7 (Ubuntu)
      Vary:
      - X-Auth-Token
      X-Openstack-Request-Id:
      - req-aa8ebee3-6212-489f-813d-2c2b2a5160dd
      Content-Length:
      - '156'
      Content-Type:
      - application/json
      X-Cache:
      - MISS from i056593-vagrant
      X-Cache-Lookup:
      - MISS from i056593-vagrant:3128
      Via:
      - 1.1 i056593-vagrant (squid/3.3.8)
      Connection:
      - keep-alive
    body:
      encoding: UTF-8
      string: '{"links": {"self": "http://devstack.openstack.stack:35357/v3/domains/default/users/3ba0fd3e3a3b4630bf2d57a881ace3e9/roles",
        "previous": null, "next": null}, "roles": []}'
    http_version: 
  recorded_at: Wed, 28 Oct 2015 16:05:26 GMT
- request:
    method: post
    uri: http://devstack.openstack.stack:35357/v3/roles
    body:
      encoding: UTF-8
      string: '{"role":{"name":"foobar_role"}}'
    headers:
      User-Agent:
      - fog-core/1.32.1
      Proxy-Connection:
      - Keep-Alive
      Content-Type:
      - application/json
      Accept:
      - application/json
      X-Auth-Token:
      - e6b2788de4cb4562b55c8a7bb05e8444
  response:
    status:
      code: 201
      message: ''
    headers:
      Date:
      - Wed, 28 Oct 2015 16:05:45 GMT
      Server:
      - Apache/2.4.7 (Ubuntu)
      Vary:
      - X-Auth-Token
      X-Openstack-Request-Id:
      - req-8da10cb7-e8bd-47be-8bf3-dff1b57d790b
      Content-Length:
      - '164'
      Content-Type:
      - application/json
      X-Cache:
      - MISS from i056593-vagrant
      X-Cache-Lookup:
      - MISS from i056593-vagrant:3128
      Via:
      - 1.1 i056593-vagrant (squid/3.3.8)
      Connection:
      - keep-alive
    body:
      encoding: UTF-8
      string: '{"role": {"id": "61f39a658f4445b1a3a6743228d72f8f", "links": {"self":
        "http://devstack.openstack.stack:35357/v3/roles/61f39a658f4445b1a3a6743228d72f8f"}, "name":
        "foobar_role"}}'
    http_version: 
  recorded_at: Wed, 28 Oct 2015 16:05:26 GMT
- request:
    method: put
    uri: http://devstack.openstack.stack:35357/v3/domains/default/users/3ba0fd3e3a3b4630bf2d57a881ace3e9/roles/61f39a658f4445b1a3a6743228d72f8f
    body:
      encoding: US-ASCII
      string: ''
    headers:
      User-Agent:
      - fog-core/1.32.1
      Proxy-Connection:
      - Keep-Alive
      Content-Type:
      - application/json
      Accept:
      - application/json
      X-Auth-Token:
      - e6b2788de4cb4562b55c8a7bb05e8444
  response:
    status:
      code: 204
      message: ''
    headers:
      Date:
      - Wed, 28 Oct 2015 16:05:45 GMT
      Server:
      - Apache/2.4.7 (Ubuntu)
      Vary:
      - X-Auth-Token
      X-Openstack-Request-Id:
      - req-5f092fd6-5f99-48a1-bc3a-d5aa27b66b78
      Content-Length:
      - '0'
      X-Cache:
      - MISS from i056593-vagrant
      X-Cache-Lookup:
      - MISS from i056593-vagrant:3128
      Via:
      - 1.1 i056593-vagrant (squid/3.3.8)
      Connection:
      - keep-alive
    body:
      encoding: UTF-8
      string: ''
    http_version: 
  recorded_at: Wed, 28 Oct 2015 16:05:26 GMT
- request:
    method: get
    uri: http://devstack.openstack.stack:35357/v3/domains/default/users/3ba0fd3e3a3b4630bf2d57a881ace3e9/roles
    body:
      encoding: US-ASCII
      string: ''
    headers:
      User-Agent:
      - fog-core/1.32.1
      Proxy-Connection:
      - Keep-Alive
      Content-Type:
      - application/json
      Accept:
      - application/json
      X-Auth-Token:
      - e6b2788de4cb4562b55c8a7bb05e8444
  response:
    status:
      code: 200
      message: ''
    headers:
      Date:
      - Wed, 28 Oct 2015 16:05:45 GMT
      Server:
      - Apache/2.4.7 (Ubuntu)
      Vary:
      - X-Auth-Token
      X-Openstack-Request-Id:
      - req-76ca0835-a697-4e7e-9ce0-ca17d5f8694e
      Content-Length:
      - '310'
      Content-Type:
      - application/json
      X-Cache:
      - MISS from i056593-vagrant
      X-Cache-Lookup:
      - MISS from i056593-vagrant:3128
      Via:
      - 1.1 i056593-vagrant (squid/3.3.8)
      Connection:
      - keep-alive
    body:
      encoding: UTF-8
      string: '{"links": {"self": "http://devstack.openstack.stack:35357/v3/domains/default/users/3ba0fd3e3a3b4630bf2d57a881ace3e9/roles",
        "previous": null, "next": null}, "roles": [{"id": "61f39a658f4445b1a3a6743228d72f8f",
        "links": {"self": "http://devstack.openstack.stack:35357/v3/roles/61f39a658f4445b1a3a6743228d72f8f"},
        "name": "foobar_role"}]}'
    http_version: 
  recorded_at: Wed, 28 Oct 2015 16:05:26 GMT
- request:
    method: get
    uri: http://devstack.openstack.stack:35357/v3/role_assignments?user.id=3ba0fd3e3a3b4630bf2d57a881ace3e9
    body:
      encoding: US-ASCII
      string: ''
    headers:
      User-Agent:
      - fog-core/1.32.1
      Proxy-Connection:
      - Keep-Alive
      Content-Type:
      - application/json
      Accept:
      - application/json
      X-Auth-Token:
      - e6b2788de4cb4562b55c8a7bb05e8444
  response:
    status:
      code: 200
      message: ''
    headers:
      Date:
      - Wed, 28 Oct 2015 16:05:46 GMT
      Server:
      - Apache/2.4.7 (Ubuntu)
      Vary:
      - X-Auth-Token
      X-Openstack-Request-Id:
      - req-867d4a42-4f84-4d42-b26b-df6bc242c3bb
      Content-Length:
      - '458'
      Content-Type:
      - application/json
      X-Cache:
      - MISS from i056593-vagrant
      X-Cache-Lookup:
      - MISS from i056593-vagrant:3128
      Via:
      - 1.1 i056593-vagrant (squid/3.3.8)
      Connection:
      - keep-alive
    body:
      encoding: UTF-8
      string: '{"role_assignments": [{"scope": {"domain": {"id": "default"}}, "role":
        {"id": "61f39a658f4445b1a3a6743228d72f8f"}, "user": {"id": "3ba0fd3e3a3b4630bf2d57a881ace3e9"},
        "links": {"assignment": "http://devstack.openstack.stack:35357/v3/domains/default/users/3ba0fd3e3a3b4630bf2d57a881ace3e9/roles/61f39a658f4445b1a3a6743228d72f8f"}}],
        "links": {"self": "http://devstack.openstack.stack:35357/v3/role_assignments?user.id=3ba0fd3e3a3b4630bf2d57a881ace3e9",
        "previous": null, "next": null}}'
    http_version: 
  recorded_at: Wed, 28 Oct 2015 16:05:26 GMT
- request:
    method: get
    uri: http://devstack.openstack.stack:35357/v3/role_assignments
    body:
      encoding: US-ASCII
      string: ''
    headers:
      User-Agent:
      - fog-core/1.32.1
      Proxy-Connection:
      - Keep-Alive
      Content-Type:
      - application/json
      Accept:
      - application/json
      X-Auth-Token:
      - e6b2788de4cb4562b55c8a7bb05e8444
  response:
    status:
      code: 200
      message: ''
    headers:
      Date:
      - Wed, 28 Oct 2015 16:05:46 GMT
      Server:
      - Apache/2.4.7 (Ubuntu)
      Vary:
      - X-Auth-Token
      X-Openstack-Request-Id:
      - req-bef5ada9-3d9b-4b46-a70c-432be2831fec
      Content-Length:
      - '31683'
      Content-Type:
      - application/json
      X-Cache:
      - MISS from i056593-vagrant
      X-Cache-Lookup:
      - MISS from i056593-vagrant:3128
      Via:
      - 1.1 i056593-vagrant (squid/3.3.8)
      Connection:
      - keep-alive
    body:
      encoding: UTF-8
      string: '{"role_assignments": [{"scope": {"project": {"id": "7695231df10d4cb5b6b5a1f74cb20c1d"}},
        "role": {"id": "f6ca227446954afdb745b5fa83166c00"}, "user": {"id": "3fac8bae1b6f4d2e99a1cecf9b27f797"},
        "links": {"assignment": "http://devstack.openstack.stack:35357/v3/projects/7695231df10d4cb5b6b5a1f74cb20c1d/users/3fac8bae1b6f4d2e99a1cecf9b27f797/roles/f6ca227446954afdb745b5fa83166c00"}},
        {"scope": {"project": {"id": "7695231df10d4cb5b6b5a1f74cb20c1d"}}, "role":
        {"id": "d98e5f87050646f194c8c23b9e3f2bca"}, "user": {"id": "4467ea650993437786817ca7ec1348ad"},
        "links": {"assignment": "http://devstack.openstack.stack:35357/v3/projects/7695231df10d4cb5b6b5a1f74cb20c1d/users/4467ea650993437786817ca7ec1348ad/roles/d98e5f87050646f194c8c23b9e3f2bca"}},
        {"scope": {"project": {"id": "7695231df10d4cb5b6b5a1f74cb20c1d"}}, "role":
        {"id": "f6ca227446954afdb745b5fa83166c00"}, "user": {"id": "5f2d40b549ab419291fdc02ca93a2b21"},
        "links": {"assignment": "http://devstack.openstack.stack:35357/v3/projects/7695231df10d4cb5b6b5a1f74cb20c1d/users/5f2d40b549ab419291fdc02ca93a2b21/roles/f6ca227446954afdb745b5fa83166c00"}},
        {"scope": {"project": {"id": "7695231df10d4cb5b6b5a1f74cb20c1d"}}, "role":
        {"id": "f6ca227446954afdb745b5fa83166c00"}, "user": {"id": "74e0fdd6679f49a79e0d02729e70834e"},
        "links": {"assignment": "http://devstack.openstack.stack:35357/v3/projects/7695231df10d4cb5b6b5a1f74cb20c1d/users/74e0fdd6679f49a79e0d02729e70834e/roles/f6ca227446954afdb745b5fa83166c00"}},
        {"scope": {"project": {"id": "a6266e6f4a56471da988788dd2a15c27"}}, "role":
        {"id": "f7f01056a1b04631be460a3b0c07c59f"}, "user": {"id": "83e19aa7df6843d497f7cde5ef8faf65"},
        "links": {"assignment": "http://devstack.openstack.stack:35357/v3/projects/a6266e6f4a56471da988788dd2a15c27/users/83e19aa7df6843d497f7cde5ef8faf65/roles/f7f01056a1b04631be460a3b0c07c59f"}},
        {"scope": {"project": {"id": "ca6707581327490398bf1f68fe396a5a"}}, "role":
        {"id": "693bf84201c446d19272c24aa4492c37"}, "user": {"id": "83e19aa7df6843d497f7cde5ef8faf65"},
        "links": {"assignment": "http://devstack.openstack.stack:35357/v3/projects/ca6707581327490398bf1f68fe396a5a/users/83e19aa7df6843d497f7cde5ef8faf65/roles/693bf84201c446d19272c24aa4492c37"}},
        {"scope": {"project": {"id": "ca6707581327490398bf1f68fe396a5a"}}, "role":
        {"id": "f7f01056a1b04631be460a3b0c07c59f"}, "user": {"id": "83e19aa7df6843d497f7cde5ef8faf65"},
        "links": {"assignment": "http://devstack.openstack.stack:35357/v3/projects/ca6707581327490398bf1f68fe396a5a/users/83e19aa7df6843d497f7cde5ef8faf65/roles/f7f01056a1b04631be460a3b0c07c59f"}},
        {"scope": {"project": {"id": "058efc118b2343ae89834ec99c4f3ffa"}}, "role":
        {"id": "d98e5f87050646f194c8c23b9e3f2bca"}, "user": {"id": "a18abc2039d6493aa7239a42033cc7c9"},
        "links": {"assignment": "http://devstack.openstack.stack:35357/v3/projects/058efc118b2343ae89834ec99c4f3ffa/users/a18abc2039d6493aa7239a42033cc7c9/roles/d98e5f87050646f194c8c23b9e3f2bca"}},
        {"scope": {"project": {"id": "0877df08429b4a9eb38c3f234dd94f12"}}, "role":
        {"id": "d98e5f87050646f194c8c23b9e3f2bca"}, "user": {"id": "a18abc2039d6493aa7239a42033cc7c9"},
        "links": {"assignment": "http://devstack.openstack.stack:35357/v3/projects/0877df08429b4a9eb38c3f234dd94f12/users/a18abc2039d6493aa7239a42033cc7c9/roles/d98e5f87050646f194c8c23b9e3f2bca"}},
        {"scope": {"project": {"id": "0c50aac63b88455db4f27ff7f048bb90"}}, "role":
        {"id": "d98e5f87050646f194c8c23b9e3f2bca"}, "user": {"id": "a18abc2039d6493aa7239a42033cc7c9"},
        "links": {"assignment": "http://devstack.openstack.stack:35357/v3/projects/0c50aac63b88455db4f27ff7f048bb90/users/a18abc2039d6493aa7239a42033cc7c9/roles/d98e5f87050646f194c8c23b9e3f2bca"}},
        {"scope": {"project": {"id": "0fa0dbc1ee164753b557ce83d53d842e"}}, "role":
        {"id": "d98e5f87050646f194c8c23b9e3f2bca"}, "user": {"id": "a18abc2039d6493aa7239a42033cc7c9"},
        "links": {"assignment": "http://devstack.openstack.stack:35357/v3/projects/0fa0dbc1ee164753b557ce83d53d842e/users/a18abc2039d6493aa7239a42033cc7c9/roles/d98e5f87050646f194c8c23b9e3f2bca"}},
        {"scope": {"project": {"id": "13bce60c11144060b0bfbf255c10d7a9"}}, "role":
        {"id": "d98e5f87050646f194c8c23b9e3f2bca"}, "user": {"id": "a18abc2039d6493aa7239a42033cc7c9"},
        "links": {"assignment": "http://devstack.openstack.stack:35357/v3/projects/13bce60c11144060b0bfbf255c10d7a9/users/a18abc2039d6493aa7239a42033cc7c9/roles/d98e5f87050646f194c8c23b9e3f2bca"}},
        {"scope": {"project": {"id": "17b6af808c634b05b06d1e9328bfcc56"}}, "role":
        {"id": "d98e5f87050646f194c8c23b9e3f2bca"}, "user": {"id": "a18abc2039d6493aa7239a42033cc7c9"},
        "links": {"assignment": "http://devstack.openstack.stack:35357/v3/projects/17b6af808c634b05b06d1e9328bfcc56/users/a18abc2039d6493aa7239a42033cc7c9/roles/d98e5f87050646f194c8c23b9e3f2bca"}},
        {"scope": {"project": {"id": "1cad564061844ec1a86e250b49b43243"}}, "role":
        {"id": "d98e5f87050646f194c8c23b9e3f2bca"}, "user": {"id": "a18abc2039d6493aa7239a42033cc7c9"},
        "links": {"assignment": "http://devstack.openstack.stack:35357/v3/projects/1cad564061844ec1a86e250b49b43243/users/a18abc2039d6493aa7239a42033cc7c9/roles/d98e5f87050646f194c8c23b9e3f2bca"}},
        {"scope": {"project": {"id": "1ec291849eae4eceb242f0a9ddd9422f"}}, "role":
        {"id": "d98e5f87050646f194c8c23b9e3f2bca"}, "user": {"id": "a18abc2039d6493aa7239a42033cc7c9"},
        "links": {"assignment": "http://devstack.openstack.stack:35357/v3/projects/1ec291849eae4eceb242f0a9ddd9422f/users/a18abc2039d6493aa7239a42033cc7c9/roles/d98e5f87050646f194c8c23b9e3f2bca"}},
        {"scope": {"project": {"id": "1ed9a1907d26421383724a3fcef12681"}}, "role":
        {"id": "d98e5f87050646f194c8c23b9e3f2bca"}, "user": {"id": "a18abc2039d6493aa7239a42033cc7c9"},
        "links": {"assignment": "http://devstack.openstack.stack:35357/v3/projects/1ed9a1907d26421383724a3fcef12681/users/a18abc2039d6493aa7239a42033cc7c9/roles/d98e5f87050646f194c8c23b9e3f2bca"}},
        {"scope": {"project": {"id": "1f8a1c2717a84cb596231349af703045"}}, "role":
        {"id": "d98e5f87050646f194c8c23b9e3f2bca"}, "user": {"id": "a18abc2039d6493aa7239a42033cc7c9"},
        "links": {"assignment": "http://devstack.openstack.stack:35357/v3/projects/1f8a1c2717a84cb596231349af703045/users/a18abc2039d6493aa7239a42033cc7c9/roles/d98e5f87050646f194c8c23b9e3f2bca"}},
        {"scope": {"project": {"id": "1f98dd87c26e4f12bcb79b4ebadc9d62"}}, "role":
        {"id": "d98e5f87050646f194c8c23b9e3f2bca"}, "user": {"id": "a18abc2039d6493aa7239a42033cc7c9"},
        "links": {"assignment": "http://devstack.openstack.stack:35357/v3/projects/1f98dd87c26e4f12bcb79b4ebadc9d62/users/a18abc2039d6493aa7239a42033cc7c9/roles/d98e5f87050646f194c8c23b9e3f2bca"}},
        {"scope": {"project": {"id": "21e9d8782d5d48f2beb9ffdb82c68a9a"}}, "role":
        {"id": "d98e5f87050646f194c8c23b9e3f2bca"}, "user": {"id": "a18abc2039d6493aa7239a42033cc7c9"},
        "links": {"assignment": "http://devstack.openstack.stack:35357/v3/projects/21e9d8782d5d48f2beb9ffdb82c68a9a/users/a18abc2039d6493aa7239a42033cc7c9/roles/d98e5f87050646f194c8c23b9e3f2bca"}},
        {"scope": {"project": {"id": "26a2ef3df6c84beb99b75342ce067538"}}, "role":
        {"id": "d98e5f87050646f194c8c23b9e3f2bca"}, "user": {"id": "a18abc2039d6493aa7239a42033cc7c9"},
        "links": {"assignment": "http://devstack.openstack.stack:35357/v3/projects/26a2ef3df6c84beb99b75342ce067538/users/a18abc2039d6493aa7239a42033cc7c9/roles/d98e5f87050646f194c8c23b9e3f2bca"}},
        {"scope": {"project": {"id": "2d51ccf5f0bd406697243567a57a6b11"}}, "role":
        {"id": "d98e5f87050646f194c8c23b9e3f2bca"}, "user": {"id": "a18abc2039d6493aa7239a42033cc7c9"},
        "links": {"assignment": "http://devstack.openstack.stack:35357/v3/projects/2d51ccf5f0bd406697243567a57a6b11/users/a18abc2039d6493aa7239a42033cc7c9/roles/d98e5f87050646f194c8c23b9e3f2bca"}},
        {"scope": {"project": {"id": "3049407c511b40a7955222e3cf6d80e1"}}, "role":
        {"id": "d98e5f87050646f194c8c23b9e3f2bca"}, "user": {"id": "a18abc2039d6493aa7239a42033cc7c9"},
        "links": {"assignment": "http://devstack.openstack.stack:35357/v3/projects/3049407c511b40a7955222e3cf6d80e1/users/a18abc2039d6493aa7239a42033cc7c9/roles/d98e5f87050646f194c8c23b9e3f2bca"}},
        {"scope": {"project": {"id": "353354d2f86d496ba1a539be105dbf40"}}, "role":
        {"id": "d98e5f87050646f194c8c23b9e3f2bca"}, "user": {"id": "a18abc2039d6493aa7239a42033cc7c9"},
        "links": {"assignment": "http://devstack.openstack.stack:35357/v3/projects/353354d2f86d496ba1a539be105dbf40/users/a18abc2039d6493aa7239a42033cc7c9/roles/d98e5f87050646f194c8c23b9e3f2bca"}},
        {"scope": {"project": {"id": "35712c2214cf4ba185723a05c5817610"}}, "role":
        {"id": "d98e5f87050646f194c8c23b9e3f2bca"}, "user": {"id": "a18abc2039d6493aa7239a42033cc7c9"},
        "links": {"assignment": "http://devstack.openstack.stack:35357/v3/projects/35712c2214cf4ba185723a05c5817610/users/a18abc2039d6493aa7239a42033cc7c9/roles/d98e5f87050646f194c8c23b9e3f2bca"}},
        {"scope": {"project": {"id": "3b3f9a64eb074d14843510eb1fc3b591"}}, "role":
        {"id": "d98e5f87050646f194c8c23b9e3f2bca"}, "user": {"id": "a18abc2039d6493aa7239a42033cc7c9"},
        "links": {"assignment": "http://devstack.openstack.stack:35357/v3/projects/3b3f9a64eb074d14843510eb1fc3b591/users/a18abc2039d6493aa7239a42033cc7c9/roles/d98e5f87050646f194c8c23b9e3f2bca"}},
        {"scope": {"project": {"id": "431ecc311a4b4773a5d5dc761d0b43ef"}}, "role":
        {"id": "d98e5f87050646f194c8c23b9e3f2bca"}, "user": {"id": "a18abc2039d6493aa7239a42033cc7c9"},
        "links": {"assignment": "http://devstack.openstack.stack:35357/v3/projects/431ecc311a4b4773a5d5dc761d0b43ef/users/a18abc2039d6493aa7239a42033cc7c9/roles/d98e5f87050646f194c8c23b9e3f2bca"}},
        {"scope": {"project": {"id": "45ed30d9d5014badb54a4f93bd228860"}}, "role":
        {"id": "d98e5f87050646f194c8c23b9e3f2bca"}, "user": {"id": "a18abc2039d6493aa7239a42033cc7c9"},
        "links": {"assignment": "http://devstack.openstack.stack:35357/v3/projects/45ed30d9d5014badb54a4f93bd228860/users/a18abc2039d6493aa7239a42033cc7c9/roles/d98e5f87050646f194c8c23b9e3f2bca"}},
        {"scope": {"project": {"id": "4699bde7d88f4eae9ed25935e71a3db5"}}, "role":
        {"id": "d98e5f87050646f194c8c23b9e3f2bca"}, "user": {"id": "a18abc2039d6493aa7239a42033cc7c9"},
        "links": {"assignment": "http://devstack.openstack.stack:35357/v3/projects/4699bde7d88f4eae9ed25935e71a3db5/users/a18abc2039d6493aa7239a42033cc7c9/roles/d98e5f87050646f194c8c23b9e3f2bca"}},
        {"scope": {"project": {"id": "4da758a777e044be89014c8658675428"}}, "role":
        {"id": "d98e5f87050646f194c8c23b9e3f2bca"}, "user": {"id": "a18abc2039d6493aa7239a42033cc7c9"},
        "links": {"assignment": "http://devstack.openstack.stack:35357/v3/projects/4da758a777e044be89014c8658675428/users/a18abc2039d6493aa7239a42033cc7c9/roles/d98e5f87050646f194c8c23b9e3f2bca"}},
        {"scope": {"project": {"id": "4e9d51081d9c4bf9b27a0e47c0d7f1db"}}, "role":
        {"id": "d98e5f87050646f194c8c23b9e3f2bca"}, "user": {"id": "a18abc2039d6493aa7239a42033cc7c9"},
        "links": {"assignment": "http://devstack.openstack.stack:35357/v3/projects/4e9d51081d9c4bf9b27a0e47c0d7f1db/users/a18abc2039d6493aa7239a42033cc7c9/roles/d98e5f87050646f194c8c23b9e3f2bca"}},
        {"scope": {"project": {"id": "4eb0e5ceba5e4d66b5bdc715fc6393d1"}}, "role":
        {"id": "d98e5f87050646f194c8c23b9e3f2bca"}, "user": {"id": "a18abc2039d6493aa7239a42033cc7c9"},
        "links": {"assignment": "http://devstack.openstack.stack:35357/v3/projects/4eb0e5ceba5e4d66b5bdc715fc6393d1/users/a18abc2039d6493aa7239a42033cc7c9/roles/d98e5f87050646f194c8c23b9e3f2bca"}},
        {"scope": {"project": {"id": "54e29c198ebc4b6e9c56ccf363d8b006"}}, "role":
        {"id": "d98e5f87050646f194c8c23b9e3f2bca"}, "user": {"id": "a18abc2039d6493aa7239a42033cc7c9"},
        "links": {"assignment": "http://devstack.openstack.stack:35357/v3/projects/54e29c198ebc4b6e9c56ccf363d8b006/users/a18abc2039d6493aa7239a42033cc7c9/roles/d98e5f87050646f194c8c23b9e3f2bca"}},
        {"scope": {"project": {"id": "5c3625aab40d4094b72a1b50e1fb2030"}}, "role":
        {"id": "d98e5f87050646f194c8c23b9e3f2bca"}, "user": {"id": "a18abc2039d6493aa7239a42033cc7c9"},
        "links": {"assignment": "http://devstack.openstack.stack:35357/v3/projects/5c3625aab40d4094b72a1b50e1fb2030/users/a18abc2039d6493aa7239a42033cc7c9/roles/d98e5f87050646f194c8c23b9e3f2bca"}},
        {"scope": {"project": {"id": "5c76ef994ef64f898a65e0b5ffdb283e"}}, "role":
        {"id": "d98e5f87050646f194c8c23b9e3f2bca"}, "user": {"id": "a18abc2039d6493aa7239a42033cc7c9"},
        "links": {"assignment": "http://devstack.openstack.stack:35357/v3/projects/5c76ef994ef64f898a65e0b5ffdb283e/users/a18abc2039d6493aa7239a42033cc7c9/roles/d98e5f87050646f194c8c23b9e3f2bca"}},
        {"scope": {"project": {"id": "5ee9aa47425e4403bdde24db63cc9765"}}, "role":
        {"id": "d98e5f87050646f194c8c23b9e3f2bca"}, "user": {"id": "a18abc2039d6493aa7239a42033cc7c9"},
        "links": {"assignment": "http://devstack.openstack.stack:35357/v3/projects/5ee9aa47425e4403bdde24db63cc9765/users/a18abc2039d6493aa7239a42033cc7c9/roles/d98e5f87050646f194c8c23b9e3f2bca"}},
        {"scope": {"project": {"id": "6046d7bd3a52466bb4acfc2df44c8252"}}, "role":
        {"id": "d98e5f87050646f194c8c23b9e3f2bca"}, "user": {"id": "a18abc2039d6493aa7239a42033cc7c9"},
        "links": {"assignment": "http://devstack.openstack.stack:35357/v3/projects/6046d7bd3a52466bb4acfc2df44c8252/users/a18abc2039d6493aa7239a42033cc7c9/roles/d98e5f87050646f194c8c23b9e3f2bca"}},
        {"scope": {"project": {"id": "60577c5b959143f5b109c47f037bf6da"}}, "role":
        {"id": "d98e5f87050646f194c8c23b9e3f2bca"}, "user": {"id": "a18abc2039d6493aa7239a42033cc7c9"},
        "links": {"assignment": "http://devstack.openstack.stack:35357/v3/projects/60577c5b959143f5b109c47f037bf6da/users/a18abc2039d6493aa7239a42033cc7c9/roles/d98e5f87050646f194c8c23b9e3f2bca"}},
        {"scope": {"project": {"id": "640bef0e5aef4a198d6c254f6f88bcbf"}}, "role":
        {"id": "d98e5f87050646f194c8c23b9e3f2bca"}, "user": {"id": "a18abc2039d6493aa7239a42033cc7c9"},
        "links": {"assignment": "http://devstack.openstack.stack:35357/v3/projects/640bef0e5aef4a198d6c254f6f88bcbf/users/a18abc2039d6493aa7239a42033cc7c9/roles/d98e5f87050646f194c8c23b9e3f2bca"}},
        {"scope": {"project": {"id": "66249596bdf84970b7ae264105a0bb80"}}, "role":
        {"id": "d98e5f87050646f194c8c23b9e3f2bca"}, "user": {"id": "a18abc2039d6493aa7239a42033cc7c9"},
        "links": {"assignment": "http://devstack.openstack.stack:35357/v3/projects/66249596bdf84970b7ae264105a0bb80/users/a18abc2039d6493aa7239a42033cc7c9/roles/d98e5f87050646f194c8c23b9e3f2bca"}},
        {"scope": {"project": {"id": "6cab48c185ef4131a24d5676dde806e3"}}, "role":
        {"id": "d98e5f87050646f194c8c23b9e3f2bca"}, "user": {"id": "a18abc2039d6493aa7239a42033cc7c9"},
        "links": {"assignment": "http://devstack.openstack.stack:35357/v3/projects/6cab48c185ef4131a24d5676dde806e3/users/a18abc2039d6493aa7239a42033cc7c9/roles/d98e5f87050646f194c8c23b9e3f2bca"}},
        {"scope": {"project": {"id": "6d783f9b7b9f4e92a2ae15bbdf8e7748"}}, "role":
        {"id": "d98e5f87050646f194c8c23b9e3f2bca"}, "user": {"id": "a18abc2039d6493aa7239a42033cc7c9"},
        "links": {"assignment": "http://devstack.openstack.stack:35357/v3/projects/6d783f9b7b9f4e92a2ae15bbdf8e7748/users/a18abc2039d6493aa7239a42033cc7c9/roles/d98e5f87050646f194c8c23b9e3f2bca"}},
        {"scope": {"project": {"id": "7026ab5afca44ea3a2172095163093ac"}}, "role":
        {"id": "d98e5f87050646f194c8c23b9e3f2bca"}, "user": {"id": "a18abc2039d6493aa7239a42033cc7c9"},
        "links": {"assignment": "http://devstack.openstack.stack:35357/v3/projects/7026ab5afca44ea3a2172095163093ac/users/a18abc2039d6493aa7239a42033cc7c9/roles/d98e5f87050646f194c8c23b9e3f2bca"}},
        {"scope": {"project": {"id": "7179beb050b749bda88986176ab23060"}}, "role":
        {"id": "d98e5f87050646f194c8c23b9e3f2bca"}, "user": {"id": "a18abc2039d6493aa7239a42033cc7c9"},
        "links": {"assignment": "http://devstack.openstack.stack:35357/v3/projects/7179beb050b749bda88986176ab23060/users/a18abc2039d6493aa7239a42033cc7c9/roles/d98e5f87050646f194c8c23b9e3f2bca"}},
        {"scope": {"project": {"id": "7219b517a88f4a6e810401bce7886e1b"}}, "role":
        {"id": "d98e5f87050646f194c8c23b9e3f2bca"}, "user": {"id": "a18abc2039d6493aa7239a42033cc7c9"},
        "links": {"assignment": "http://devstack.openstack.stack:35357/v3/projects/7219b517a88f4a6e810401bce7886e1b/users/a18abc2039d6493aa7239a42033cc7c9/roles/d98e5f87050646f194c8c23b9e3f2bca"}},
        {"scope": {"project": {"id": "76900faff9e04c86b4c0a7a8bfcbec69"}}, "role":
        {"id": "d98e5f87050646f194c8c23b9e3f2bca"}, "user": {"id": "a18abc2039d6493aa7239a42033cc7c9"},
        "links": {"assignment": "http://devstack.openstack.stack:35357/v3/projects/76900faff9e04c86b4c0a7a8bfcbec69/users/a18abc2039d6493aa7239a42033cc7c9/roles/d98e5f87050646f194c8c23b9e3f2bca"}},
        {"scope": {"project": {"id": "771faab66e3b4416a813d5e71b52f9a5"}}, "role":
        {"id": "d98e5f87050646f194c8c23b9e3f2bca"}, "user": {"id": "a18abc2039d6493aa7239a42033cc7c9"},
        "links": {"assignment": "http://devstack.openstack.stack:35357/v3/projects/771faab66e3b4416a813d5e71b52f9a5/users/a18abc2039d6493aa7239a42033cc7c9/roles/d98e5f87050646f194c8c23b9e3f2bca"}},
        {"scope": {"project": {"id": "773f1896d6314b589b1716a275374f1c"}}, "role":
        {"id": "d98e5f87050646f194c8c23b9e3f2bca"}, "user": {"id": "a18abc2039d6493aa7239a42033cc7c9"},
        "links": {"assignment": "http://devstack.openstack.stack:35357/v3/projects/773f1896d6314b589b1716a275374f1c/users/a18abc2039d6493aa7239a42033cc7c9/roles/d98e5f87050646f194c8c23b9e3f2bca"}},
        {"scope": {"project": {"id": "7783b4d889ca454a867cfd019f3b2846"}}, "role":
        {"id": "d98e5f87050646f194c8c23b9e3f2bca"}, "user": {"id": "a18abc2039d6493aa7239a42033cc7c9"},
        "links": {"assignment": "http://devstack.openstack.stack:35357/v3/projects/7783b4d889ca454a867cfd019f3b2846/users/a18abc2039d6493aa7239a42033cc7c9/roles/d98e5f87050646f194c8c23b9e3f2bca"}},
        {"scope": {"project": {"id": "792a0727301d4974bc578abce64afa53"}}, "role":
        {"id": "d98e5f87050646f194c8c23b9e3f2bca"}, "user": {"id": "a18abc2039d6493aa7239a42033cc7c9"},
        "links": {"assignment": "http://devstack.openstack.stack:35357/v3/projects/792a0727301d4974bc578abce64afa53/users/a18abc2039d6493aa7239a42033cc7c9/roles/d98e5f87050646f194c8c23b9e3f2bca"}},
        {"scope": {"project": {"id": "80546e3e7375434ba6752ebb0a6baaa5"}}, "role":
        {"id": "d98e5f87050646f194c8c23b9e3f2bca"}, "user": {"id": "a18abc2039d6493aa7239a42033cc7c9"},
        "links": {"assignment": "http://devstack.openstack.stack:35357/v3/projects/80546e3e7375434ba6752ebb0a6baaa5/users/a18abc2039d6493aa7239a42033cc7c9/roles/d98e5f87050646f194c8c23b9e3f2bca"}},
        {"scope": {"project": {"id": "819481e3142b40468cf9b5021a89bc7b"}}, "role":
        {"id": "d98e5f87050646f194c8c23b9e3f2bca"}, "user": {"id": "a18abc2039d6493aa7239a42033cc7c9"},
        "links": {"assignment": "http://devstack.openstack.stack:35357/v3/projects/819481e3142b40468cf9b5021a89bc7b/users/a18abc2039d6493aa7239a42033cc7c9/roles/d98e5f87050646f194c8c23b9e3f2bca"}},
        {"scope": {"project": {"id": "81a7816b55d14aa29741ae938a8af06c"}}, "role":
        {"id": "d98e5f87050646f194c8c23b9e3f2bca"}, "user": {"id": "a18abc2039d6493aa7239a42033cc7c9"},
        "links": {"assignment": "http://devstack.openstack.stack:35357/v3/projects/81a7816b55d14aa29741ae938a8af06c/users/a18abc2039d6493aa7239a42033cc7c9/roles/d98e5f87050646f194c8c23b9e3f2bca"}},
        {"scope": {"project": {"id": "8d71b66bb163442da689d008eb919a89"}}, "role":
        {"id": "d98e5f87050646f194c8c23b9e3f2bca"}, "user": {"id": "a18abc2039d6493aa7239a42033cc7c9"},
        "links": {"assignment": "http://devstack.openstack.stack:35357/v3/projects/8d71b66bb163442da689d008eb919a89/users/a18abc2039d6493aa7239a42033cc7c9/roles/d98e5f87050646f194c8c23b9e3f2bca"}},
        {"scope": {"project": {"id": "900e804e16e0402aa894c4db56a2c2bf"}}, "role":
        {"id": "d98e5f87050646f194c8c23b9e3f2bca"}, "user": {"id": "a18abc2039d6493aa7239a42033cc7c9"},
        "links": {"assignment": "http://devstack.openstack.stack:35357/v3/projects/900e804e16e0402aa894c4db56a2c2bf/users/a18abc2039d6493aa7239a42033cc7c9/roles/d98e5f87050646f194c8c23b9e3f2bca"}},
        {"scope": {"project": {"id": "914850417f3e40e4b3f41b43b9c9fbd8"}}, "role":
        {"id": "d98e5f87050646f194c8c23b9e3f2bca"}, "user": {"id": "a18abc2039d6493aa7239a42033cc7c9"},
        "links": {"assignment": "http://devstack.openstack.stack:35357/v3/projects/914850417f3e40e4b3f41b43b9c9fbd8/users/a18abc2039d6493aa7239a42033cc7c9/roles/d98e5f87050646f194c8c23b9e3f2bca"}},
        {"scope": {"project": {"id": "932f752ad2fc48a0a7a988d262cbad5a"}}, "role":
        {"id": "d98e5f87050646f194c8c23b9e3f2bca"}, "user": {"id": "a18abc2039d6493aa7239a42033cc7c9"},
        "links": {"assignment": "http://devstack.openstack.stack:35357/v3/projects/932f752ad2fc48a0a7a988d262cbad5a/users/a18abc2039d6493aa7239a42033cc7c9/roles/d98e5f87050646f194c8c23b9e3f2bca"}},
        {"scope": {"project": {"id": "9c188c42b4a247c4b9fd46757aa7dde7"}}, "role":
        {"id": "d98e5f87050646f194c8c23b9e3f2bca"}, "user": {"id": "a18abc2039d6493aa7239a42033cc7c9"},
        "links": {"assignment": "http://devstack.openstack.stack:35357/v3/projects/9c188c42b4a247c4b9fd46757aa7dde7/users/a18abc2039d6493aa7239a42033cc7c9/roles/d98e5f87050646f194c8c23b9e3f2bca"}},
        {"scope": {"project": {"id": "a1aa5baa364b44a2ad32c8292a7acb02"}}, "role":
        {"id": "d98e5f87050646f194c8c23b9e3f2bca"}, "user": {"id": "a18abc2039d6493aa7239a42033cc7c9"},
        "links": {"assignment": "http://devstack.openstack.stack:35357/v3/projects/a1aa5baa364b44a2ad32c8292a7acb02/users/a18abc2039d6493aa7239a42033cc7c9/roles/d98e5f87050646f194c8c23b9e3f2bca"}},
        {"scope": {"project": {"id": "a9f504ab4fd348c9820fa7baac3511f0"}}, "role":
        {"id": "d98e5f87050646f194c8c23b9e3f2bca"}, "user": {"id": "a18abc2039d6493aa7239a42033cc7c9"},
        "links": {"assignment": "http://devstack.openstack.stack:35357/v3/projects/a9f504ab4fd348c9820fa7baac3511f0/users/a18abc2039d6493aa7239a42033cc7c9/roles/d98e5f87050646f194c8c23b9e3f2bca"}},
        {"scope": {"project": {"id": "aab9b4f3b525460abab7f44af633f74b"}}, "role":
        {"id": "d98e5f87050646f194c8c23b9e3f2bca"}, "user": {"id": "a18abc2039d6493aa7239a42033cc7c9"},
        "links": {"assignment": "http://devstack.openstack.stack:35357/v3/projects/aab9b4f3b525460abab7f44af633f74b/users/a18abc2039d6493aa7239a42033cc7c9/roles/d98e5f87050646f194c8c23b9e3f2bca"}},
        {"scope": {"project": {"id": "b028130e6fbb453a9ea886bb666989f3"}}, "role":
        {"id": "d98e5f87050646f194c8c23b9e3f2bca"}, "user": {"id": "a18abc2039d6493aa7239a42033cc7c9"},
        "links": {"assignment": "http://devstack.openstack.stack:35357/v3/projects/b028130e6fbb453a9ea886bb666989f3/users/a18abc2039d6493aa7239a42033cc7c9/roles/d98e5f87050646f194c8c23b9e3f2bca"}},
        {"scope": {"project": {"id": "b428abe7c1ee4492b716c954b92d57ac"}}, "role":
        {"id": "d98e5f87050646f194c8c23b9e3f2bca"}, "user": {"id": "a18abc2039d6493aa7239a42033cc7c9"},
        "links": {"assignment": "http://devstack.openstack.stack:35357/v3/projects/b428abe7c1ee4492b716c954b92d57ac/users/a18abc2039d6493aa7239a42033cc7c9/roles/d98e5f87050646f194c8c23b9e3f2bca"}},
        {"scope": {"project": {"id": "b5469bcdc8154fedb5b0e09062e8b4ae"}}, "role":
        {"id": "d98e5f87050646f194c8c23b9e3f2bca"}, "user": {"id": "a18abc2039d6493aa7239a42033cc7c9"},
        "links": {"assignment": "http://devstack.openstack.stack:35357/v3/projects/b5469bcdc8154fedb5b0e09062e8b4ae/users/a18abc2039d6493aa7239a42033cc7c9/roles/d98e5f87050646f194c8c23b9e3f2bca"}},
        {"scope": {"project": {"id": "b5c0b8ae3d944b72b42401b380974f05"}}, "role":
        {"id": "d98e5f87050646f194c8c23b9e3f2bca"}, "user": {"id": "a18abc2039d6493aa7239a42033cc7c9"},
        "links": {"assignment": "http://devstack.openstack.stack:35357/v3/projects/b5c0b8ae3d944b72b42401b380974f05/users/a18abc2039d6493aa7239a42033cc7c9/roles/d98e5f87050646f194c8c23b9e3f2bca"}},
        {"scope": {"project": {"id": "bb904913e0b140869327a37d77e7f080"}}, "role":
        {"id": "d98e5f87050646f194c8c23b9e3f2bca"}, "user": {"id": "a18abc2039d6493aa7239a42033cc7c9"},
        "links": {"assignment": "http://devstack.openstack.stack:35357/v3/projects/bb904913e0b140869327a37d77e7f080/users/a18abc2039d6493aa7239a42033cc7c9/roles/d98e5f87050646f194c8c23b9e3f2bca"}},
        {"scope": {"project": {"id": "bff7e608a09b4696a8899a23f43e6f59"}}, "role":
        {"id": "d98e5f87050646f194c8c23b9e3f2bca"}, "user": {"id": "a18abc2039d6493aa7239a42033cc7c9"},
        "links": {"assignment": "http://devstack.openstack.stack:35357/v3/projects/bff7e608a09b4696a8899a23f43e6f59/users/a18abc2039d6493aa7239a42033cc7c9/roles/d98e5f87050646f194c8c23b9e3f2bca"}},
        {"scope": {"project": {"id": "c523450758bc44478c3a4fe1bc8738d9"}}, "role":
        {"id": "d98e5f87050646f194c8c23b9e3f2bca"}, "user": {"id": "a18abc2039d6493aa7239a42033cc7c9"},
        "links": {"assignment": "http://devstack.openstack.stack:35357/v3/projects/c523450758bc44478c3a4fe1bc8738d9/users/a18abc2039d6493aa7239a42033cc7c9/roles/d98e5f87050646f194c8c23b9e3f2bca"}},
        {"scope": {"project": {"id": "c528f9ecbac84bb28355a799dcf55c15"}}, "role":
        {"id": "d98e5f87050646f194c8c23b9e3f2bca"}, "user": {"id": "a18abc2039d6493aa7239a42033cc7c9"},
        "links": {"assignment": "http://devstack.openstack.stack:35357/v3/projects/c528f9ecbac84bb28355a799dcf55c15/users/a18abc2039d6493aa7239a42033cc7c9/roles/d98e5f87050646f194c8c23b9e3f2bca"}},
        {"scope": {"project": {"id": "c5a02b95e9e548d4b57505cdec6ff6d2"}}, "role":
        {"id": "d98e5f87050646f194c8c23b9e3f2bca"}, "user": {"id": "a18abc2039d6493aa7239a42033cc7c9"},
        "links": {"assignment": "http://devstack.openstack.stack:35357/v3/projects/c5a02b95e9e548d4b57505cdec6ff6d2/users/a18abc2039d6493aa7239a42033cc7c9/roles/d98e5f87050646f194c8c23b9e3f2bca"}},
        {"scope": {"project": {"id": "c61e450a4a1b463fbbaa8f5e6b06e4a0"}}, "role":
        {"id": "d98e5f87050646f194c8c23b9e3f2bca"}, "user": {"id": "a18abc2039d6493aa7239a42033cc7c9"},
        "links": {"assignment": "http://devstack.openstack.stack:35357/v3/projects/c61e450a4a1b463fbbaa8f5e6b06e4a0/users/a18abc2039d6493aa7239a42033cc7c9/roles/d98e5f87050646f194c8c23b9e3f2bca"}},
        {"scope": {"project": {"id": "c75d157303324491883385a0d60cd878"}}, "role":
        {"id": "d98e5f87050646f194c8c23b9e3f2bca"}, "user": {"id": "a18abc2039d6493aa7239a42033cc7c9"},
        "links": {"assignment": "http://devstack.openstack.stack:35357/v3/projects/c75d157303324491883385a0d60cd878/users/a18abc2039d6493aa7239a42033cc7c9/roles/d98e5f87050646f194c8c23b9e3f2bca"}},
        {"scope": {"project": {"id": "c9a14c794b674693a7128e2c5d42a321"}}, "role":
        {"id": "d98e5f87050646f194c8c23b9e3f2bca"}, "user": {"id": "a18abc2039d6493aa7239a42033cc7c9"},
        "links": {"assignment": "http://devstack.openstack.stack:35357/v3/projects/c9a14c794b674693a7128e2c5d42a321/users/a18abc2039d6493aa7239a42033cc7c9/roles/d98e5f87050646f194c8c23b9e3f2bca"}},
        {"scope": {"project": {"id": "ca6707581327490398bf1f68fe396a5a"}}, "role":
        {"id": "d98e5f87050646f194c8c23b9e3f2bca"}, "user": {"id": "a18abc2039d6493aa7239a42033cc7c9"},
        "links": {"assignment": "http://devstack.openstack.stack:35357/v3/projects/ca6707581327490398bf1f68fe396a5a/users/a18abc2039d6493aa7239a42033cc7c9/roles/d98e5f87050646f194c8c23b9e3f2bca"}},
        {"scope": {"project": {"id": "cd7fb56c15fd49d1bc9c7e8a6039b574"}}, "role":
        {"id": "d98e5f87050646f194c8c23b9e3f2bca"}, "user": {"id": "a18abc2039d6493aa7239a42033cc7c9"},
        "links": {"assignment": "http://devstack.openstack.stack:35357/v3/projects/cd7fb56c15fd49d1bc9c7e8a6039b574/users/a18abc2039d6493aa7239a42033cc7c9/roles/d98e5f87050646f194c8c23b9e3f2bca"}},
        {"scope": {"project": {"id": "d44dd047a7e3451b9e3f1203c6b399a5"}}, "role":
        {"id": "d98e5f87050646f194c8c23b9e3f2bca"}, "user": {"id": "a18abc2039d6493aa7239a42033cc7c9"},
        "links": {"assignment": "http://devstack.openstack.stack:35357/v3/projects/d44dd047a7e3451b9e3f1203c6b399a5/users/a18abc2039d6493aa7239a42033cc7c9/roles/d98e5f87050646f194c8c23b9e3f2bca"}},
        {"scope": {"project": {"id": "d9808ecab11d4451a4e9b45841327d03"}}, "role":
        {"id": "d98e5f87050646f194c8c23b9e3f2bca"}, "user": {"id": "a18abc2039d6493aa7239a42033cc7c9"},
        "links": {"assignment": "http://devstack.openstack.stack:35357/v3/projects/d9808ecab11d4451a4e9b45841327d03/users/a18abc2039d6493aa7239a42033cc7c9/roles/d98e5f87050646f194c8c23b9e3f2bca"}},
        {"scope": {"project": {"id": "dac62601b1db4ac7a412ad71256cf7fa"}}, "role":
        {"id": "d98e5f87050646f194c8c23b9e3f2bca"}, "user": {"id": "a18abc2039d6493aa7239a42033cc7c9"},
        "links": {"assignment": "http://devstack.openstack.stack:35357/v3/projects/dac62601b1db4ac7a412ad71256cf7fa/users/a18abc2039d6493aa7239a42033cc7c9/roles/d98e5f87050646f194c8c23b9e3f2bca"}},
        {"scope": {"project": {"id": "dc7888cd1fa9498781907c89c16519f6"}}, "role":
        {"id": "d98e5f87050646f194c8c23b9e3f2bca"}, "user": {"id": "a18abc2039d6493aa7239a42033cc7c9"},
        "links": {"assignment": "http://devstack.openstack.stack:35357/v3/projects/dc7888cd1fa9498781907c89c16519f6/users/a18abc2039d6493aa7239a42033cc7c9/roles/d98e5f87050646f194c8c23b9e3f2bca"}},
        {"scope": {"project": {"id": "ded5a6e0922c4be59e7c15517cfb89ee"}}, "role":
        {"id": "d98e5f87050646f194c8c23b9e3f2bca"}, "user": {"id": "a18abc2039d6493aa7239a42033cc7c9"},
        "links": {"assignment": "http://devstack.openstack.stack:35357/v3/projects/ded5a6e0922c4be59e7c15517cfb89ee/users/a18abc2039d6493aa7239a42033cc7c9/roles/d98e5f87050646f194c8c23b9e3f2bca"}},
        {"scope": {"project": {"id": "df28ccdf945447b587facadc25fee495"}}, "role":
        {"id": "d98e5f87050646f194c8c23b9e3f2bca"}, "user": {"id": "a18abc2039d6493aa7239a42033cc7c9"},
        "links": {"assignment": "http://devstack.openstack.stack:35357/v3/projects/df28ccdf945447b587facadc25fee495/users/a18abc2039d6493aa7239a42033cc7c9/roles/d98e5f87050646f194c8c23b9e3f2bca"}},
        {"scope": {"project": {"id": "dfc56116a6ab4fac97a7cd1df68c930c"}}, "role":
        {"id": "d98e5f87050646f194c8c23b9e3f2bca"}, "user": {"id": "a18abc2039d6493aa7239a42033cc7c9"},
        "links": {"assignment": "http://devstack.openstack.stack:35357/v3/projects/dfc56116a6ab4fac97a7cd1df68c930c/users/a18abc2039d6493aa7239a42033cc7c9/roles/d98e5f87050646f194c8c23b9e3f2bca"}},
        {"scope": {"project": {"id": "e854423b8cfc4df481755a06a8e579b1"}}, "role":
        {"id": "d98e5f87050646f194c8c23b9e3f2bca"}, "user": {"id": "a18abc2039d6493aa7239a42033cc7c9"},
        "links": {"assignment": "http://devstack.openstack.stack:35357/v3/projects/e854423b8cfc4df481755a06a8e579b1/users/a18abc2039d6493aa7239a42033cc7c9/roles/d98e5f87050646f194c8c23b9e3f2bca"}},
        {"scope": {"project": {"id": "e8797f9084e3411a9305ec6281443d89"}}, "role":
        {"id": "d98e5f87050646f194c8c23b9e3f2bca"}, "user": {"id": "a18abc2039d6493aa7239a42033cc7c9"},
        "links": {"assignment": "http://devstack.openstack.stack:35357/v3/projects/e8797f9084e3411a9305ec6281443d89/users/a18abc2039d6493aa7239a42033cc7c9/roles/d98e5f87050646f194c8c23b9e3f2bca"}},
        {"scope": {"project": {"id": "ee41236a29164caf85a9ccac6000fa6c"}}, "role":
        {"id": "d98e5f87050646f194c8c23b9e3f2bca"}, "user": {"id": "a18abc2039d6493aa7239a42033cc7c9"},
        "links": {"assignment": "http://devstack.openstack.stack:35357/v3/projects/ee41236a29164caf85a9ccac6000fa6c/users/a18abc2039d6493aa7239a42033cc7c9/roles/d98e5f87050646f194c8c23b9e3f2bca"}},
        {"scope": {"project": {"id": "efc046df3ab1491ba37649ccf5704fc3"}}, "role":
        {"id": "d98e5f87050646f194c8c23b9e3f2bca"}, "user": {"id": "a18abc2039d6493aa7239a42033cc7c9"},
        "links": {"assignment": "http://devstack.openstack.stack:35357/v3/projects/efc046df3ab1491ba37649ccf5704fc3/users/a18abc2039d6493aa7239a42033cc7c9/roles/d98e5f87050646f194c8c23b9e3f2bca"}},
        {"scope": {"project": {"id": "f2736c9b065d433eb7d975300e659535"}}, "role":
        {"id": "d98e5f87050646f194c8c23b9e3f2bca"}, "user": {"id": "a18abc2039d6493aa7239a42033cc7c9"},
        "links": {"assignment": "http://devstack.openstack.stack:35357/v3/projects/f2736c9b065d433eb7d975300e659535/users/a18abc2039d6493aa7239a42033cc7c9/roles/d98e5f87050646f194c8c23b9e3f2bca"}},
        {"scope": {"project": {"id": "f427d50d6b3c4ed485ac936a51fdfc4f"}}, "role":
        {"id": "d98e5f87050646f194c8c23b9e3f2bca"}, "user": {"id": "a18abc2039d6493aa7239a42033cc7c9"},
        "links": {"assignment": "http://devstack.openstack.stack:35357/v3/projects/f427d50d6b3c4ed485ac936a51fdfc4f/users/a18abc2039d6493aa7239a42033cc7c9/roles/d98e5f87050646f194c8c23b9e3f2bca"}},
        {"scope": {"project": {"id": "ff9069842d964bf2ad86ac5ed6773379"}}, "role":
        {"id": "d98e5f87050646f194c8c23b9e3f2bca"}, "user": {"id": "a18abc2039d6493aa7239a42033cc7c9"},
        "links": {"assignment": "http://devstack.openstack.stack:35357/v3/projects/ff9069842d964bf2ad86ac5ed6773379/users/a18abc2039d6493aa7239a42033cc7c9/roles/d98e5f87050646f194c8c23b9e3f2bca"}},
        {"scope": {"domain": {"id": "default"}}, "role": {"id": "61f39a658f4445b1a3a6743228d72f8f"},
        "user": {"id": "3ba0fd3e3a3b4630bf2d57a881ace3e9"}, "links": {"assignment":
        "http://devstack.openstack.stack:35357/v3/domains/default/users/3ba0fd3e3a3b4630bf2d57a881ace3e9/roles/61f39a658f4445b1a3a6743228d72f8f"}},
        {"scope": {"domain": {"id": "260c87fb609c41f69a265240185c35da"}}, "role":
        {"id": "d98e5f87050646f194c8c23b9e3f2bca"}, "user": {"id": "a18abc2039d6493aa7239a42033cc7c9"},
        "links": {"assignment": "http://devstack.openstack.stack:35357/v3/domains/260c87fb609c41f69a265240185c35da/users/a18abc2039d6493aa7239a42033cc7c9/roles/d98e5f87050646f194c8c23b9e3f2bca"}},
        {"scope": {"domain": {"id": "default"}}, "role": {"id": "d98e5f87050646f194c8c23b9e3f2bca"},
        "user": {"id": "a18abc2039d6493aa7239a42033cc7c9"}, "links": {"assignment":
        "http://devstack.openstack.stack:35357/v3/domains/default/users/a18abc2039d6493aa7239a42033cc7c9/roles/d98e5f87050646f194c8c23b9e3f2bca"}}],
        "links": {"self": "http://devstack.openstack.stack:35357/v3/role_assignments", "previous":
        null, "next": null}}'
    http_version: 
  recorded_at: Wed, 28 Oct 2015 16:05:26 GMT
- request:
    method: head
    uri: http://devstack.openstack.stack:35357/v3/domains/default/users/3ba0fd3e3a3b4630bf2d57a881ace3e9/roles/61f39a658f4445b1a3a6743228d72f8f
    body:
      encoding: US-ASCII
      string: ''
    headers:
      User-Agent:
      - fog-core/1.32.1
      Proxy-Connection:
      - Keep-Alive
      Content-Type:
      - application/json
      Accept:
      - application/json
      X-Auth-Token:
      - e6b2788de4cb4562b55c8a7bb05e8444
  response:
    status:
      code: 204
      message: ''
    headers:
      Date:
      - Wed, 28 Oct 2015 16:05:46 GMT
      Server:
      - Apache/2.4.7 (Ubuntu)
      Vary:
      - X-Auth-Token
      X-Openstack-Request-Id:
      - req-95ed35b2-44c5-439f-9952-440cff3b004a
      X-Cache:
      - MISS from i056593-vagrant
      X-Cache-Lookup:
      - MISS from i056593-vagrant:3128
      Via:
      - 1.1 i056593-vagrant (squid/3.3.8)
      Connection:
      - keep-alive
    body:
      encoding: UTF-8
      string: ''
    http_version: 
  recorded_at: Wed, 28 Oct 2015 16:05:26 GMT
- request:
    method: delete
    uri: http://devstack.openstack.stack:35357/v3/domains/default/users/3ba0fd3e3a3b4630bf2d57a881ace3e9/roles/61f39a658f4445b1a3a6743228d72f8f
    body:
      encoding: US-ASCII
      string: ''
    headers:
      User-Agent:
      - fog-core/1.32.1
      Proxy-Connection:
      - Keep-Alive
      Content-Type:
      - application/json
      Accept:
      - application/json
      X-Auth-Token:
      - e6b2788de4cb4562b55c8a7bb05e8444
  response:
    status:
      code: 204
      message: ''
    headers:
      Date:
      - Wed, 28 Oct 2015 16:05:46 GMT
      Server:
      - Apache/2.4.7 (Ubuntu)
      Vary:
      - X-Auth-Token
      X-Openstack-Request-Id:
      - req-f1d9ea6e-073b-40a0-bf18-eedef66aea2e
      Content-Length:
      - '0'
      X-Cache:
      - MISS from i056593-vagrant
      X-Cache-Lookup:
      - MISS from i056593-vagrant:3128
      Via:
      - 1.1 i056593-vagrant (squid/3.3.8)
      Connection:
      - keep-alive
    body:
      encoding: UTF-8
      string: ''
    http_version: 
  recorded_at: Wed, 28 Oct 2015 16:05:26 GMT
- request:
    method: head
    uri: http://devstack.openstack.stack:35357/v3/domains/default/users/3ba0fd3e3a3b4630bf2d57a881ace3e9/roles/61f39a658f4445b1a3a6743228d72f8f
    body:
      encoding: US-ASCII
      string: ''
    headers:
      User-Agent:
      - fog-core/1.32.1
      Proxy-Connection:
      - Keep-Alive
      Content-Type:
      - application/json
      Accept:
      - application/json
      X-Auth-Token:
      - e6b2788de4cb4562b55c8a7bb05e8444
  response:
    status:
      code: 404
      message: ''
    headers:
      Date:
      - Wed, 28 Oct 2015 16:05:46 GMT
      Server:
      - Apache/2.4.7 (Ubuntu)
      Vary:
      - X-Auth-Token
      X-Openstack-Request-Id:
      - req-cc5295c0-750d-4745-ba2e-093460a84625
      Content-Length:
      - '212'
      Content-Type:
      - application/json
      X-Cache:
      - MISS from i056593-vagrant
      X-Cache-Lookup:
      - MISS from i056593-vagrant:3128
      Via:
      - 1.1 i056593-vagrant (squid/3.3.8)
      Connection:
      - keep-alive
    body:
      encoding: UTF-8
      string: ''
    http_version: 
  recorded_at: Wed, 28 Oct 2015 16:05:26 GMT
- request:
    method: delete
    uri: http://devstack.openstack.stack:35357/v3/users/3ba0fd3e3a3b4630bf2d57a881ace3e9
    body:
      encoding: US-ASCII
      string: ''
    headers:
      User-Agent:
      - fog-core/1.32.1
      Proxy-Connection:
      - Keep-Alive
      Content-Type:
      - application/json
      Accept:
      - application/json
      X-Auth-Token:
      - e6b2788de4cb4562b55c8a7bb05e8444
  response:
    status:
      code: 204
      message: ''
    headers:
      Date:
      - Wed, 28 Oct 2015 16:05:46 GMT
      Server:
      - Apache/2.4.7 (Ubuntu)
      Vary:
      - X-Auth-Token
      X-Openstack-Request-Id:
      - req-ac58b7e9-9c29-4c18-b62b-aa978c37d7b5
      Content-Length:
      - '0'
      X-Cache:
      - MISS from i056593-vagrant
      X-Cache-Lookup:
      - MISS from i056593-vagrant:3128
      Via:
      - 1.1 i056593-vagrant (squid/3.3.8)
      Connection:
      - keep-alive
    body:
      encoding: UTF-8
      string: ''
    http_version: 
  recorded_at: Wed, 28 Oct 2015 16:05:26 GMT
- request:
    method: delete
    uri: http://devstack.openstack.stack:35357/v3/roles/61f39a658f4445b1a3a6743228d72f8f
    body:
      encoding: US-ASCII
      string: ''
    headers:
      User-Agent:
      - fog-core/1.32.1
      Proxy-Connection:
      - Keep-Alive
      Content-Type:
      - application/json
      Accept:
      - application/json
      X-Auth-Token:
      - e6b2788de4cb4562b55c8a7bb05e8444
  response:
    status:
      code: 204
      message: ''
    headers:
      Date:
      - Wed, 28 Oct 2015 16:05:46 GMT
      Server:
      - Apache/2.4.7 (Ubuntu)
      Vary:
      - X-Auth-Token
      X-Openstack-Request-Id:
      - req-ca68e695-c9e4-4911-9a17-5d4a7c819a1b
      Content-Length:
      - '0'
      X-Cache:
      - MISS from i056593-vagrant
      X-Cache-Lookup:
      - MISS from i056593-vagrant:3128
      Via:
      - 1.1 i056593-vagrant (squid/3.3.8)
      Connection:
      - keep-alive
    body:
      encoding: UTF-8
      string: ''
    http_version: 
  recorded_at: Wed, 28 Oct 2015 16:05:26 GMT
recorded_with: VCR 2.9.3
