---
http_interactions:
- request:
    method: post
    uri: http://devstack.openstack.stack:35357/v3/domains
    body:
      encoding: UTF-8
      string: ! '{"domain":{"name":"foobar"}}'
    headers:
      User-Agent:
      - fog/1.31.0 fog-core/1.30.0
      Content-Type:
      - application/json
      Accept:
      - application/json
      X-Auth-Token:
      - 5bc6e7b91ec04cc4902e184255f1db67
  response:
    status:
      code: 201
      message: ''
    headers:
      Date:
      - Mon, 15 Jun 2015 17:44:48 GMT
      Server:
      - Apache/2.4.7 (Ubuntu)
      Vary:
      - X-Auth-Token
      X-Openstack-Request-Id:
      - req-2f8f9b71-2d96-4467-85c0-1f3c2c1c6618
      Content-Length:
      - '183'
      Content-Type:
      - application/json
    body:
      encoding: US-ASCII
      string: ! '{"domain": {"enabled": true, "id": "10ac566e68f2426da0ed632029fef8d9",
        "links": {"self": "http://devstack.openstack.stack:35357/v3/domains/10ac566e68f2426da0ed632029fef8d9"},
        "name": "foobar"}}'
    http_version: 
  recorded_at: Mon, 15 Jun 2015 17:44:48 GMT
- request:
    method: get
    uri: http://devstack.openstack.stack:35357/v3/domains?name=foobar&page=1&per_page=30
    body:
      encoding: US-ASCII
      string: ''
    headers:
      User-Agent:
      - fog/1.31.0 fog-core/1.30.0
      Content-Type:
      - application/json
      Accept:
      - application/json
      X-Auth-Token:
      - 5bc6e7b91ec04cc4902e184255f1db67
  response:
    status:
      code: 200
      message: ''
    headers:
      Date:
      - Mon, 15 Jun 2015 17:44:48 GMT
      Server:
      - Apache/2.4.7 (Ubuntu)
      Vary:
      - X-Auth-Token
      X-Openstack-Request-Id:
      - req-93c0aa5c-6019-4df8-a97f-ce93294e0a25
      Content-Length:
      - '310'
      Content-Type:
      - application/json
    body:
      encoding: US-ASCII
      string: ! '{"domains": [{"enabled": true, "id": "10ac566e68f2426da0ed632029fef8d9",
        "links": {"self": "http://devstack.openstack.stack:35357/v3/domains/10ac566e68f2426da0ed632029fef8d9"},
        "name": "foobar"}], "links": {"self": "http://devstack.openstack.stack:35357/v3/domains?name=foobar&page=1&per_page=30",
        "previous": null, "next": null}}'
    http_version: 
  recorded_at: Mon, 15 Jun 2015 17:44:48 GMT
- request:
    method: patch
    uri: http://devstack.openstack.stack:35357/v3/domains/10ac566e68f2426da0ed632029fef8d9
    body:
      encoding: UTF-8
      string: ! '{"domain":{"name":"baz","enabled":false}}'
    headers:
      User-Agent:
      - fog/1.31.0 fog-core/1.30.0
      Content-Type:
      - application/json
      Accept:
      - application/json
      X-Auth-Token:
      - 5bc6e7b91ec04cc4902e184255f1db67
  response:
    status:
      code: 200
      message: ''
    headers:
      Date:
      - Mon, 15 Jun 2015 17:44:48 GMT
      Server:
      - Apache/2.4.7 (Ubuntu)
      Vary:
      - X-Auth-Token
      X-Openstack-Request-Id:
      - req-88ced5e3-f369-48d7-9f9e-a79532bbdff8
      Content-Length:
      - '181'
      Content-Type:
      - application/json
    body:
      encoding: US-ASCII
      string: ! '{"domain": {"enabled": false, "id": "10ac566e68f2426da0ed632029fef8d9",
        "links": {"self": "http://devstack.openstack.stack:35357/v3/domains/10ac566e68f2426da0ed632029fef8d9"},
        "name": "baz"}}'
    http_version: 
  recorded_at: Mon, 15 Jun 2015 17:44:48 GMT
- request:
    method: get
    uri: http://devstack.openstack.stack:35357/v3/domains?name=baz&page=1&per_page=30
    body:
      encoding: US-ASCII
      string: ''
    headers:
      User-Agent:
      - fog/1.31.0 fog-core/1.30.0
      Content-Type:
      - application/json
      Accept:
      - application/json
      X-Auth-Token:
      - 5bc6e7b91ec04cc4902e184255f1db67
  response:
    status:
      code: 200
      message: ''
    headers:
      Date:
      - Mon, 15 Jun 2015 17:44:48 GMT
      Server:
      - Apache/2.4.7 (Ubuntu)
      Vary:
      - X-Auth-Token
      X-Openstack-Request-Id:
      - req-4e636f4b-71ef-427a-9d6b-4369889e2795
      Content-Length:
      - '305'
      Content-Type:
      - application/json
    body:
      encoding: US-ASCII
      string: ! '{"domains": [{"enabled": false, "id": "10ac566e68f2426da0ed632029fef8d9",
        "links": {"self": "http://devstack.openstack.stack:35357/v3/domains/10ac566e68f2426da0ed632029fef8d9"},
        "name": "baz"}], "links": {"self": "http://devstack.openstack.stack:35357/v3/domains?name=baz&page=1&per_page=30",
        "previous": null, "next": null}}'
    http_version: 
  recorded_at: Mon, 15 Jun 2015 17:44:48 GMT
- request:
    method: get
    uri: http://devstack.openstack.stack:35357/v3/domains?page=1&per_page=30
    body:
      encoding: US-ASCII
      string: ''
    headers:
      User-Agent:
      - fog/1.31.0 fog-core/1.30.0
      Content-Type:
      - application/json
      Accept:
      - application/json
      X-Auth-Token:
      - 5bc6e7b91ec04cc4902e184255f1db67
  response:
    status:
      code: 200
      message: ''
    headers:
      Date:
      - Mon, 15 Jun 2015 17:44:48 GMT
      Server:
      - Apache/2.4.7 (Ubuntu)
      Vary:
      - X-Auth-Token
      X-Openstack-Request-Id:
      - req-1854fd3d-581a-4b52-985b-b9bdd92a2e15
      Content-Length:
      - '507'
      Content-Type:
      - application/json
    body:
      encoding: US-ASCII
      string: ! '{"domains": [{"enabled": false, "id": "10ac566e68f2426da0ed632029fef8d9",
        "links": {"self": "http://devstack.openstack.stack:35357/v3/domains/10ac566e68f2426da0ed632029fef8d9"},
        "name": "baz"}, {"links": {"self": "http://devstack.openstack.stack:35357/v3/domains/default"},
        "enabled": true, "description": "Owns users and tenants (i.e. projects) available
        on Identity API v2.", "name": "Default", "id": "default"}], "links": {"self":
        "http://devstack.openstack.stack:35357/v3/domains?page=1&per_page=30", "previous": null,
        "next": null}}'
    http_version: 
  recorded_at: Mon, 15 Jun 2015 17:44:48 GMT
- request:
    method: patch
    uri: http://devstack.openstack.stack:35357/v3/domains/10ac566e68f2426da0ed632029fef8d9
    body:
      encoding: UTF-8
      string: ! '{"domain":{"enabled":false}}'
    headers:
      User-Agent:
      - fog/1.31.0 fog-core/1.30.0
      Content-Type:
      - application/json
      Accept:
      - application/json
      X-Auth-Token:
      - 5bc6e7b91ec04cc4902e184255f1db67
  response:
    status:
      code: 200
      message: ''
    headers:
      Date:
      - Mon, 15 Jun 2015 17:44:48 GMT
      Server:
      - Apache/2.4.7 (Ubuntu)
      Vary:
      - X-Auth-Token
      X-Openstack-Request-Id:
      - req-48c24365-41d3-448c-8ca0-d6710b4a1cfc
      Content-Length:
      - '181'
      Content-Type:
      - application/json
    body:
      encoding: US-ASCII
      string: ! '{"domain": {"enabled": false, "id": "10ac566e68f2426da0ed632029fef8d9",
        "links": {"self": "http://devstack.openstack.stack:35357/v3/domains/10ac566e68f2426da0ed632029fef8d9"},
        "name": "baz"}}'
    http_version: 
  recorded_at: Mon, 15 Jun 2015 17:44:48 GMT
- request:
    method: delete
    uri: http://devstack.openstack.stack:35357/v3/domains/10ac566e68f2426da0ed632029fef8d9
    body:
      encoding: US-ASCII
      string: ''
    headers:
      User-Agent:
      - fog/1.31.0 fog-core/1.30.0
      Content-Type:
      - application/json
      Accept:
      - application/json
      X-Auth-Token:
      - 5bc6e7b91ec04cc4902e184255f1db67
  response:
    status:
      code: 204
      message: ''
    headers:
      Date:
      - Mon, 15 Jun 2015 17:44:48 GMT
      Server:
      - Apache/2.4.7 (Ubuntu)
      Vary:
      - X-Auth-Token
      X-Openstack-Request-Id:
      - req-c889cb79-887d-447e-b812-694434692e53
      Content-Length:
      - '0'
    body:
      encoding: US-ASCII
      string: ''
    http_version: 
  recorded_at: Mon, 15 Jun 2015 17:44:48 GMT
- request:
    method: patch
    uri: http://devstack.openstack.stack:35357/v3/domains/10ac566e68f2426da0ed632029fef8d9
    body:
      encoding: UTF-8
      string: ! '{"domain":{"enabled":false}}'
    headers:
      User-Agent:
      - fog/1.31.0 fog-core/1.30.0
      Content-Type:
      - application/json
      Accept:
      - application/json
      X-Auth-Token:
      - 5bc6e7b91ec04cc4902e184255f1db67
  response:
    status:
      code: 404
      message: ''
    headers:
      Date:
      - Mon, 15 Jun 2015 17:44:48 GMT
      Server:
      - Apache/2.4.7 (Ubuntu)
      Vary:
      - X-Auth-Token
      X-Openstack-Request-Id:
      - req-832b9ebc-6ffa-468b-aa7f-b2c320cd257e
      Content-Length:
      - '116'
      Content-Type:
      - application/json
    body:
      encoding: US-ASCII
      string: ! '{"error": {"message": "Could not find domain: 10ac566e68f2426da0ed632029fef8d9",
        "code": 404, "title": "Not Found"}}'
    http_version: 
  recorded_at: Mon, 15 Jun 2015 17:44:48 GMT
- request:
    method: get
    uri: http://devstack.openstack.stack:35357/v3/domains?page=1&per_page=30
    body:
      encoding: US-ASCII
      string: ''
    headers:
      User-Agent:
      - fog/1.31.0 fog-core/1.30.0
      Content-Type:
      - application/json
      Accept:
      - application/json
      X-Auth-Token:
      - 5bc6e7b91ec04cc4902e184255f1db67
  response:
    status:
      code: 200
      message: ''
    headers:
      Date:
      - Mon, 15 Jun 2015 17:44:48 GMT
      Server:
      - Apache/2.4.7 (Ubuntu)
      Vary:
      - X-Auth-Token
      X-Openstack-Request-Id:
      - req-94716877-a491-4d5a-b93f-50760c3f0e83
      Content-Length:
      - '336'
      Content-Type:
      - application/json
    body:
      encoding: US-ASCII
      string: ! '{"domains": [{"links": {"self": "http://devstack.openstack.stack:35357/v3/domains/default"},
        "enabled": true, "description": "Owns users and tenants (i.e. projects) available
        on Identity API v2.", "name": "Default", "id": "default"}], "links": {"self":
        "http://devstack.openstack.stack:35357/v3/domains?page=1&per_page=30", "previous": null,
        "next": null}}'
    http_version: 
  recorded_at: Mon, 15 Jun 2015 17:44:48 GMT
- request:
    method: get
    uri: http://devstack.openstack.stack:35357/v3/domains/10ac566e68f2426da0ed632029fef8d9
    body:
      encoding: US-ASCII
      string: ''
    headers:
      User-Agent:
      - fog/1.31.0 fog-core/1.30.0
      Content-Type:
      - application/json
      Accept:
      - application/json
      X-Auth-Token:
      - 5bc6e7b91ec04cc4902e184255f1db67
  response:
    status:
      code: 404
      message: ''
    headers:
      Date:
      - Mon, 15 Jun 2015 17:44:48 GMT
      Server:
      - Apache/2.4.7 (Ubuntu)
      Vary:
      - X-Auth-Token
      X-Openstack-Request-Id:
      - req-0ca0e7c9-2643-4766-9ffc-0dc2d064cb4c
      Content-Length:
      - '116'
      Content-Type:
      - application/json
    body:
      encoding: US-ASCII
      string: ! '{"error": {"message": "Could not find domain: 10ac566e68f2426da0ed632029fef8d9",
        "code": 404, "title": "Not Found"}}'
    http_version: 
  recorded_at: Mon, 15 Jun 2015 17:44:48 GMT
- request:
    method: get
    uri: http://devstack.openstack.stack:35357/v3/domains?name=foobar&page=1&per_page=30
    body:
      encoding: US-ASCII
      string: ''
    headers:
      User-Agent:
      - fog/1.31.0 fog-core/1.30.0
      Content-Type:
      - application/json
      Accept:
      - application/json
      X-Auth-Token:
      - 5bc6e7b91ec04cc4902e184255f1db67
  response:
    status:
      code: 200
      message: ''
    headers:
      Date:
      - Mon, 15 Jun 2015 17:44:48 GMT
      Server:
      - Apache/2.4.7 (Ubuntu)
      Vary:
      - X-Auth-Token
      X-Openstack-Request-Id:
      - req-172995dd-dda7-43d0-8803-9acc841792aa
      Content-Length:
      - '139'
      Content-Type:
      - application/json
    body:
      encoding: US-ASCII
      string: ! '{"domains": [], "links": {"self": "http://devstack.openstack.stack:35357/v3/domains?name=foobar&page=1&per_page=30",
        "previous": null, "next": null}}'
    http_version: 
  recorded_at: Mon, 15 Jun 2015 17:44:48 GMT
- request:
    method: get
    uri: http://devstack.openstack.stack:35357/v3/domains?name=baz&page=1&per_page=30
    body:
      encoding: US-ASCII
      string: ''
    headers:
      User-Agent:
      - fog/1.31.0 fog-core/1.30.0
      Content-Type:
      - application/json
      Accept:
      - application/json
      X-Auth-Token:
      - 5bc6e7b91ec04cc4902e184255f1db67
  response:
    status:
      code: 200
      message: ''
    headers:
      Date:
      - Mon, 15 Jun 2015 17:44:48 GMT
      Server:
      - Apache/2.4.7 (Ubuntu)
      Vary:
      - X-Auth-Token
      X-Openstack-Request-Id:
      - req-d62336e2-9400-4da7-961b-a94b207cae5d
      Content-Length:
      - '136'
      Content-Type:
      - application/json
    body:
      encoding: US-ASCII
      string: ! '{"domains": [], "links": {"self": "http://devstack.openstack.stack:35357/v3/domains?name=baz&page=1&per_page=30",
        "previous": null, "next": null}}'
    http_version: 
  recorded_at: Mon, 15 Jun 2015 17:44:48 GMT
recorded_with: VCR 2.9.3
