---
http_interactions:
- request:
    method: get
    uri: http://devstack.openstack.stack:35357/v3/domains
    body:
      encoding: US-ASCII
      string: ''
    headers:
      User-Agent:
      - fog/1.32.0 fog-core/1.32.0
      Content-Type:
      - application/json
      Accept:
      - application/json
      X-Auth-Token:
      - 0c4458de5ba5446885c65b1dedfb2404
  response:
    status:
      code: 200
      message: ''
    headers:
      Date:
      - Wed, 15 Jul 2015 17:04:19 GMT
      Server:
      - Apache/2.4.7 (Ubuntu)
      Vary:
      - X-Auth-Token
      X-Openstack-Request-Id:
      - req-e0f93855-aa19-4594-9cef-a485dcd43aee
      Content-Length:
      - '317'
      Content-Type:
      - application/json
    body:
      encoding: US-ASCII
      string: ! '{"domains": [{"links": {"self": "http://devstack.openstack.stack:35357/v3/domains/default"},
        "enabled": true, "description": "Owns users and tenants (i.e. projects) available
        on Identity API v2.", "name": "Default", "id": "default"}], "links": {"self":
        "http://devstack.openstack.stack:35357/v3/domains", "previous": null, "next": null}}'
    http_version: 
  recorded_at: Wed, 15 Jul 2015 17:04:19 GMT
- request:
    method: post
    uri: http://devstack.openstack.stack:35357/v3/projects
    body:
      encoding: UTF-8
      string: ! '{"project":{"name":"p-foobar67"}}'
    headers:
      User-Agent:
      - fog/1.32.0 fog-core/1.32.0
      Content-Type:
      - application/json
      Accept:
      - application/json
      X-Auth-Token:
      - 0c4458de5ba5446885c65b1dedfb2404
  response:
    status:
      code: 201
      message: ''
    headers:
      Date:
      - Wed, 15 Jul 2015 17:04:19 GMT
      Server:
      - Apache/2.4.7 (Ubuntu)
      Vary:
      - X-Auth-Token
      X-Openstack-Request-Id:
      - req-6182a17b-0d69-4a7f-8504-3868192c76fc
      Content-Length:
      - '251'
      Content-Type:
      - application/json
    body:
      encoding: US-ASCII
      string: ! '{"project": {"description": "", "links": {"self": "http://devstack.openstack.stack:35357/v3/projects/f4d4e4ec09384303b1458c7de57de87b"},
        "enabled": true, "id": "f4d4e4ec09384303b1458c7de57de87b", "parent_id": null,
        "domain_id": "default", "name": "p-foobar67"}}'
    http_version: 
  recorded_at: Wed, 15 Jul 2015 17:04:19 GMT
- request:
    method: post
    uri: http://devstack.openstack.stack:35357/v3/projects
    body:
      encoding: UTF-8
      string: ! '{"project":{"name":"p-baz67","parent_id":"f4d4e4ec09384303b1458c7de57de87b"}}'
    headers:
      User-Agent:
      - fog/1.32.0 fog-core/1.32.0
      Content-Type:
      - application/json
      Accept:
      - application/json
      X-Auth-Token:
      - 0c4458de5ba5446885c65b1dedfb2404
  response:
    status:
      code: 201
      message: ''
    headers:
      Date:
      - Wed, 15 Jul 2015 17:04:19 GMT
      Server:
      - Apache/2.4.7 (Ubuntu)
      Vary:
      - X-Auth-Token
      X-Openstack-Request-Id:
      - req-04738235-b84e-4cfa-9468-c88633ff60f4
      Content-Length:
      - '278'
      Content-Type:
      - application/json
    body:
      encoding: US-ASCII
      string: ! '{"project": {"description": "", "links": {"self": "http://devstack.openstack.stack:35357/v3/projects/3e85f17ca99f46fb8d9fd4d4dbb5885b"},
        "enabled": true, "id": "3e85f17ca99f46fb8d9fd4d4dbb5885b", "parent_id": "f4d4e4ec09384303b1458c7de57de87b",
        "domain_id": "default", "name": "p-baz67"}}'
    http_version: 
  recorded_at: Wed, 15 Jul 2015 17:04:19 GMT
- request:
    method: get
    uri: http://devstack.openstack.stack:35357/v3/projects?name=p-baz67
    body:
      encoding: US-ASCII
      string: ''
    headers:
      User-Agent:
      - fog/1.32.0 fog-core/1.32.0
      Content-Type:
      - application/json
      Accept:
      - application/json
      X-Auth-Token:
      - 0c4458de5ba5446885c65b1dedfb2404
  response:
    status:
      code: 200
      message: ''
    headers:
      Date:
      - Wed, 15 Jul 2015 17:04:19 GMT
      Server:
      - Apache/2.4.7 (Ubuntu)
      Vary:
      - X-Auth-Token
      X-Openstack-Request-Id:
      - req-5d039774-4986-4bbb-8d96-640a9dc08208
      Content-Length:
      - '388'
      Content-Type:
      - application/json
    body:
      encoding: US-ASCII
      string: ! '{"links": {"self": "http://devstack.openstack.stack:35357/v3/projects?name=p-baz67",
        "previous": null, "next": null}, "projects": [{"description": "", "links":
        {"self": "http://devstack.openstack.stack:35357/v3/projects/3e85f17ca99f46fb8d9fd4d4dbb5885b"},
        "enabled": true, "id": "3e85f17ca99f46fb8d9fd4d4dbb5885b", "parent_id": "f4d4e4ec09384303b1458c7de57de87b",
        "domain_id": "default", "name": "p-baz67"}]}'
    http_version: 
  recorded_at: Wed, 15 Jul 2015 17:04:19 GMT
- request:
    method: post
    uri: http://devstack.openstack.stack:35357/v3/projects
    body:
      encoding: UTF-8
      string: ! '{"project":{"name":"p-boo67","parent_id":"f4d4e4ec09384303b1458c7de57de87b"}}'
    headers:
      User-Agent:
      - fog/1.32.0 fog-core/1.32.0
      Content-Type:
      - application/json
      Accept:
      - application/json
      X-Auth-Token:
      - 0c4458de5ba5446885c65b1dedfb2404
  response:
    status:
      code: 201
      message: ''
    headers:
      Date:
      - Wed, 15 Jul 2015 17:04:19 GMT
      Server:
      - Apache/2.4.7 (Ubuntu)
      Vary:
      - X-Auth-Token
      X-Openstack-Request-Id:
      - req-28e2ad86-b1fb-4c27-941c-a71620b3867a
      Content-Length:
      - '278'
      Content-Type:
      - application/json
    body:
      encoding: US-ASCII
      string: ! '{"project": {"description": "", "links": {"self": "http://devstack.openstack.stack:35357/v3/projects/8cf7a7f6156842c88d4ffd018e2cc7d2"},
        "enabled": true, "id": "8cf7a7f6156842c88d4ffd018e2cc7d2", "parent_id": "f4d4e4ec09384303b1458c7de57de87b",
        "domain_id": "default", "name": "p-boo67"}}'
    http_version: 
  recorded_at: Wed, 15 Jul 2015 17:04:19 GMT
- request:
    method: post
    uri: http://devstack.openstack.stack:35357/v3/projects
    body:
      encoding: UTF-8
      string: ! '{"project":{"name":"p-booboo67","parent_id":"8cf7a7f6156842c88d4ffd018e2cc7d2"}}'
    headers:
      User-Agent:
      - fog/1.32.0 fog-core/1.32.0
      Content-Type:
      - application/json
      Accept:
      - application/json
      X-Auth-Token:
      - 0c4458de5ba5446885c65b1dedfb2404
  response:
    status:
      code: 201
      message: ''
    headers:
      Date:
      - Wed, 15 Jul 2015 17:04:19 GMT
      Server:
      - Apache/2.4.7 (Ubuntu)
      Vary:
      - X-Auth-Token
      X-Openstack-Request-Id:
      - req-8f89e9e0-c9e8-415f-abc1-2337506849c0
      Content-Length:
      - '281'
      Content-Type:
      - application/json
    body:
      encoding: US-ASCII
      string: ! '{"project": {"description": "", "links": {"self": "http://devstack.openstack.stack:35357/v3/projects/5d94a8ce93ce4f67b767ec1a475858a0"},
        "enabled": true, "id": "5d94a8ce93ce4f67b767ec1a475858a0", "parent_id": "8cf7a7f6156842c88d4ffd018e2cc7d2",
        "domain_id": "default", "name": "p-booboo67"}}'
    http_version: 
  recorded_at: Wed, 15 Jul 2015 17:04:19 GMT
- request:
    method: get
    uri: http://devstack.openstack.stack:35357/v3/projects/f4d4e4ec09384303b1458c7de57de87b?subtree_as_ids
    body:
      encoding: US-ASCII
      string: ''
    headers:
      User-Agent:
      - fog/1.32.0 fog-core/1.32.0
      Content-Type:
      - application/json
      Accept:
      - application/json
      X-Auth-Token:
      - 0c4458de5ba5446885c65b1dedfb2404
  response:
    status:
      code: 200
      message: ''
    headers:
      Date:
      - Wed, 15 Jul 2015 17:04:19 GMT
      Server:
      - Apache/2.4.7 (Ubuntu)
      Vary:
      - X-Auth-Token
      X-Openstack-Request-Id:
      - req-989ba163-5ada-4cda-9ace-46614dd3572f
      Content-Length:
      - '386'
      Content-Type:
      - application/json
    body:
      encoding: US-ASCII
      string: ! '{"project": {"description": "", "links": {"self": "http://devstack.openstack.stack:35357/v3/projects/f4d4e4ec09384303b1458c7de57de87b"},
        "enabled": true, "subtree": {"3e85f17ca99f46fb8d9fd4d4dbb5885b": null, "8cf7a7f6156842c88d4ffd018e2cc7d2":
        {"5d94a8ce93ce4f67b767ec1a475858a0": null}}, "id": "f4d4e4ec09384303b1458c7de57de87b",
        "parent_id": null, "domain_id": "default", "name": "p-foobar67"}}'
    http_version: 
  recorded_at: Wed, 15 Jul 2015 17:04:19 GMT
- request:
    method: get
    uri: http://devstack.openstack.stack:35357/v3/projects/5d94a8ce93ce4f67b767ec1a475858a0?parents_as_ids
    body:
      encoding: US-ASCII
      string: ''
    headers:
      User-Agent:
      - fog/1.32.0 fog-core/1.32.0
      Content-Type:
      - application/json
      Accept:
      - application/json
      X-Auth-Token:
      - 0c4458de5ba5446885c65b1dedfb2404
  response:
    status:
      code: 200
      message: ''
    headers:
      Date:
      - Wed, 15 Jul 2015 17:04:19 GMT
      Server:
      - Apache/2.4.7 (Ubuntu)
      Vary:
      - X-Auth-Token
      X-Openstack-Request-Id:
      - req-9c1b5caa-24ba-4b97-a502-ae4fcace959b
      Content-Length:
      - '374'
      Content-Type:
      - application/json
    body:
      encoding: US-ASCII
      string: ! '{"project": {"description": "", "links": {"self": "http://devstack.openstack.stack:35357/v3/projects/5d94a8ce93ce4f67b767ec1a475858a0"},
        "enabled": true, "id": "5d94a8ce93ce4f67b767ec1a475858a0", "parent_id": "8cf7a7f6156842c88d4ffd018e2cc7d2",
        "parents": {"8cf7a7f6156842c88d4ffd018e2cc7d2": {"f4d4e4ec09384303b1458c7de57de87b":
        null}}, "domain_id": "default", "name": "p-booboo67"}}'
    http_version: 
  recorded_at: Wed, 15 Jul 2015 17:04:19 GMT
- request:
    method: delete
    uri: http://devstack.openstack.stack:35357/v3/projects/5d94a8ce93ce4f67b767ec1a475858a0
    body:
      encoding: US-ASCII
      string: ''
    headers:
      User-Agent:
      - fog/1.32.0 fog-core/1.32.0
      Content-Type:
      - application/json
      Accept:
      - application/json
      X-Auth-Token:
      - 0c4458de5ba5446885c65b1dedfb2404
  response:
    status:
      code: 204
      message: ''
    headers:
      Date:
      - Wed, 15 Jul 2015 17:04:19 GMT
      Server:
      - Apache/2.4.7 (Ubuntu)
      Vary:
      - X-Auth-Token
      X-Openstack-Request-Id:
      - req-507a4623-2feb-45df-9be8-90c792626373
      Content-Length:
      - '0'
    body:
      encoding: US-ASCII
      string: ''
    http_version: 
  recorded_at: Wed, 15 Jul 2015 17:04:19 GMT
- request:
    method: delete
    uri: http://devstack.openstack.stack:35357/v3/projects/8cf7a7f6156842c88d4ffd018e2cc7d2
    body:
      encoding: US-ASCII
      string: ''
    headers:
      User-Agent:
      - fog/1.32.0 fog-core/1.32.0
      Content-Type:
      - application/json
      Accept:
      - application/json
      X-Auth-Token:
      - 0c4458de5ba5446885c65b1dedfb2404
  response:
    status:
      code: 204
      message: ''
    headers:
      Date:
      - Wed, 15 Jul 2015 17:04:19 GMT
      Server:
      - Apache/2.4.7 (Ubuntu)
      Vary:
      - X-Auth-Token
      X-Openstack-Request-Id:
      - req-cc83f907-255b-47fe-80fc-e1258f418fd3
      Content-Length:
      - '0'
    body:
      encoding: US-ASCII
      string: ''
    http_version: 
  recorded_at: Wed, 15 Jul 2015 17:04:19 GMT
- request:
    method: delete
    uri: http://devstack.openstack.stack:35357/v3/projects/3e85f17ca99f46fb8d9fd4d4dbb5885b
    body:
      encoding: US-ASCII
      string: ''
    headers:
      User-Agent:
      - fog/1.32.0 fog-core/1.32.0
      Content-Type:
      - application/json
      Accept:
      - application/json
      X-Auth-Token:
      - 0c4458de5ba5446885c65b1dedfb2404
  response:
    status:
      code: 204
      message: ''
    headers:
      Date:
      - Wed, 15 Jul 2015 17:04:19 GMT
      Server:
      - Apache/2.4.7 (Ubuntu)
      Vary:
      - X-Auth-Token
      X-Openstack-Request-Id:
      - req-0b6e727a-2e27-4b98-ae7d-7c2bb3a77dcf
      Content-Length:
      - '0'
    body:
      encoding: US-ASCII
      string: ''
    http_version: 
  recorded_at: Wed, 15 Jul 2015 17:04:19 GMT
- request:
    method: delete
    uri: http://devstack.openstack.stack:35357/v3/projects/f4d4e4ec09384303b1458c7de57de87b
    body:
      encoding: US-ASCII
      string: ''
    headers:
      User-Agent:
      - fog/1.32.0 fog-core/1.32.0
      Content-Type:
      - application/json
      Accept:
      - application/json
      X-Auth-Token:
      - 0c4458de5ba5446885c65b1dedfb2404
  response:
    status:
      code: 204
      message: ''
    headers:
      Date:
      - Wed, 15 Jul 2015 17:04:19 GMT
      Server:
      - Apache/2.4.7 (Ubuntu)
      Vary:
      - X-Auth-Token
      X-Openstack-Request-Id:
      - req-61e57727-de9b-4e87-b18a-3f38323fc24c
      Content-Length:
      - '0'
    body:
      encoding: US-ASCII
      string: ''
    http_version: 
  recorded_at: Wed, 15 Jul 2015 17:04:20 GMT
- request:
    method: get
    uri: http://devstack.openstack.stack:35357/v3/projects
    body:
      encoding: US-ASCII
      string: ''
    headers:
      User-Agent:
      - fog/1.32.0 fog-core/1.32.0
      Content-Type:
      - application/json
      Accept:
      - application/json
      X-Auth-Token:
      - 0c4458de5ba5446885c65b1dedfb2404
  response:
    status:
      code: 200
      message: ''
    headers:
      Date:
      - Wed, 15 Jul 2015 17:04:19 GMT
      Server:
      - Apache/2.4.7 (Ubuntu)
      Vary:
      - X-Auth-Token
      X-Openstack-Request-Id:
      - req-01a34198-9bde-4fb4-87fb-278a8bac985b
      Content-Length:
      - '1070'
      Content-Type:
      - application/json
    body:
      encoding: US-ASCII
      string: ! '{"links": {"self": "http://devstack.openstack.stack:35357/v3/projects", "previous":
        null, "next": null}, "projects": [{"description": null, "links": {"self":
        "http://devstack.openstack.stack:35357/v3/projects/123ac695d4db400a9001b91bb3b8aa46"},
        "enabled": true, "id": "123ac695d4db400a9001b91bb3b8aa46", "parent_id": null,
        "domain_id": "default", "name": "admin"}, {"description": null, "links": {"self":
        "http://devstack.openstack.stack:35357/v3/projects/3e06db1f2ff64d219d27a3f6858bf602"},
        "enabled": true, "id": "3e06db1f2ff64d219d27a3f6858bf602", "parent_id": null,
        "domain_id": "default", "name": "invisible_to_admin"}, {"description": null,
        "links": {"self": "http://devstack.openstack.stack:35357/v3/projects/3ed7ee0512b641d3bb1fe17fc86d8bff"},
        "enabled": true, "id": "3ed7ee0512b641d3bb1fe17fc86d8bff", "parent_id": null,
        "domain_id": "default", "name": "demo"}, {"description": null, "links": {"self":
        "http://devstack.openstack.stack:35357/v3/projects/956fbf1d663b4d6fa9d26c4d78de113f"},
        "enabled": true, "id": "956fbf1d663b4d6fa9d26c4d78de113f", "parent_id": null,
        "domain_id": "default", "name": "service"}]}'
    http_version: 
  recorded_at: Wed, 15 Jul 2015 17:04:20 GMT
- request:
    method: get
    uri: http://devstack.openstack.stack:35357/v3/projects/f4d4e4ec09384303b1458c7de57de87b
    body:
      encoding: US-ASCII
      string: ''
    headers:
      User-Agent:
      - fog/1.32.0 fog-core/1.32.0
      Content-Type:
      - application/json
      Accept:
      - application/json
      X-Auth-Token:
      - 0c4458de5ba5446885c65b1dedfb2404
  response:
    status:
      code: 404
      message: ''
    headers:
      Date:
      - Wed, 15 Jul 2015 17:04:19 GMT
      Server:
      - Apache/2.4.7 (Ubuntu)
      Vary:
      - X-Auth-Token
      X-Openstack-Request-Id:
      - req-817fc2fe-6094-4849-b0e6-667389b4de03
      Content-Length:
      - '117'
      Content-Type:
      - application/json
    body:
      encoding: US-ASCII
      string: ! '{"error": {"message": "Could not find project: f4d4e4ec09384303b1458c7de57de87b",
        "code": 404, "title": "Not Found"}}'
    http_version: 
  recorded_at: Wed, 15 Jul 2015 17:04:20 GMT
- request:
    method: get
    uri: http://devstack.openstack.stack:35357/v3/projects?name=p-foobar67
    body:
      encoding: US-ASCII
      string: ''
    headers:
      User-Agent:
      - fog/1.32.0 fog-core/1.32.0
      Content-Type:
      - application/json
      Accept:
      - application/json
      X-Auth-Token:
      - 0c4458de5ba5446885c65b1dedfb2404
  response:
    status:
      code: 200
      message: ''
    headers:
      Date:
      - Wed, 15 Jul 2015 17:04:19 GMT
      Server:
      - Apache/2.4.7 (Ubuntu)
      Vary:
      - X-Auth-Token
      X-Openstack-Request-Id:
      - req-a0fd589a-c811-47c9-9392-dbd0fa41b8d5
      Content-Length:
      - '126'
      Content-Type:
      - application/json
    body:
      encoding: US-ASCII
      string: ! '{"links": {"self": "http://devstack.openstack.stack:35357/v3/projects?name=p-foobar67",
        "previous": null, "next": null}, "projects": []}'
    http_version: 
  recorded_at: Wed, 15 Jul 2015 17:04:20 GMT
- request:
    method: get
    uri: http://devstack.openstack.stack:35357/v3/projects?name=p-baz67
    body:
      encoding: US-ASCII
      string: ''
    headers:
      User-Agent:
      - fog/1.32.0 fog-core/1.32.0
      Content-Type:
      - application/json
      Accept:
      - application/json
      X-Auth-Token:
      - 0c4458de5ba5446885c65b1dedfb2404
  response:
    status:
      code: 200
      message: ''
    headers:
      Date:
      - Wed, 15 Jul 2015 17:04:19 GMT
      Server:
      - Apache/2.4.7 (Ubuntu)
      Vary:
      - X-Auth-Token
      X-Openstack-Request-Id:
      - req-64ba076b-e396-4e83-8b10-6233901200a8
      Content-Length:
      - '123'
      Content-Type:
      - application/json
    body:
      encoding: US-ASCII
      string: ! '{"links": {"self": "http://devstack.openstack.stack:35357/v3/projects?name=p-baz67",
        "previous": null, "next": null}, "projects": []}'
    http_version: 
  recorded_at: Wed, 15 Jul 2015 17:04:20 GMT
- request:
    method: get
    uri: http://devstack.openstack.stack:35357/v3/projects?name=p-boo67
    body:
      encoding: US-ASCII
      string: ''
    headers:
      User-Agent:
      - fog/1.32.0 fog-core/1.32.0
      Content-Type:
      - application/json
      Accept:
      - application/json
      X-Auth-Token:
      - 0c4458de5ba5446885c65b1dedfb2404
  response:
    status:
      code: 200
      message: ''
    headers:
      Date:
      - Wed, 15 Jul 2015 17:04:19 GMT
      Server:
      - Apache/2.4.7 (Ubuntu)
      Vary:
      - X-Auth-Token
      X-Openstack-Request-Id:
      - req-070938a9-1227-4a31-83a2-f84b8b783498
      Content-Length:
      - '123'
      Content-Type:
      - application/json
    body:
      encoding: US-ASCII
      string: ! '{"links": {"self": "http://devstack.openstack.stack:35357/v3/projects?name=p-boo67",
        "previous": null, "next": null}, "projects": []}'
    http_version: 
  recorded_at: Wed, 15 Jul 2015 17:04:20 GMT
- request:
    method: get
    uri: http://devstack.openstack.stack:35357/v3/projects?name=p-booboo67
    body:
      encoding: US-ASCII
      string: ''
    headers:
      User-Agent:
      - fog/1.32.0 fog-core/1.32.0
      Content-Type:
      - application/json
      Accept:
      - application/json
      X-Auth-Token:
      - 0c4458de5ba5446885c65b1dedfb2404
  response:
    status:
      code: 200
      message: ''
    headers:
      Date:
      - Wed, 15 Jul 2015 17:04:20 GMT
      Server:
      - Apache/2.4.7 (Ubuntu)
      Vary:
      - X-Auth-Token
      X-Openstack-Request-Id:
      - req-1a3797ce-7e67-4692-972a-a79b8070a7ab
      Content-Length:
      - '126'
      Content-Type:
      - application/json
    body:
      encoding: US-ASCII
      string: ! '{"links": {"self": "http://devstack.openstack.stack:35357/v3/projects?name=p-booboo67",
        "previous": null, "next": null}, "projects": []}'
    http_version: 
  recorded_at: Wed, 15 Jul 2015 17:04:20 GMT
recorded_with: VCR 2.9.3
